Archive member included to satisfy reference by file (symbol)

C:/xpack-riscv-none-elf-gcc-14.2.0-3/bin/../lib/gcc/riscv-none-elf/14.2.0/rv32imc/ilp32\libgcc.a(gesf2.o)
                              build/led_mono_drv.o (__gtsf2)
C:/xpack-riscv-none-elf-gcc-14.2.0-3/bin/../lib/gcc/riscv-none-elf/14.2.0/rv32imc/ilp32\libgcc.a(fixunssfsi.o)
                              build/led_mono_drv.o (__fixunssfsi)
C:/xpack-riscv-none-elf-gcc-14.2.0-3/bin/../lib/gcc/riscv-none-elf/14.2.0/rv32imc/ilp32\libgcc.a(floatunsisf.o)
                              build/led_drv.o (__floatunsisf)
C:/xpack-riscv-none-elf-gcc-14.2.0-3/bin/../lib/gcc/riscv-none-elf/14.2.0/rv32imc/ilp32\libgcc.a(truncdfsf2.o)
                              build/led_drv.o (__truncdfsf2)
C:/xpack-riscv-none-elf-gcc-14.2.0-3/bin/../lib/gcc/riscv-none-elf/14.2.0/rv32imc/ilp32\libgcc.a(_clzsi2.o)
                              C:/xpack-riscv-none-elf-gcc-14.2.0-3/bin/../lib/gcc/riscv-none-elf/14.2.0/rv32imc/ilp32\libgcc.a(floatunsisf.o) (__clzsi2)
C:/xpack-riscv-none-elf-gcc-14.2.0-3/bin/../lib/gcc/riscv-none-elf/14.2.0/rv32imc/ilp32\libgcc.a(_clz.o)
                              C:/xpack-riscv-none-elf-gcc-14.2.0-3/bin/../lib/gcc/riscv-none-elf/14.2.0/rv32imc/ilp32\libgcc.a(_clzsi2.o) (__clz_tab)

Discarded input sections

 .group         0x00000000        0xc build/microcontroller_drv.o
 .group         0x00000000        0xc build/microcontroller_drv.o
 .group         0x00000000        0xc build/microcontroller_drv.o
 .group         0x00000000        0xc build/microcontroller_drv.o
 .group         0x00000000        0xc build/microcontroller_drv.o
 .group         0x00000000        0xc build/microcontroller_drv.o
 .group         0x00000000        0xc build/microcontroller_drv.o
 .group         0x00000000        0xc build/microcontroller_drv.o
 .group         0x00000000        0xc build/microcontroller_drv.o
 .group         0x00000000        0xc build/microcontroller_drv.o
 .group         0x00000000        0xc build/microcontroller_drv.o
 .group         0x00000000        0xc build/microcontroller_drv.o
 .group         0x00000000        0xc build/microcontroller_drv.o
 .group         0x00000000        0xc build/microcontroller_drv.o
 .group         0x00000000        0xc build/microcontroller_drv.o
 .group         0x00000000        0xc build/microcontroller_drv.o
 .group         0x00000000        0xc build/microcontroller_drv.o
 .group         0x00000000        0xc build/microcontroller_drv.o
 .group         0x00000000        0xc build/microcontroller_drv.o
 .group         0x00000000        0xc build/microcontroller_drv.o
 .group         0x00000000        0xc build/microcontroller_drv.o
 .group         0x00000000        0xc build/microcontroller_drv.o
 .group         0x00000000        0xc build/microcontroller_drv.o
 .group         0x00000000        0xc build/microcontroller_drv.o
 .group         0x00000000        0xc build/microcontroller_drv.o
 .group         0x00000000        0xc build/microcontroller_drv.o
 .group         0x00000000        0xc build/microcontroller_drv.o
 .group         0x00000000        0xc build/microcontroller_drv.o
 .group         0x00000000        0xc build/microcontroller_drv.o
 .group         0x00000000        0xc build/microcontroller_drv.o
 .group         0x00000000        0xc build/microcontroller_drv.o
 .text          0x00000000        0x0 build/microcontroller_drv.o
 .data          0x00000000        0x0 build/microcontroller_drv.o
 .bss           0x00000000        0x0 build/microcontroller_drv.o
 .text.mcu_phy_assress_classify
                0x00000000       0x36 build/microcontroller_drv.o
 .text.mcu_get_prev_pin
                0x00000000        0x4 build/microcontroller_drv.o
 .text.mcu_get_next_pin
                0x00000000        0x4 build/microcontroller_drv.o
 .text.mcu_get_up_pin
                0x00000000        0x4 build/microcontroller_drv.o
 .text.mcu_get_down_pin
                0x00000000        0x4 build/microcontroller_drv.o
 .text.mcu_get_right_pin
                0x00000000        0x4 build/microcontroller_drv.o
 .text.mcu_get_left_pin
                0x00000000        0x4 build/microcontroller_drv.o
 .text.mcu_is_text_addr
                0x00000000        0x4 build/microcontroller_drv.o
 .debug_info    0x00000000      0x3d1 build/microcontroller_drv.o
 .debug_abbrev  0x00000000      0x1c6 build/microcontroller_drv.o
 .debug_loclists
                0x00000000       0x6f build/microcontroller_drv.o
 .debug_aranges
                0x00000000       0x58 build/microcontroller_drv.o
 .debug_rnglists
                0x00000000       0x3d build/microcontroller_drv.o
 .debug_macro   0x00000000      0x277 build/microcontroller_drv.o
 .debug_macro   0x00000000      0x8fe build/microcontroller_drv.o
 .debug_macro   0x00000000       0x22 build/microcontroller_drv.o
 .debug_macro   0x00000000      0x34e build/microcontroller_drv.o
 .debug_macro   0x00000000       0xe2 build/microcontroller_drv.o
[...]
Memory Configuration

Name             Origin             Length             Attributes
eeprom           0x01000000         0x00002000         xr
ram              0x02000000         0x00004000         xrw
*default*        0x00000000         0xffffffff

Linker script and memory map

LOAD build/microcontroller_drv.o
LOAD build/core_driver.o
LOAD build/rv32imc_driver.o
LOAD build/clock_general.o
LOAD build/gpio_general.o
LOAD build/interrupt_general.o
LOAD build/spifi_general.o
LOAD build/mik32_it.o
LOAD build/hal_mcal.o
LOAD build/clock.o
LOAD build/gpio_mcal.o
LOAD build/interrupt_mcal.o
LOAD build/spifi_mcal.o
LOAD build/mbr_drv.o
LOAD build/boot_driver.o
LOAD build/led_drv.o
LOAD build/led_mono_drv.o
LOAD build/super_cycle.o
LOAD build/super_cycle_config.o
LOAD build/system.o
LOAD build/w25q32jv_drv.o
LOAD build/common_functions.o
LOAD build/main.o
LOAD build/boot_config.o
LOAD build/clock_config.o
LOAD build/interrupt_config.o
LOAD build/mbr_config.o
LOAD build/board_api.o
LOAD build/gpio_config.o
LOAD build/led_mono_config.o
LOAD build/spifi_config.o
LOAD build/w25q32jv_config.o
LOAD build/k1948bk018.o
LOAD build/mik32_hal.o
LOAD build/mik32_hal_pcc.o
LOAD build/mik32_hal_spifi.o
LOAD build/mik32_hal_gpio.o
LOAD build/mik32_hal_irq.o
LOAD build/crt0.o
LOAD C:/xpack-riscv-none-elf-gcc-14.2.0-3/bin/../lib/gcc/riscv-none-elf/14.2.0/rv32imc/ilp32\libgcc.a
START GROUP
LOAD C:/xpack-riscv-none-elf-gcc-14.2.0-3/bin/../lib/gcc/riscv-none-elf/14.2.0/../../../../riscv-none-elf/lib/rv32imc/ilp32\libc.a
END GROUP
LOAD C:/xpack-riscv-none-elf-gcc-14.2.0-3/bin/../lib/gcc/riscv-none-elf/14.2.0/rv32imc/ilp32\libgcc.a
START GROUP
LOAD C:/xpack-riscv-none-elf-gcc-14.2.0-3/bin/../lib/gcc/riscv-none-elf/14.2.0/rv32imc/ilp32\libgcc.a
LOAD C:/xpack-riscv-none-elf-gcc-14.2.0-3/bin/../lib/gcc/riscv-none-elf/14.2.0/../../../../riscv-none-elf/lib/rv32imc/ilp32\libc.a
LOAD C:/xpack-riscv-none-elf-gcc-14.2.0-3/bin/../lib/gcc/riscv-none-elf/14.2.0/../../../../riscv-none-elf/lib/rv32imc/ilp32\libnosys.a
END GROUP
                0x00001000                        __stack_size = 0x1000
                0x00000004                        SECTION_ALIGNMENT = 0x4

.startup        0x01000000       0xb8
 *crt0.o(.text .text.*)
 .text          0x01000000       0xb8 build/crt0.o
                0x01000000                _start
                0x010000b6                SystemInit
                0x010000b6                SmallSystemInit

.ram_text       0x02000000      0x158 load address 0x010000b8
                0x02000000                        PROVIDE (__RAM_TEXT_START__ = .)
 *(.small_ram_text)
                0x020000c0                        . = (ORIGIN (REGION_RAM) + 0xc0)
 *fill*         0x02000000       0xc0 
                0x020000c0                        PROVIDE (__TRAP_TEXT_START__ = .)
 *crt0.o(.trap_text)
 .trap_text     0x020000c0       0x98 build/crt0.o
                0x020000c0                trap_entry
                0x020000c4                raw_trap_handler
 *(.trap_text)
 *(.ram_text)
                0x02000158                        . = ALIGN (0x4)
                [!provide]                        PROVIDE (__RAM_TEXT_END__ = .)
                0x010000b8                        __RAM_TEXT_IMAGE_START__ = LOADADDR (.ram_text)
                0x01000210                        __RAM_TEXT_IMAGE_END__ = (LOADADDR (.ram_text) + SIZEOF (.ram_text))
                0x00000001                        ASSERT ((__RAM_TEXT_IMAGE_END__ < (ORIGIN (REGION_TEXT) + LENGTH (REGION_TEXT))), REGION_TEXT segment overflows)

.text           0x01000210     0x1184
                [!provide]                        PROVIDE (__TEXT_START__ = .)
 *(.text.SmallSystemInit)
 *(.text)
 *(.text.*)
 .text.rv32imc_boot_addr
                0x01000210       0x16 build/rv32imc_driver.o
                0x01000210                rv32imc_boot_addr
 .text.gpio_mcal_init
                0x01000226       0x5c build/gpio_general.o
                0x01000226                gpio_mcal_init
 .text.interrupt_mcal_init
                0x01000282       0x48 build/interrupt_general.o
                0x01000282                interrupt_mcal_init
 .text.SpiFiGetNode
                0x010002ca       0x4c build/spifi_general.o
                0x010002ca                SpiFiGetNode
 .text.SpiFiGetConfig
                0x01000316       0x58 build/spifi_general.o
                0x01000316                SpiFiGetConfig
 .text.spifi_mcal_init
                0x0100036e       0x24 build/spifi_general.o
                0x0100036e                spifi_mcal_init
 .text.trap_handler
                0x01000392       0x16 build/mik32_it.o
                0x01000392                trap_handler
 .text.MIK32_HalRetToRes
                0x010003a8        0x6 build/hal_mcal.o
                0x010003a8                MIK32_HalRetToRes
 .text.gpio_clock_init
                0x010003ae        0x4 build/gpio_mcal.o
                0x010003ae                gpio_clock_init
 .text.gpio_logic_level_set
                0x010003b2       0x56 build/gpio_mcal.o
                0x010003b2                gpio_logic_level_set
 .text.gpio_init_custom
                0x01000408       0x14 build/gpio_mcal.o
                0x01000408                gpio_init_custom
 .text.gpio_pin_mux_set
                0x0100041c       0x8a build/gpio_mcal.o
                0x0100041c                gpio_pin_mux_set
 .text.gpio_pull_set
                0x010004a6       0xa8 build/gpio_mcal.o
                0x010004a6                gpio_pull_set
 .text.gpio_init_one
                0x0100054e       0xea build/gpio_mcal.o
                0x0100054e                gpio_init_one
 .text.interrupt_enable
                0x01000638       0x18 build/interrupt_mcal.o
                0x01000638                interrupt_enable
 .text.interrupt_disable
                0x01000650       0x10 build/interrupt_mcal.o
                0x01000650                interrupt_disable
 .text.interrupt_control
                0x01000660       0x46 build/interrupt_mcal.o
                0x01000660                interrupt_control
 .text.interrupt_init_custom
                0x010006a6        0x4 build/interrupt_mcal.o
                0x010006a6                interrupt_init_custom
 .text.SpiFiCacheCtrlToCacheEnable
                0x010006aa        0x2 build/spifi_mcal.o
                0x010006aa                SpiFiCacheCtrlToCacheEnable
 .text.SpiFiGetInfo
                0x010006ac       0x10 build/spifi_mcal.o
                0x010006ac                SpiFiGetInfo
 .text.spifi_init_custom
                0x010006bc       0x18 build/spifi_mcal.o
                0x010006bc                spifi_init_custom
 .text.spifi_init_one
                0x010006d4       0x60 build/spifi_mcal.o
                0x010006d4                spifi_init_one
 .text.mbr_init
                0x01000734       0x30 build/mbr_drv.o
                0x01000734                mbr_init
 .text.mbr_proc
                0x01000764       0x3e build/mbr_drv.o
                0x01000764                mbr_proc
 .text.boot_jump_to_code
                0x010007a2        0xc build/boot_driver.o
                0x010007a2                boot_jump_to_code
 .text.LedMonoGetNode
                0x010007ae       0x64 build/led_mono_drv.o
                0x010007ae                LedMonoGetNode
 .text.led_mono_ctrl
                0x01000812       0x92 build/led_mono_drv.o
                0x01000812                led_mono_ctrl
 .text.led_mono_mcal_init
                0x010008a4      0x124 build/led_mono_drv.o
                0x010008a4                led_mono_mcal_init
 .text.super_cycle_iteration
                0x010009c8       0xbc build/super_cycle.o
                0x010009c8                super_cycle_iteration
 .text.super_cycle_init
                0x01000a84       0x20 build/super_cycle.o
                0x01000a84                super_cycle_init
 .text.super_cycle_start
                0x01000aa4       0x26 build/super_cycle.o
                0x01000aa4                super_cycle_start
 .text.system_init
                0x01000aca       0x52 build/system.o
                0x01000aca                system_init
 .text.w25q32jv_write_enable
                0x01000b1c       0x6e build/w25q32jv_drv.o
                0x01000b1c                w25q32jv_write_enable
 .text.w25q32jv_read_reg
                0x01000b8a       0xa0 build/w25q32jv_drv.o
                0x01000b8a                w25q32jv_read_reg
 .text.w25q32jv_write_regs
                0x01000c2a       0xc4 build/w25q32jv_drv.o
                0x01000c2a                w25q32jv_write_regs
 .text.w25q32jv_mcal_init
                0x01000cee       0xcc build/w25q32jv_drv.o
                0x01000cee                w25q32jv_mcal_init
 .text.super_cycle_proc
                0x01000dba        0x2 build/common_functions.o
                0x01000dba                super_cycle_proc
 .text.try_init
                0x01000dbc        0x2 build/common_functions.o
                0x01000dbc                try_init
 .text.main     0x01000dbe       0x18 build/main.o
                0x01000dbe                main
 .text.clock_init
                0x01000dd6       0x68 build/clock_config.o
                0x01000dd6                clock_init
 .text.interrupt_get_cnt
                0x01000e3e        0x4 build/interrupt_config.o
                0x01000e3e                interrupt_get_cnt
 .text.board_init
                0x01000e42        0x4 build/board_api.o
                0x01000e42                board_init
 .text.board_init_xip
                0x01000e46       0xca build/board_api.o
                0x01000e46                board_init_xip
 .text.application_mcal_init
                0x01000f10       0x18 build/board_api.o
                0x01000f10                application_mcal_init
 .text.gpio_get_cnt
                0x01000f28        0x4 build/gpio_config.o
                0x01000f28                gpio_get_cnt
 .text.led_mono_get_cnt
                0x01000f2c        0x4 build/led_mono_config.o
                0x01000f2c                led_mono_get_cnt
 .text.spifi_get_cnt
                0x01000f30        0x4 build/spifi_config.o
                0x01000f30                spifi_get_cnt
 .text.w25q32jv_get_cnt
                0x01000f34        0x4 build/w25q32jv_config.o
                0x01000f34                w25q32jv_get_cnt
 .text.HAL_PCC_OscEnable
                0x01000f38       0x50 build/mik32_hal_pcc.o
                0x01000f38                HAL_PCC_OscEnable
 .text.HAL_SPIFI_MspInit
                0x01000f88       0x5e build/mik32_hal_spifi.o
                0x01000f88                HAL_SPIFI_MspInit
 .text.HAL_SPIFI_MemoryMode_Init
                0x01000fe6       0x66 build/mik32_hal_spifi.o
                0x01000fe6                HAL_SPIFI_MemoryMode_Init
 .text.HAL_SPIFI_SendCommand_LL
                0x0100104c       0xa4 build/mik32_hal_spifi.o
                0x0100104c                HAL_SPIFI_SendCommand_LL
 .text.HAL_SPIFI_Reset
                0x010010f0        0x8 build/mik32_hal_spifi.o
                0x010010f0                HAL_SPIFI_Reset
 .text.HAL_GPIO_Init
                0x010010f8      0x102 build/mik32_hal_gpio.o
                0x010010f8                HAL_GPIO_Init
 .text.HAL_GPIO_WritePin
                0x010011fa        0xa build/mik32_hal_gpio.o
                0x010011fa                HAL_GPIO_WritePin
 .text.HAL_IRQ_EnableInterrupts
                0x01001204       0x10 build/mik32_hal_irq.o
                0x01001204                HAL_IRQ_EnableInterrupts
 .text.HAL_IRQ_DisableInterrupts
                0x01001214       0x18 build/mik32_hal_irq.o
                0x01001214                HAL_IRQ_DisableInterrupts
 .text.HAL_EPIC_MaskEdgeSet
                0x0100122c       0x10 build/mik32_hal_irq.o
                0x0100122c                HAL_EPIC_MaskEdgeSet
 .text.HAL_EPIC_MaskEdgeClear
                0x0100123c       0x10 build/mik32_hal_irq.o
                0x0100123c                HAL_EPIC_MaskEdgeClear
 .text.HAL_EPIC_MaskLevelSet
                0x0100124c        0xa build/mik32_hal_irq.o
                0x0100124c                HAL_EPIC_MaskLevelSet
 .text.HAL_EPIC_MaskLevelClear
                0x01001256        0xa build/mik32_hal_irq.o
                0x01001256                HAL_EPIC_MaskLevelClear
 *(.gnu.linkonce.t.*)
 *(.rodata)
 *(.rodata.*)
 .rodata.GpioInfo
                0x01001260       0x18 build/gpio_mcal.o
 .rodata.SpiFiInfo
                0x01001278       0x10 build/spifi_mcal.o
 .rodata.SystemInitInstance
                0x01001288       0x28 build/system.o
                0x01001288                SystemInitInstance
 .rodata.main.str1.4
                0x010012b0        0x4 build/main.o
 .rodata.InterruptConfig
                0x010012b4       0x18 build/interrupt_config.o
                0x010012b4                InterruptConfig
 .rodata.GpioConfig
                0x010012cc       0x80 build/gpio_config.o
                0x010012cc                GpioConfig
 .rodata.LedMonoConfig
                0x0100134c       0x38 build/led_mono_config.o
                0x0100134c                LedMonoConfig
 .rodata.SpiFiConfig
                0x01001384       0x10 build/spifi_config.o
                0x01001384                SpiFiConfig
 *(.gnu.linkonce.r.*)
                0x01001394                        . = ALIGN (0x4)
                [!provide]                        PROVIDE (__TEXT_END__ = .)

.tdata          0x02000158        0x0 load address 0x01001394
                [!provide]                        PROVIDE (_tls_data = .)
                [!provide]                        PROVIDE (_tdata_start = .)
 *(.tdata .tdata.*)
 *(.gnu.linkonce.td.*)
                0x02000158                        . = ALIGN (0x4)
                [!provide]                        PROVIDE (_tdata_end = .)

.tbss           0x02000158        0x0 load address 0x01001394
                [!provide]                        PROVIDE (_tbss_start = .)
 *(.tbss .tbss.*)
 *(.gnu.linkonce.tb.*)
                0x02000158                        . = ALIGN (0x4)
                [!provide]                        PROVIDE (_tbss_end = .)
                0x01001394                        __TDATA_IMAGE_START__ = LOADADDR (.tdata)
                0x01001394                        __TDATA_IMAGE_END__ = (LOADADDR (.tdata) + SIZEOF (.tdata))

.data           0x02000158       0x7c load address 0x01001394
                0x02000158                        PROVIDE (__DATA_START__ = .)
 *(.data .data.*)
 .data.LedMonoInstance
                0x02000158       0x48 build/led_mono_config.o
                0x02000158                LedMonoInstance
 .data.SpiFiInstance
                0x020001a0       0x28 build/spifi_config.o
                0x020001a0                SpiFiInstance
 .data.W25q32jvInstance
                0x020001c8        0xa build/w25q32jv_config.o
                0x020001c8                W25q32jvInstance
 *(.gnu.linkonce.d.*)
                0x020001d4                        . = ALIGN (0x4)
 *fill*         0x020001d2        0x2 
                [!provide]                        PROVIDE (__DATA_END__ = .)

.sdata          0x020001d4        0x8 load address 0x01001410
                0x020001d4                        PROVIDE (__SDATA_START__ = .)
 *(.sdata .sdata.* .sdata2.* .gnu.linkonce.s.*)
 .sdata.MbrInstance
                0x020001d4        0x8 build/mbr_config.o
                0x020001d4                MbrInstance

.srodata        0x020001dc        0xf load address 0x01001418
                [!provide]                        PROVIDE (__SRODATA_START__ = .)
 *(.srodata.cst16)
 *(.srodata.cst8)
 *(.srodata.cst4)
 .srodata.cst4  0x020001dc        0x4 build/mbr_drv.o
 *(.srodata.cst2)
 *(.srodata*)
 .srodata.MbrConfig
                0x020001e0        0x4 build/mbr_config.o
                0x020001e0                MbrConfig
 .srodata.W25q32jvConfig
                0x020001e4        0x7 build/w25q32jv_config.o
                0x020001e4                W25q32jvConfig
                0x01001394                        __DATA_IMAGE_START__ = LOADADDR (.data)
                0x01001427                        __DATA_IMAGE_END__ = (LOADADDR (.srodata) + SIZEOF (.srodata))

.rela.dyn       0x020001ec        0x0 load address 0x01001427
 .rela.rodata.SystemInitInstance
                0x020001ec        0x0 build/rv32imc_driver.o
 .rela.text     0x020001ec        0x0 build/rv32imc_driver.o
 .rela.trap_text
                0x020001ec        0x0 build/rv32imc_driver.o

.sbss           0x020001ec        0x8 load address 0x01001428
                0x020001ec                        PROVIDE (__SBSS_START__ = .)
 *(.sbss .sbss.*)
 .sbss.int_cnt  0x020001ec        0x4 build/mik32_it.o
                0x020001ec                int_cnt
 .sbss.System   0x020001f0        0x2 build/system.o
                0x020001f0                System
 *(.gnu.linkonce.sb.*)
 *(.scommon)
                0x020001f4                        . = ALIGN (0x4)
 *fill*         0x020001f2        0x2 
                [!provide]                        PROVIDE (__SBSS_END__ = .)

.bss            0x020001f8       0x48 load address 0x01001428
                [!provide]                        PROVIDE (__BSS_START__ = .)
 *(.bss .bss.*)
 .bss.SuperCycle
                0x020001f8       0x48 build/super_cycle_config.o
                0x020001f8                SuperCycle
 *(.gnu.linkonce.b.*)
 *(COMMON)
                0x02000240                        . = ALIGN (0x4)
                0x02000240                        PROVIDE (__BSS_END__ = .)
                0x02000938                        __global_pointer$ = MIN ((__SDATA_START__ + 0x7e0), MAX ((__DATA_START__ + 0x7e0), (__BSS_END__ - 0x7e0)))
                0x00000001                        ASSERT ((__BSS_END__ < ((ORIGIN (REGION_RAM) + LENGTH (REGION_RAM)) - __stack_size)), REGION_RAM section overflows)
                [!provide]                        PROVIDE (_end = .)
                [!provide]                        PROVIDE (__end = .)
                [!provide]                        PROVIDE (end = .)

.stack          0x02003000     0x1000
                0x02003000                        . = ALIGN (0x10)
                [!provide]                        PROVIDE (_heap_end = .)
                [!provide]                        PROVIDE (__STACK_START__ = .)
                0x00001000                        . = __stack_size
 *fill*         0x02003000     0x1000 
                0x02004000                        PROVIDE (__C_STACK_TOP__ = .)
                [!provide]                        PROVIDE (__STACK_END__ = .)

/DISCARD/
 *(.eh_frame .eh_frame.*)
OUTPUT(build/start_mik32_v1_spifi_ctrl_gcc_m.elf elf32-littleriscv)

.debug_info     0x00000000     0xc6e0
 .debug_info    0x00000000      0x186 build/rv32imc_driver.o
 .debug_info    0x00000186      0x3c5 build/gpio_general.o
 .debug_info    0x0000054b      0x3b5 build/interrupt_general.o
 .debug_info    0x00000900      0x932 build/spifi_general.o
 .debug_info    0x00001232      0x1cd build/mik32_it.o
 .debug_info    0x000013ff      0x194 build/hal_mcal.o
 .debug_info    0x00001593     0x1456 build/gpio_mcal.o
 .debug_info    0x000029e9      0x85e build/interrupt_mcal.o
 .debug_info    0x00003247      0xd5b build/spifi_mcal.o
 .debug_info    0x00003fa2      0x4a5 build/mbr_drv.o
 .debug_info    0x00004447      0x283 build/boot_driver.o
 .debug_info    0x000046ca     0x1013 build/led_mono_drv.o
 .debug_info    0x000056dd      0x319 build/super_cycle.o
 .debug_info    0x000059f6      0x1a1 build/super_cycle_config.o
 .debug_info    0x00005b97      0x343 build/system.o
 .debug_info    0x00005eda     0x1eb0 build/w25q32jv_drv.o
 .debug_info    0x00007d8a       0xf9 build/common_functions.o
 .debug_info    0x00007e83      0x125 build/main.o
 .debug_info    0x00007fa8      0x454 build/clock_config.o
 .debug_info    0x000083fc      0x220 build/interrupt_config.o
 .debug_info    0x0000861c       0xfd build/mbr_config.o
 .debug_info    0x00008719      0xfcc build/board_api.o
 .debug_info    0x000096e5      0x381 build/gpio_config.o
 .debug_info    0x00009a66      0x3c2 build/led_mono_config.o
 .debug_info    0x00009e28      0x7b7 build/spifi_config.o
 .debug_info    0x0000a5df      0x3fe build/w25q32jv_config.o
 .debug_info    0x0000a9dd      0x30a build/mik32_hal_pcc.o
 .debug_info    0x0000ace7      0xc28 build/mik32_hal_spifi.o
 .debug_info    0x0000b90f      0xb61 build/mik32_hal_gpio.o
 .debug_info    0x0000c470      0x24d build/mik32_hal_irq.o
 .debug_info    0x0000c6bd       0x23 build/crt0.o

.debug_abbrev   0x00000000     0x379b
 .debug_abbrev  0x00000000      0x11c build/rv32imc_driver.o
 .debug_abbrev  0x0000011c      0x1a9 build/gpio_general.o
 .debug_abbrev  0x000002c5      0x1a2 build/interrupt_general.o
 .debug_abbrev  0x00000467      0x221 build/spifi_general.o
 .debug_abbrev  0x00000688      0x11c build/mik32_it.o
 .debug_abbrev  0x000007a4      0x12d build/hal_mcal.o
 .debug_abbrev  0x000008d1      0x415 build/gpio_mcal.o
 .debug_abbrev  0x00000ce6      0x2a5 build/interrupt_mcal.o
 .debug_abbrev  0x00000f8b      0x386 build/spifi_mcal.o
 .debug_abbrev  0x00001311      0x229 build/mbr_drv.o
 .debug_abbrev  0x0000153a      0x1c0 build/boot_driver.o
 .debug_abbrev  0x000016fa      0x405 build/led_mono_drv.o
 .debug_abbrev  0x00001aff      0x1c6 build/super_cycle.o
 .debug_abbrev  0x00001cc5       0x93 build/super_cycle_config.o
 .debug_abbrev  0x00001d58      0x1d2 build/system.o
 .debug_abbrev  0x00001f2a      0x46d build/w25q32jv_drv.o
 .debug_abbrev  0x00002397       0x8c build/common_functions.o
 .debug_abbrev  0x00002423       0xc5 build/main.o
 .debug_abbrev  0x000024e8      0x1a4 build/clock_config.o
 .debug_abbrev  0x0000268c       0xe6 build/interrupt_config.o
 .debug_abbrev  0x00002772       0x85 build/mbr_config.o
 .debug_abbrev  0x000027f7      0x2b3 build/board_api.o
 .debug_abbrev  0x00002aaa      0x15c build/gpio_config.o
 .debug_abbrev  0x00002c06      0x171 build/led_mono_config.o
 .debug_abbrev  0x00002d77      0x1bd build/spifi_config.o
 .debug_abbrev  0x00002f34      0x154 build/w25q32jv_config.o
 .debug_abbrev  0x00003088      0x13b build/mik32_hal_pcc.o
 .debug_abbrev  0x000031c3      0x2b6 build/mik32_hal_spifi.o
 .debug_abbrev  0x00003479      0x210 build/mik32_hal_gpio.o
 .debug_abbrev  0x00003689      0x100 build/mik32_hal_irq.o
 .debug_abbrev  0x00003789       0x12 build/crt0.o

.debug_loclists
                0x00000000     0x35d4
 .debug_loclists
                0x00000000       0x5e build/rv32imc_driver.o
 .debug_loclists
                0x0000005e       0x6a build/gpio_general.o
 .debug_loclists
                0x000000c8       0xc2 build/interrupt_general.o
 .debug_loclists
                0x0000018a      0x1b9 build/spifi_general.o
 .debug_loclists
                0x00000343       0x17 build/mik32_it.o
 .debug_loclists
                0x0000035a       0x48 build/hal_mcal.o
 .debug_loclists
                0x000003a2      0x76c build/gpio_mcal.o
 .debug_loclists
                0x00000b0e      0x4ca build/interrupt_mcal.o
 .debug_loclists
                0x00000fd8      0x1f2 build/spifi_mcal.o
 .debug_loclists
                0x000011ca       0x7b build/mbr_drv.o
 .debug_loclists
                0x00001245       0x83 build/boot_driver.o
 .debug_loclists
                0x000012c8      0xa5a build/led_mono_drv.o
 .debug_loclists
                0x00001d22       0x76 build/super_cycle.o
 .debug_loclists
                0x00001d98       0x3d build/system.o
 .debug_loclists
                0x00001dd5     0x1103 build/w25q32jv_drv.o
 .debug_loclists
                0x00002ed8       0x1d build/main.o
 .debug_loclists
                0x00002ef5      0x193 build/board_api.o
 .debug_loclists
                0x00003088      0x268 build/mik32_hal_spifi.o
 .debug_loclists
                0x000032f0      0x2e4 build/mik32_hal_gpio.o

.debug_aranges  0x00000000      0x750
 .debug_aranges
                0x00000000       0x30 build/rv32imc_driver.o
 .debug_aranges
                0x00000030       0x20 build/gpio_general.o
 .debug_aranges
                0x00000050       0x48 build/interrupt_general.o
 .debug_aranges
                0x00000098       0x50 build/spifi_general.o
 .debug_aranges
                0x000000e8       0x20 build/mik32_it.o
 .debug_aranges
                0x00000108       0x40 build/hal_mcal.o
 .debug_aranges
                0x00000148       0x70 build/gpio_mcal.o
 .debug_aranges
                0x000001b8       0x60 build/interrupt_mcal.o
 .debug_aranges
                0x00000218       0x48 build/spifi_mcal.o
 .debug_aranges
                0x00000260       0x28 build/mbr_drv.o
 .debug_aranges
                0x00000288       0x38 build/boot_driver.o
 .debug_aranges
                0x000002c0       0x98 build/led_mono_drv.o
 .debug_aranges
                0x00000358       0x50 build/super_cycle.o
 .debug_aranges
                0x000003a8       0x18 build/super_cycle_config.o
 .debug_aranges
                0x000003c0       0x30 build/system.o
 .debug_aranges
                0x000003f0       0xa0 build/w25q32jv_drv.o
 .debug_aranges
                0x00000490       0x28 build/common_functions.o
 .debug_aranges
                0x000004b8       0x20 build/main.o
 .debug_aranges
                0x000004d8       0x28 build/clock_config.o
 .debug_aranges
                0x00000500       0x20 build/interrupt_config.o
 .debug_aranges
                0x00000520       0x18 build/mbr_config.o
 .debug_aranges
                0x00000538       0x48 build/board_api.o
 .debug_aranges
                0x00000580       0x20 build/gpio_config.o
 .debug_aranges
                0x000005a0       0x28 build/led_mono_config.o
 .debug_aranges
                0x000005c8       0x20 build/spifi_config.o
 .debug_aranges
                0x000005e8       0x20 build/w25q32jv_config.o
 .debug_aranges
                0x00000608       0x28 build/mik32_hal_pcc.o
 .debug_aranges
                0x00000630       0x38 build/mik32_hal_spifi.o
 .debug_aranges
                0x00000668       0x68 build/mik32_hal_gpio.o
 .debug_aranges
                0x000006d0       0x58 build/mik32_hal_irq.o
 .debug_aranges
                0x00000728       0x28 build/crt0.o

.debug_rnglists
                0x00000000      0x915
 .debug_rnglists
                0x00000000       0x1f build/rv32imc_driver.o
 .debug_rnglists
                0x0000001f       0x13 build/gpio_general.o
 .debug_rnglists
                0x00000032       0x31 build/interrupt_general.o
 .debug_rnglists
                0x00000063       0x37 build/spifi_general.o
 .debug_rnglists
                0x0000009a       0x13 build/mik32_it.o
 .debug_rnglists
                0x000000ad       0x2b build/hal_mcal.o
 .debug_rnglists
                0x000000d8       0xbc build/gpio_mcal.o
 .debug_rnglists
                0x00000194       0xf4 build/interrupt_mcal.o
 .debug_rnglists
                0x00000288       0x65 build/spifi_mcal.o
 .debug_rnglists
                0x000002ed       0x19 build/mbr_drv.o
 .debug_rnglists
                0x00000306       0x25 build/boot_driver.o
 .debug_rnglists
                0x0000032b      0x178 build/led_mono_drv.o
 .debug_rnglists
                0x000004a3       0x38 build/super_cycle.o
 .debug_rnglists
                0x000004db       0x1f build/system.o
 .debug_rnglists
                0x000004fa      0x22d build/w25q32jv_drv.o
 .debug_rnglists
                0x00000727       0x19 build/common_functions.o
 .debug_rnglists
                0x00000740       0x13 build/main.o
 .debug_rnglists
                0x00000753       0x19 build/clock_config.o
 .debug_rnglists
                0x0000076c       0x13 build/interrupt_config.o
 .debug_rnglists
                0x0000077f       0x4a build/board_api.o
 .debug_rnglists
                0x000007c9       0x13 build/gpio_config.o
 .debug_rnglists
                0x000007dc       0x19 build/led_mono_config.o
 .debug_rnglists
                0x000007f5       0x13 build/spifi_config.o
 .debug_rnglists
                0x00000808       0x13 build/w25q32jv_config.o
 .debug_rnglists
                0x0000081b       0x19 build/mik32_hal_pcc.o
 .debug_rnglists
                0x00000834       0x3e build/mik32_hal_spifi.o
 .debug_rnglists
                0x00000872       0x4b build/mik32_hal_gpio.o
 .debug_rnglists
                0x000008bd       0x3d build/mik32_hal_irq.o
 .debug_rnglists
                0x000008fa       0x1b build/crt0.o

.debug_macro    0x00000000     0x62bf
 .debug_macro   0x00000000      0x276 build/rv32imc_driver.o
 .debug_macro   0x00000276       0x46 build/rv32imc_driver.o
 .debug_macro   0x000002bc       0x10 build/rv32imc_driver.o
 .debug_macro   0x000002cc       0x1c build/rv32imc_driver.o
 .debug_macro   0x000002e8       0x22 build/rv32imc_driver.o
 .debug_macro   0x0000030a      0x29e build/gpio_general.o
 .debug_macro   0x000005a8      0x112 build/gpio_general.o
 .debug_macro   0x000006ba      0x147 build/interrupt_general.o
 .debug_macro   0x00000801      0x282 build/spifi_general.o
 .debug_macro   0x00000a83       0x74 build/spifi_general.o
 .debug_macro   0x00000af7      0x2fc build/mik32_it.o
 .debug_macro   0x00000df3       0xee build/mik32_it.o
 .debug_macro   0x00000ee1      0x1c4 build/mik32_it.o
 .debug_macro   0x000010a5      0x17a build/hal_mcal.o
 .debug_macro   0x0000121f       0x10 build/hal_mcal.o
 .debug_macro   0x0000122f      0x22b build/gpio_mcal.o
 .debug_macro   0x0000145a      0x211 build/interrupt_mcal.o
 .debug_macro   0x0000166b      0x417 build/spifi_mcal.o
 .debug_macro   0x00001a82       0x40 build/spifi_mcal.o
 .debug_macro   0x00001ac2       0xbe build/spifi_mcal.o
 .debug_macro   0x00001b80       0x57 build/spifi_mcal.o
 .debug_macro   0x00001bd7      0x372 build/spifi_mcal.o
 .debug_macro   0x00001f49       0x16 build/spifi_mcal.o
 .debug_macro   0x00001f5f       0x4a build/spifi_mcal.o
 .debug_macro   0x00001fa9       0x34 build/spifi_mcal.o
 .debug_macro   0x00001fdd       0x10 build/spifi_mcal.o
 .debug_macro   0x00001fed       0x58 build/spifi_mcal.o
 .debug_macro   0x00002045      0x1de build/spifi_mcal.o
 .debug_macro   0x00002223       0x10 build/spifi_mcal.o
 .debug_macro   0x00002233       0x3c build/spifi_mcal.o
 .debug_macro   0x0000226f       0x34 build/spifi_mcal.o
 .debug_macro   0x000022a3       0x16 build/spifi_mcal.o
 .debug_macro   0x000022b9       0x3a build/spifi_mcal.o
 .debug_macro   0x000022f3      0x25f build/mbr_drv.o
 .debug_macro   0x00002552       0x16 build/mbr_drv.o
 .debug_macro   0x00002568      0x277 build/boot_driver.o
 .debug_macro   0x000027df      0x189 build/boot_driver.o
 .debug_macro   0x00002968      0x39c build/led_mono_drv.o
 .debug_macro   0x00002d04       0x46 build/led_mono_drv.o
 .debug_macro   0x00002d4a       0x96 build/super_cycle.o
 .debug_macro   0x00002de0       0x69 build/super_cycle_config.o
 .debug_macro   0x00002e49      0x640 build/system.o
 .debug_macro   0x00003489       0x34 build/system.o
 .debug_macro   0x000034bd       0x16 build/system.o
 .debug_macro   0x000034d3       0x9e build/system.o
 .debug_macro   0x00003571      0x10b build/system.o
 .debug_macro   0x0000367c       0x10 build/system.o
 .debug_macro   0x0000368c       0x16 build/system.o
 .debug_macro   0x000036a2       0x16 build/system.o
 .debug_macro   0x000036b8      0x12a build/system.o
 .debug_macro   0x000037e2       0x16 build/system.o
 .debug_macro   0x000037f8       0x77 build/system.o
 .debug_macro   0x0000386f      0x3e5 build/system.o
 .debug_macro   0x00003c54       0x16 build/system.o
 .debug_macro   0x00003c6a       0x6d build/system.o
 .debug_macro   0x00003cd7       0x1c build/system.o
 .debug_macro   0x00003cf3       0x16 build/system.o
 .debug_macro   0x00003d09       0x16 build/system.o
 .debug_macro   0x00003d1f       0x10 build/system.o
 .debug_macro   0x00003d2f       0x1c build/system.o
 .debug_macro   0x00003d4b       0x28 build/system.o
 .debug_macro   0x00003d73       0x58 build/system.o
 .debug_macro   0x00003dcb       0x22 build/system.o
 .debug_macro   0x00003ded       0x2e build/system.o
 .debug_macro   0x00003e1b       0x23 build/system.o
 .debug_macro   0x00003e3e       0x3c build/system.o
 .debug_macro   0x00003e7a       0x90 build/system.o
 .debug_macro   0x00003f0a       0x1c build/system.o
 .debug_macro   0x00003f26       0x86 build/system.o
 .debug_macro   0x00003fac       0x6a build/system.o
 .debug_macro   0x00004016       0x2c build/system.o
 .debug_macro   0x00004042       0x19 build/system.o
 .debug_macro   0x0000405b      0x3eb build/w25q32jv_drv.o
 .debug_macro   0x00004446       0x7a build/w25q32jv_drv.o
 .debug_macro   0x000044c0      0x4c2 build/common_functions.o
 .debug_macro   0x00004982       0x1c build/common_functions.o
 .debug_macro   0x0000499e       0x94 build/common_functions.o
 .debug_macro   0x00004a32       0x92 build/common_functions.o
 .debug_macro   0x00004ac4      0x316 build/main.o
 .debug_macro   0x00004dda      0x24e build/clock_config.o
 .debug_macro   0x00005028      0x1ff build/interrupt_config.o
 .debug_macro   0x00005227       0x6e build/mbr_config.o
 .debug_macro   0x00005295      0x374 build/board_api.o
 .debug_macro   0x00005609       0x16 build/board_api.o
 .debug_macro   0x0000561f      0x1f8 build/gpio_config.o
 .debug_macro   0x00005817       0x40 build/gpio_config.o
 .debug_macro   0x00005857      0x168 build/led_mono_config.o
 .debug_macro   0x000059bf      0x23a build/spifi_config.o
 .debug_macro   0x00005bf9      0x1dd build/w25q32jv_config.o
 .debug_macro   0x00005dd6      0x10b build/mik32_hal_pcc.o
 .debug_macro   0x00005ee1      0x158 build/mik32_hal_spifi.o
 .debug_macro   0x00006039      0x135 build/mik32_hal_gpio.o
 .debug_macro   0x0000616e      0x111 build/mik32_hal_irq.o
 .debug_macro   0x0000627f       0x40 build/mik32_hal_irq.o

.debug_line     0x00000000     0x8e0b
 .debug_line    0x00000000      0x22d build/rv32imc_driver.o
 .debug_line    0x0000022d      0x273 build/gpio_general.o
 .debug_line    0x000004a0      0x30c build/interrupt_general.o
 .debug_line    0x000007ac      0x4a9 build/spifi_general.o
 .debug_line    0x00000c55      0x215 build/mik32_it.o
 .debug_line    0x00000e6a      0x233 build/hal_mcal.o
 .debug_line    0x0000109d      0xc16 build/gpio_mcal.o
 .debug_line    0x00001cb3      0x691 build/interrupt_mcal.o
 .debug_line    0x00002344      0x67d build/spifi_mcal.o
 .debug_line    0x000029c1      0x399 build/mbr_drv.o
 .debug_line    0x00002d5a      0x27a build/boot_driver.o
 .debug_line    0x00002fd4     0x1400 build/led_mono_drv.o
 .debug_line    0x000043d4      0x44a build/super_cycle.o
 .debug_line    0x0000481e       0x73 build/super_cycle_config.o
 .debug_line    0x00004891      0x43b build/system.o
 .debug_line    0x00004ccc     0x1a0e build/w25q32jv_drv.o
 .debug_line    0x000066da      0x2d4 build/common_functions.o
 .debug_line    0x000069ae      0x245 build/main.o
 .debug_line    0x00006bf3      0x293 build/clock_config.o
 .debug_line    0x00006e86      0x15f build/interrupt_config.o
 .debug_line    0x00006fe5       0x73 build/mbr_config.o
 .debug_line    0x00007058      0x57f build/board_api.o
 .debug_line    0x000075d7      0x164 build/gpio_config.o
 .debug_line    0x0000773b      0x18c build/led_mono_config.o
 .debug_line    0x000078c7      0x1ad build/spifi_config.o
 .debug_line    0x00007a74      0x158 build/w25q32jv_config.o
 .debug_line    0x00007bcc      0x1cb build/mik32_hal_pcc.o
 .debug_line    0x00007d97      0x4f6 build/mik32_hal_spifi.o
 .debug_line    0x0000828d      0x790 build/mik32_hal_gpio.o
 .debug_line    0x00008a1d      0x2d8 build/mik32_hal_irq.o
 .debug_line    0x00008cf5      0x116 build/crt0.o

.debug_str      0x00000000    0x17a47
 .debug_str     0x00000000    0x17a47 build/rv32imc_driver.o
                               0x9899 (size before relaxing)
 .debug_str     0x00017a47     0xbebc build/gpio_general.o
 .debug_str     0x00017a47     0x93c6 build/interrupt_general.o
 .debug_str     0x00017a47     0xc833 build/spifi_general.o
 .debug_str     0x00017a47     0xcf1b build/mik32_it.o
 .debug_str     0x00017a47     0x8fa7 build/hal_mcal.o
 .debug_str     0x00017a47     0xc068 build/gpio_mcal.o
 .debug_str     0x00017a47     0xcca0 build/interrupt_mcal.o
 .debug_str     0x00017a47     0xfa96 build/spifi_mcal.o
 .debug_str     0x00017a47     0x942f build/mbr_drv.o
 .debug_str     0x00017a47     0x97b9 build/boot_driver.o
 .debug_str     0x00017a47     0xf480 build/led_mono_drv.o
 .debug_str     0x00017a47     0x3bda build/super_cycle.o
 .debug_str     0x00017a47     0x37b8 build/super_cycle_config.o
 .debug_str     0x00017a47    0x10473 build/system.o
 .debug_str     0x00017a47    0x10000 build/w25q32jv_drv.o
 .debug_str     0x00017a47     0xee07 build/common_functions.o
 .debug_str     0x00017a47     0xba94 build/main.o
 .debug_str     0x00017a47     0xbd70 build/clock_config.o
 .debug_str     0x00017a47     0x9d51 build/interrupt_config.o
 .debug_str     0x00017a47     0x3a38 build/mbr_config.o
 .debug_str     0x00017a47     0xcbeb build/board_api.o
 .debug_str     0x00017a47     0xb88a build/gpio_config.o
 .debug_str     0x00017a47     0x558b build/led_mono_config.o
 .debug_str     0x00017a47     0xbc93 build/spifi_config.o
 .debug_str     0x00017a47     0xb31e build/w25q32jv_config.o
 .debug_str     0x00017a47     0xac03 build/mik32_hal_pcc.o
 .debug_str     0x00017a47     0xba00 build/mik32_hal_spifi.o
 .debug_str     0x00017a47     0xc39f build/mik32_hal_gpio.o
 .debug_str     0x00017a47     0xa242 build/mik32_hal_irq.o
 .debug_str     0x00017a47       0x8d build/crt0.o

.debug_line_str
                0x00000000     0x16ec
 .debug_line_str
                0x00000000     0x16ec build/rv32imc_driver.o
                                0x79e (size before relaxing)
 .debug_line_str
                0x000016ec      0x77a build/gpio_general.o
 .debug_line_str
                0x000016ec      0x513 build/interrupt_general.o
 .debug_line_str
                0x000016ec      0x783 build/spifi_general.o
 .debug_line_str
                0x000016ec      0x87a build/mik32_it.o
 .debug_line_str
                0x000016ec      0x5b5 build/hal_mcal.o
 .debug_line_str
                0x000016ec      0x6ae build/gpio_mcal.o
 .debug_line_str
                0x000016ec      0x70f build/interrupt_mcal.o
 .debug_line_str
                0x000016ec      0xa0d build/spifi_mcal.o
 .debug_line_str
                0x000016ec      0x6dd build/mbr_drv.o
 .debug_line_str
                0x000016ec      0x788 build/boot_driver.o
 .debug_line_str
                0x000016ec      0x88f build/led_mono_drv.o
 .debug_line_str
                0x000016ec      0x26c build/super_cycle.o
 .debug_line_str
                0x000016ec      0x232 build/super_cycle_config.o
 .debug_line_str
                0x000016ec      0xcbe build/system.o
 .debug_line_str
                0x000016ec      0x946 build/w25q32jv_drv.o
 .debug_line_str
                0x000016ec      0xb0e build/common_functions.o
 .debug_line_str
                0x000016ec      0x86a build/main.o
 .debug_line_str
                0x000016ec      0x702 build/clock_config.o
 .debug_line_str
                0x000016ec      0x643 build/interrupt_config.o
 .debug_line_str
                0x000016ec      0x213 build/mbr_config.o
 .debug_line_str
                0x000016ec      0x926 build/board_api.o
 .debug_line_str
                0x000016ec      0x622 build/gpio_config.o
 .debug_line_str
                0x000016ec      0x4d7 build/led_mono_config.o
 .debug_line_str
                0x000016ec      0x6d9 build/spifi_config.o
 .debug_line_str
                0x000016ec      0x63d build/w25q32jv_config.o
 .debug_line_str
                0x000016ec      0x475 build/mik32_hal_pcc.o
 .debug_line_str
                0x000016ec      0x50f build/mik32_hal_spifi.o
 .debug_line_str
                0x000016ec      0x4a8 build/mik32_hal_gpio.o
 .debug_line_str
                0x000016ec      0x4bc build/mik32_hal_irq.o
 .debug_line_str
                0x000016ec       0x7f build/crt0.o

.comment        0x00000000       0x33
 .comment       0x00000000       0x33 build/rv32imc_driver.o
                                 0x34 (size before relaxing)
 .comment       0x00000033       0x34 build/gpio_general.o
 .comment       0x00000033       0x34 build/interrupt_general.o
 .comment       0x00000033       0x34 build/spifi_general.o
 .comment       0x00000033       0x34 build/mik32_it.o
 .comment       0x00000033       0x34 build/hal_mcal.o
 .comment       0x00000033       0x34 build/gpio_mcal.o
 .comment       0x00000033       0x34 build/interrupt_mcal.o
 .comment       0x00000033       0x34 build/spifi_mcal.o
 .comment       0x00000033       0x34 build/mbr_drv.o
 .comment       0x00000033       0x34 build/boot_driver.o
 .comment       0x00000033       0x34 build/led_mono_drv.o
 .comment       0x00000033       0x34 build/super_cycle.o
 .comment       0x00000033       0x34 build/super_cycle_config.o
 .comment       0x00000033       0x34 build/system.o
 .comment       0x00000033       0x34 build/w25q32jv_drv.o
 .comment       0x00000033       0x34 build/common_functions.o
 .comment       0x00000033       0x34 build/main.o
 .comment       0x00000033       0x34 build/clock_config.o
 .comment       0x00000033       0x34 build/interrupt_config.o
 .comment       0x00000033       0x34 build/mbr_config.o
 .comment       0x00000033       0x34 build/board_api.o
 .comment       0x00000033       0x34 build/gpio_config.o
 .comment       0x00000033       0x34 build/led_mono_config.o
 .comment       0x00000033       0x34 build/spifi_config.o
 .comment       0x00000033       0x34 build/w25q32jv_config.o
 .comment       0x00000033       0x34 build/mik32_hal_pcc.o
 .comment       0x00000033       0x34 build/mik32_hal_spifi.o
 .comment       0x00000033       0x34 build/mik32_hal_gpio.o
 .comment       0x00000033       0x34 build/mik32_hal_irq.o

.note.GNU-stack
                0x00000000        0x0
 .note.GNU-stack
                0x00000000        0x0 build/rv32imc_driver.o
 .note.GNU-stack
                0x00000000        0x0 build/gpio_general.o
 .note.GNU-stack
                0x00000000        0x0 build/interrupt_general.o
 .note.GNU-stack
                0x00000000        0x0 build/spifi_general.o
 .note.GNU-stack
                0x00000000        0x0 build/mik32_it.o
 .note.GNU-stack
                0x00000000        0x0 build/hal_mcal.o
 .note.GNU-stack
                0x00000000        0x0 build/gpio_mcal.o
 .note.GNU-stack
                0x00000000        0x0 build/interrupt_mcal.o
 .note.GNU-stack
                0x00000000        0x0 build/spifi_mcal.o
 .note.GNU-stack
                0x00000000        0x0 build/mbr_drv.o
 .note.GNU-stack
                0x00000000        0x0 build/boot_driver.o
 .note.GNU-stack
                0x00000000        0x0 build/led_mono_drv.o
 .note.GNU-stack
                0x00000000        0x0 build/super_cycle.o
 .note.GNU-stack
                0x00000000        0x0 build/super_cycle_config.o
 .note.GNU-stack
                0x00000000        0x0 build/system.o
 .note.GNU-stack
                0x00000000        0x0 build/w25q32jv_drv.o
 .note.GNU-stack
                0x00000000        0x0 build/common_functions.o
 .note.GNU-stack
                0x00000000        0x0 build/main.o
 .note.GNU-stack
                0x00000000        0x0 build/clock_config.o
 .note.GNU-stack
                0x00000000        0x0 build/interrupt_config.o
 .note.GNU-stack
                0x00000000        0x0 build/mbr_config.o
 .note.GNU-stack
                0x00000000        0x0 build/board_api.o
 .note.GNU-stack
                0x00000000        0x0 build/gpio_config.o
 .note.GNU-stack
                0x00000000        0x0 build/led_mono_config.o
 .note.GNU-stack
                0x00000000        0x0 build/spifi_config.o
 .note.GNU-stack
                0x00000000        0x0 build/w25q32jv_config.o
 .note.GNU-stack
                0x00000000        0x0 build/mik32_hal_pcc.o
 .note.GNU-stack
                0x00000000        0x0 build/mik32_hal_spifi.o
 .note.GNU-stack
                0x00000000        0x0 build/mik32_hal_gpio.o
 .note.GNU-stack
                0x00000000        0x0 build/mik32_hal_irq.o

.riscv.attributes
                0x00000000       0x48
 .riscv.attributes
                0x00000000       0x44 build/rv32imc_driver.o
 .riscv.attributes
                0x00000044       0x44 build/gpio_general.o
 .riscv.attributes
                0x00000088       0x44 build/interrupt_general.o
 .riscv.attributes
                0x000000cc       0x44 build/spifi_general.o
 .riscv.attributes
                0x00000110       0x44 build/mik32_it.o
 .riscv.attributes
                0x00000154       0x44 build/hal_mcal.o
 .riscv.attributes
                0x00000198       0x44 build/gpio_mcal.o
 .riscv.attributes
                0x000001dc       0x44 build/interrupt_mcal.o
 .riscv.attributes
                0x00000220       0x44 build/spifi_mcal.o
 .riscv.attributes
                0x00000264       0x44 build/mbr_drv.o
 .riscv.attributes
                0x000002a8       0x44 build/boot_driver.o
 .riscv.attributes
                0x000002ec       0x44 build/led_mono_drv.o
 .riscv.attributes
                0x00000330       0x44 build/super_cycle.o
 .riscv.attributes
                0x00000374       0x44 build/super_cycle_config.o
 .riscv.attributes
                0x000003b8       0x44 build/system.o
 .riscv.attributes
                0x000003fc       0x44 build/w25q32jv_drv.o
 .riscv.attributes
                0x00000440       0x44 build/common_functions.o
 .riscv.attributes
                0x00000484       0x44 build/main.o
 .riscv.attributes
                0x000004c8       0x44 build/clock_config.o
 .riscv.attributes
                0x0000050c       0x44 build/interrupt_config.o
 .riscv.attributes
                0x00000550       0x44 build/mbr_config.o
 .riscv.attributes
                0x00000594       0x44 build/board_api.o
 .riscv.attributes
                0x000005d8       0x44 build/gpio_config.o
 .riscv.attributes
                0x0000061c       0x44 build/led_mono_config.o
 .riscv.attributes
                0x00000660       0x44 build/spifi_config.o
 .riscv.attributes
                0x000006a4       0x44 build/w25q32jv_config.o
 .riscv.attributes
                0x000006e8       0x44 build/mik32_hal_pcc.o
 .riscv.attributes
                0x0000072c       0x44 build/mik32_hal_spifi.o
 .riscv.attributes
                0x00000770       0x44 build/mik32_hal_gpio.o
 .riscv.attributes
                0x000007b4       0x48 build/mik32_hal_irq.o
 .riscv.attributes
                0x000007fc       0x46 build/crt0.o

.debug_frame    0x00000000     0x1154
 .debug_frame   0x00000000       0x5c build/rv32imc_driver.o
 .debug_frame   0x0000005c       0x44 build/gpio_general.o
 .debug_frame   0x000000a0       0xa0 build/interrupt_general.o
 .debug_frame   0x00000140       0xd0 build/spifi_general.o
 .debug_frame   0x00000210       0x20 build/mik32_it.o
 .debug_frame   0x00000230       0x60 build/hal_mcal.o
 .debug_frame   0x00000290       0xe8 build/gpio_mcal.o
 .debug_frame   0x00000378      0x134 build/interrupt_mcal.o
 .debug_frame   0x000004ac       0xcc build/spifi_mcal.o
 .debug_frame   0x00000578       0x4c build/mbr_drv.o
 .debug_frame   0x000005c4       0x68 build/boot_driver.o
 .debug_frame   0x0000062c      0x28c build/led_mono_drv.o
 .debug_frame   0x000008b8       0xa0 build/super_cycle.o
 .debug_frame   0x00000958       0x58 build/system.o
 .debug_frame   0x000009b0      0x37c build/w25q32jv_drv.o
 .debug_frame   0x00000d2c       0x30 build/common_functions.o
 .debug_frame   0x00000d5c       0x28 build/main.o
 .debug_frame   0x00000d84       0x3c build/clock_config.o
 .debug_frame   0x00000dc0       0x20 build/interrupt_config.o
 .debug_frame   0x00000de0       0xf0 build/board_api.o
 .debug_frame   0x00000ed0       0x20 build/gpio_config.o
 .debug_frame   0x00000ef0       0x30 build/led_mono_config.o
 .debug_frame   0x00000f20       0x20 build/spifi_config.o
 .debug_frame   0x00000f40       0x20 build/w25q32jv_config.o
 .debug_frame   0x00000f60       0x30 build/mik32_hal_pcc.o
 .debug_frame   0x00000f90       0x78 build/mik32_hal_spifi.o
 .debug_frame   0x00001008       0xbc build/mik32_hal_gpio.o
 .debug_frame   0x000010c4       0x90 build/mik32_hal_irq.o

Cross Reference Table

Symbol                                            File
BootConfig                                        build/boot_config.o
                                                  build/boot_driver.o
BootData                                          build/boot_driver.o
ClockConfig                                       build/clock_config.o
ClockInstance                                     build/clock_config.o
ClockSourcToHz                                    build/clock_general.o
GpioConfig                                        build/gpio_config.o
                                                  build/gpio_general.o
GpioDriveSelToMik32DriveSel                       build/gpio_mcal.o
GpioGetInfo                                       build/gpio_mcal.o
GpioLevelToMik32Level                             build/gpio_mcal.o
GpioModeToMik32Mode                               build/gpio_mcal.o
GpioPullToMik32Pull                               build/gpio_mcal.o
HAL_DelayMs                                       build/mik32_hal.o
HAL_DelayUs                                       build/mik32_hal.o
HAL_EPIC_GetRawStatus                             build/mik32_hal_irq.o
                                                  build/interrupt_mcal.o
HAL_EPIC_GetStatus                                build/mik32_hal_irq.o
HAL_EPIC_MaskEdgeClear                            build/mik32_hal_irq.o
                                                  build/interrupt_mcal.o
HAL_EPIC_MaskEdgeSet                              build/mik32_hal_irq.o
                                                  build/interrupt_mcal.o
HAL_EPIC_MaskLevelClear                           build/mik32_hal_irq.o
                                                  build/interrupt_mcal.o
HAL_EPIC_MaskLevelSet                             build/mik32_hal_irq.o
                                                  build/interrupt_mcal.o
HAL_GPIO_ClearInterrupts                          build/mik32_hal_gpio.o
HAL_GPIO_DeInitInterruptLine                      build/mik32_hal_gpio.o
HAL_GPIO_Init                                     build/mik32_hal_gpio.o
                                                  build/mik32_hal_spifi.o
                                                  build/gpio_mcal.o
HAL_GPIO_InitInterruptLine                        build/mik32_hal_gpio.o
HAL_GPIO_LineInterruptState                       build/mik32_hal_gpio.o
HAL_GPIO_LinePinState                             build/mik32_hal_gpio.o
HAL_GPIO_PinConfig                                build/mik32_hal_gpio.o
HAL_GPIO_ReadPin                                  build/mik32_hal_gpio.o
HAL_GPIO_TogglePin                                build/mik32_hal_gpio.o
HAL_GPIO_WritePin                                 build/mik32_hal_gpio.o
                                                  build/gpio_mcal.o
HAL_IRQ_DisableInterrupts                         build/mik32_hal_irq.o
                                                  build/interrupt_mcal.o
HAL_IRQ_EnableInterrupts                          build/mik32_hal_irq.o
                                                  build/interrupt_mcal.o
HAL_Init                                          build/mik32_hal.o
HAL_Micros                                        build/mik32_hal.o
HAL_Millis                                        build/mik32_hal.o
HAL_MspInit                                       build/mik32_hal.o
HAL_PCC_GetSysClockFreq                           build/mik32_hal_pcc.o
HAL_PCC_OscEnable                                 build/mik32_hal_pcc.o
                                                  build/clock_config.o
HAL_SPIFI_MemoryMode_Init                         build/mik32_hal_spifi.o
                                                  build/board_api.o
HAL_SPIFI_MspInit                                 build/mik32_hal_spifi.o
                                                  build/board_api.o
                                                  build/spifi_mcal.o
HAL_SPIFI_Reset                                   build/mik32_hal_spifi.o
                                                  build/spifi_mcal.o
HAL_SPIFI_SendCommand_LL                          build/mik32_hal_spifi.o
                                                  build/w25q32jv_drv.o
InterruptConfig                                   build/interrupt_config.o
                                                  build/interrupt_general.o
InterruptGetConfig                                build/interrupt_general.o
Jump_To_Code                                      build/boot_driver.o
LedMonoConfig                                     build/led_mono_config.o
                                                  build/led_mono_drv.o
LedMonoGetConfig                                  build/led_mono_drv.o
LedMonoGetNode                                    build/led_mono_drv.o
                                                  build/mbr_drv.o
LedMonoInstance                                   build/led_mono_config.o
                                                  build/led_mono_drv.o
LedPad2Node                                       build/led_mono_drv.o
MIK32_HalRetToRes                                 build/hal_mcal.o
                                                  build/w25q32jv_drv.o
                                                  build/gpio_mcal.o
MbrConfig                                         build/mbr_config.o
                                                  build/mbr_drv.o
MbrInstance                                       build/mbr_config.o
                                                  build/mbr_drv.o
PinConfig                                         build/k1948bk018.o
SmallSystemInit                                   build/crt0.o
SpiFiCacheCtrlToCacheEnable                       build/spifi_mcal.o
                                                  build/board_api.o
SpiFiConfig                                       build/spifi_config.o
                                                  build/spifi_general.o
SpiFiGetConfig                                    build/spifi_general.o
                                                  build/board_api.o
                                                  build/spifi_mcal.o
SpiFiGetInfo                                      build/spifi_mcal.o
                                                  build/board_api.o
SpiFiGetNode                                      build/spifi_general.o
                                                  build/board_api.o
                                                  build/w25q32jv_drv.o
                                                  build/spifi_mcal.o
SpiFiInstance                                     build/spifi_config.o
                                                  build/spifi_general.o
SuperCycle                                        build/super_cycle_config.o
                                                  build/super_cycle.o
System                                            build/system.o
SystemInit                                        build/crt0.o
SystemInitInstance                                build/system.o
W25q32jvConfig                                    build/w25q32jv_config.o
                                                  build/w25q32jv_drv.o
W25q32jvGetConfig                                 build/w25q32jv_drv.o
W25q32jvGetNode                                   build/w25q32jv_drv.o
W25q32jvInstance                                  build/w25q32jv_config.o
                                                  build/w25q32jv_drv.o
__BSS_END__                                       build/crt0.o
__C_STACK_TOP__                                   build/crt0.o
__DATA_IMAGE_END__                                build/crt0.o
__DATA_IMAGE_START__                              build/crt0.o
__DATA_START__                                    build/crt0.o
__RAM_TEXT_IMAGE_END__                            build/crt0.o
__RAM_TEXT_IMAGE_START__                          build/crt0.o
__RAM_TEXT_START__                                build/crt0.o
__SBSS_START__                                    build/crt0.o
__TRAP_TEXT_START__                               build/crt0.o
__clz_tab                                         C:/xpack-riscv-none-elf-gcc-14.2.0-3/bin/../lib/gcc/riscv-none-elf/14.2.0/rv32imc/ilp32\libgcc.a(_clz.o)
                                                  C:/xpack-riscv-none-elf-gcc-14.2.0-3/bin/../lib/gcc/riscv-none-elf/14.2.0/rv32imc/ilp32\libgcc.a(_clzsi2.o)
__clzsi2                                          C:/xpack-riscv-none-elf-gcc-14.2.0-3/bin/../lib/gcc/riscv-none-elf/14.2.0/rv32imc/ilp32\libgcc.a(_clzsi2.o)
                                                  C:/xpack-riscv-none-elf-gcc-14.2.0-3/bin/../lib/gcc/riscv-none-elf/14.2.0/rv32imc/ilp32\libgcc.a(floatunsisf.o)
__fixunssfsi                                      C:/xpack-riscv-none-elf-gcc-14.2.0-3/bin/../lib/gcc/riscv-none-elf/14.2.0/rv32imc/ilp32\libgcc.a(fixunssfsi.o)
                                                  build/led_mono_drv.o
__floatunsisf                                     C:/xpack-riscv-none-elf-gcc-14.2.0-3/bin/../lib/gcc/riscv-none-elf/14.2.0/rv32imc/ilp32\libgcc.a(floatunsisf.o)
                                                  build/led_drv.o
__gesf2                                           C:/xpack-riscv-none-elf-gcc-14.2.0-3/bin/../lib/gcc/riscv-none-elf/14.2.0/rv32imc/ilp32\libgcc.a(gesf2.o)
__global_pointer$                                 build/crt0.o
__gtsf2                                           C:/xpack-riscv-none-elf-gcc-14.2.0-3/bin/../lib/gcc/riscv-none-elf/14.2.0/rv32imc/ilp32\libgcc.a(gesf2.o)
                                                  build/led_mono_drv.o
__truncdfsf2                                      C:/xpack-riscv-none-elf-gcc-14.2.0-3/bin/../lib/gcc/riscv-none-elf/14.2.0/rv32imc/ilp32\libgcc.a(truncdfsf2.o)
                                                  build/led_drv.o
_start                                            build/crt0.o
application_launch                                build/board_api.o
application_mcal_init                             build/board_api.o
                                                  build/system.o
board_get_up_time_ms                              build/board_api.o
board_init                                        build/board_api.o
                                                  build/system.o
board_init_xip                                    build/board_api.o
board_proc                                        build/board_api.o
bool_proc_start_error                             build/boot_driver.o
boot_check_reset_handler                          build/boot_driver.o
boot_jump_to_code                                 build/boot_driver.o
                                                  build/mbr_drv.o
boot_reboot                                       build/boot_driver.o
clock_config_100mhz                               build/clock_general.o
clock_core_freq_get                               build/clock.o
                                                  build/clock_general.o
clock_core_freq_set                               build/clock.o
clock_init                                        build/clock_config.o
                                                  build/clock_general.o
                                                  build/system.o
core_get_up_time_ms                               build/core_driver.o
                                                  build/board_api.o
core_reboot                                       build/core_driver.o
critical_nesting_level                            build/hal_mcal.o
current_irq_line_mux                              build/mik32_hal_gpio.o
enter_critical                                    build/hal_mcal.o
exit_critical                                     build/hal_mcal.o
gpio_clock_init                                   build/gpio_mcal.o
                                                  build/gpio_general.o
gpio_get_cnt                                      build/gpio_config.o
                                                  build/gpio_general.o
gpio_init_custom                                  build/gpio_mcal.o
                                                  build/gpio_general.o
gpio_init_one                                     build/gpio_mcal.o
                                                  build/gpio_general.o
gpio_logic_level_set                              build/gpio_mcal.o
                                                  build/led_mono_drv.o
gpio_mcal_init                                    build/gpio_general.o
                                                  build/system.o
gpio_pin_mux_set                                  build/gpio_mcal.o
gpio_pull_set                                     build/gpio_mcal.o
gpio_toggle                                       build/led_mono_drv.o
hal_init                                          build/hal_mcal.o
int_cnt                                           build/mik32_it.o
interrupt_clear                                   build/interrupt_general.o
interrupt_control                                 build/interrupt_mcal.o
                                                  build/interrupt_general.o
interrupt_disable                                 build/interrupt_mcal.o
                                                  build/rv32imc_driver.o
interrupt_edge_ctrl                               build/interrupt_mcal.o
interrupt_enable                                  build/interrupt_mcal.o
                                                  build/interrupt_general.o
interrupt_get_cnt                                 build/interrupt_config.o
                                                  build/interrupt_general.o
interrupt_get_isr_handler                         build/interrupt_general.o
interrupt_get_priority                            build/interrupt_mcal.o
interrupt_init_custom                             build/interrupt_mcal.o
                                                  build/interrupt_general.o
interrupt_is_active                               build/interrupt_mcal.o
interrupt_is_valid_num                            build/interrupt_mcal.o
interrupt_level_control                           build/interrupt_mcal.o
interrupt_mcal_init                               build/interrupt_general.o
                                                  build/system.o
isFromInterrupt                                   build/hal_mcal.o
is_ram_addr                                       build/microcontroller_drv.o
led_mono_ctrl                                     build/led_mono_drv.o
                                                  build/board_api.o
led_mono_fix                                      build/led_mono_config.o
                                                  build/led_mono_drv.o
led_mono_get_cnt                                  build/led_mono_config.o
                                                  build/led_mono_drv.o
led_mono_init_custom                              build/led_mono_drv.o
led_mono_init_one                                 build/led_mono_drv.o
led_mono_mcal_init                                build/led_mono_drv.o
                                                  build/system.o
led_mono_mode_set                                 build/led_mono_drv.o
led_mono_off                                      build/led_mono_drv.o
led_mono_on                                       build/led_mono_drv.o
led_mono_proc                                     build/led_mono_drv.o
led_mono_proc_one                                 build/led_mono_drv.o
led_mono_pwm                                      build/led_mono_drv.o
                                                  build/led_drv.o
led_mono_set                                      build/led_mono_drv.o
led_mono_toggle                                   build/led_mono_drv.o
led_pwm                                           build/led_drv.o
led_set_state                                     build/led_mono_drv.o
low_stack                                         build/core_driver.o
main                                              build/main.o
                                                  build/crt0.o
mbr_init                                          build/mbr_drv.o
                                                  build/system.o
mbr_proc                                          build/mbr_drv.o
                                                  build/main.o
mcu_get_down_pin                                  build/microcontroller_drv.o
mcu_get_left_pin                                  build/microcontroller_drv.o
mcu_get_next_pin                                  build/microcontroller_drv.o
mcu_get_prev_pin                                  build/microcontroller_drv.o
mcu_get_right_pin                                 build/microcontroller_drv.o
mcu_get_up_pin                                    build/microcontroller_drv.o
mcu_init                                          build/k1948bk018.o
mcu_is_text_addr                                  build/microcontroller_drv.o
mcu_phy_assress_classify                          build/microcontroller_drv.o
mik32_launch_eeprom                               build/k1948bk018.o
pin_get_cnt                                       build/k1948bk018.o
raw_trap_handler                                  build/crt0.o
rv32imc_boot_addr                                 build/rv32imc_driver.o
                                                  build/board_api.o
                                                  build/boot_driver.o
                                                  build/core_driver.o
rv32imc_boot_addr_asm                             build/rv32imc_driver.o
rv32imc_reboot                                    build/rv32imc_driver.o
send_err_cnt                                      build/system.o
spifi_get_cnt                                     build/spifi_config.o
                                                  build/spifi_general.o
spifi_init_custom                                 build/spifi_mcal.o
                                                  build/spifi_general.o
spifi_init_one                                    build/spifi_mcal.o
                                                  build/spifi_general.o
spifi_is_address                                  build/microcontroller_drv.o
spifi_mcal_init                                   build/spifi_general.o
                                                  build/system.o
spifi_proc                                        build/spifi_general.o
spifi_proc_one                                    build/spifi_general.o
spifi_read_reg                                    build/spifi_mcal.o
spifi_reset                                       build/spifi_mcal.o
super_cycle_check_continuity                      build/super_cycle.o
super_cycle_get_init_time_us                      build/super_cycle.o
super_cycle_init                                  build/super_cycle.o
                                                  build/system.o
super_cycle_iteration                             build/super_cycle.o
super_cycle_proc                                  build/common_functions.o
                                                  build/super_cycle.o
super_cycle_run_time_ms                           build/super_cycle.o
super_cycle_run_time_us                           build/super_cycle.o
super_cycle_start                                 build/super_cycle.o
                                                  build/main.o
system_clock_config                               build/clock_config.o
system_get_prog_type                              build/system.o
system_init                                       build/system.o
                                                  build/main.o
system_init_get_cnt                               build/system.o
trap_entry                                        build/crt0.o
trap_handler                                      build/mik32_it.o
try_init                                          build/common_functions.o
                                                  build/main.o
w25q32jv_chip_erase                               build/w25q32jv_drv.o
w25q32jv_erase_sector                             build/w25q32jv_drv.o
w25q32jv_get_cnt                                  build/w25q32jv_config.o
                                                  build/w25q32jv_drv.o
w25q32jv_init_custom                              build/w25q32jv_drv.o
w25q32jv_init_one                                 build/w25q32jv_drv.o
w25q32jv_mcal_init                                build/w25q32jv_drv.o
                                                  build/system.o
w25q32jv_proc                                     build/w25q32jv_drv.o
w25q32jv_proc_one                                 build/w25q32jv_drv.o
w25q32jv_prog_page                                build/w25q32jv_drv.o
w25q32jv_read_data                                build/w25q32jv_drv.o
w25q32jv_read_reg                                 build/w25q32jv_drv.o
                                                  build/board_api.o
w25q32jv_reg_num_to_op_code                       build/w25q32jv_drv.o
w25q32jv_wait_busy                                build/w25q32jv_drv.o
w25q32jv_write_enable                             build/w25q32jv_drv.o
w25q32jv_write_reg2                               build/w25q32jv_drv.o
w25q32jv_write_regs                               build/w25q32jv_drv.o
                                                  build/board_api.o
