Archive member included to satisfy reference by file (symbol)

C:/xpack-riscv-none-elf-gcc-14.2.0-3/bin/../lib/gcc/riscv-none-elf/14.2.0/rv32imc/ilp32\libgcc.a(fixunssfsi.o)
                              C:\Users\aabdev\AppData\Local\Temp\ccY7tpk0.ltrans0.ltrans.o (__fixunssfsi)
C:/xpack-riscv-none-elf-gcc-14.2.0-3/bin/../lib/gcc/riscv-none-elf/14.2.0/../../../../riscv-none-elf/lib/rv32imc/ilp32\libc.a(libc_a-memset.o)
                              C:\Users\aabdev\AppData\Local\Temp\ccY7tpk0.ltrans0.ltrans.o (memset)
C:/xpack-riscv-none-elf-gcc-14.2.0-3/bin/../lib/gcc/riscv-none-elf/14.2.0/../../../../riscv-none-elf/lib/rv32imc/ilp32\libc.a(libc_a-memcpy.o)
                              C:\Users\aabdev\AppData\Local\Temp\ccY7tpk0.ltrans0.ltrans.o (memcpy)

Discarded input sections

 .group         0x00000000        0xc C:\Users\aabdev\AppData\Local\Temp\cc9satDa.debug.temp.o
 .group         0x00000000        0xc C:\Users\aabdev\AppData\Local\Temp\cc9satDa.debug.temp.o
 .group         0x00000000        0xc C:\Users\aabdev\AppData\Local\Temp\cc9satDa.debug.temp.o
 .group         0x00000000        0xc C:\Users\aabdev\AppData\Local\Temp\cc9satDa.debug.temp.o
 .group         0x00000000        0xc C:\Users\aabdev\AppData\Local\Temp\cc9satDa.debug.temp.o
 .group         0x00000000        0xc C:\Users\aabdev\AppData\Local\Temp\cc9satDa.debug.temp.o
 .group         0x00000000        0xc C:\Users\aabdev\AppData\Local\Temp\cc9satDa.debug.temp.o
 .group         0x00000000        0xc C:\Users\aabdev\AppData\Local\Temp\cc9satDa.debug.temp.o
 .group         0x00000000        0xc C:\Users\aabdev\AppData\Local\Temp\cc9satDa.debug.temp.o
 .group         0x00000000        0xc C:\Users\aabdev\AppData\Local\Temp\cc9satDa.debug.temp.o
 .group         0x00000000        0xc C:\Users\aabdev\AppData\Local\Temp\cc9satDa.debug.temp.o
 .group         0x00000000        0xc C:\Users\aabdev\AppData\Local\Temp\cc9satDa.debug.temp.o
 .group         0x00000000        0xc C:\Users\aabdev\AppData\Local\Temp\cc9satDa.debug.temp.o
 .group         0x00000000        0xc C:\Users\aabdev\AppData\Local\Temp\cc9satDa.debug.temp.o
 .group         0x00000000        0xc C:\Users\aabdev\AppData\Local\Temp\cc9satDa.debug.temp.o
 .group         0x00000000        0xc C:\Users\aabdev\AppData\Local\Temp\cc9satDa.debug.temp.o
 .group         0x00000000        0xc C:\Users\aabdev\AppData\Local\Temp\cc9satDa.debug.temp.o
 .group         0x00000000        0xc C:\Users\aabdev\AppData\Local\Temp\cc9satDa.debug.temp.o
 .group         0x00000000        0xc C:\Users\aabdev\AppData\Local\Temp\cc9satDa.debug.temp.o
 .group         0x00000000        0xc C:\Users\aabdev\AppData\Local\Temp\cc9satDa.debug.temp.o
 .group         0x00000000        0xc C:\Users\aabdev\AppData\Local\Temp\cc9satDa.debug.temp.o
 .group         0x00000000        0xc C:\Users\aabdev\AppData\Local\Temp\cc9satDa.debug.temp.o
 .group         0x00000000        0xc C:\Users\aabdev\AppData\Local\Temp\cc9satDa.debug.temp.o
 .group         0x00000000        0xc C:\Users\aabdev\AppData\Local\Temp\cc9satDa.debug.temp.o
 .group         0x00000000        0xc C:\Users\aabdev\AppData\Local\Temp\cc9satDa.debug.temp.o
 .group         0x00000000        0xc C:\Users\aabdev\AppData\Local\Temp\cc9satDa.debug.temp.o
 .group         0x00000000        0xc C:\Users\aabdev\AppData\Local\Temp\cc9satDa.debug.temp.o
 .group         0x00000000        0xc C:\Users\aabdev\AppData\Local\Temp\cc9satDa.debug.temp.o
 .group         0x00000000        0xc C:\Users\aabdev\AppData\Local\Temp\cc9satDa.debug.temp.o
 .group         0x00000000        0xc C:\Users\aabdev\AppData\Local\Temp\cc9satDa.debug.temp.o
 .group         0x00000000        0xc C:\Users\aabdev\AppData\Local\Temp\cc9satDa.debug.temp.o
 .group         0x00000000        0xc C:\Users\aabdev\AppData\Local\Temp\cc9satDa.debug.temp.o
 .group         0x00000000        0xc C:\Users\aabdev\AppData\Local\Temp\cc9satDa.debug.temp.o
 .debug_info    0x00000000      0x342 C:\Users\aabdev\AppData\Local\Temp\cc9satDa.debug.temp.o
 .debug_abbrev  0x00000000      0x16c C:\Users\aabdev\AppData\Local\Temp\cc9satDa.debug.temp.o
 .debug_macro   0x00000000      0x295 C:\Users\aabdev\AppData\Local\Temp\cc9satDa.debug.temp.o
 .debug_macro   0x00000000      0x982 C:\Users\aabdev\AppData\Local\Temp\cc9satDa.debug.temp.o
 .debug_macro   0x00000000       0x22 C:\Users\aabdev\AppData\Local\Temp\cc9satDa.debug.temp.o
 .debug_macro   0x00000000       0x22 C:\Users\aabdev\AppData\Local\Temp\cc9satDa.debug.temp.o
 .debug_macro   0x00000000       0x56 C:\Users\aabdev\AppData\Local\Temp\cc9satDa.debug.temp.o
 .debug_macro   0x00000000       0x51 C:\Users\aabdev\AppData\Local\Temp\cc9satDa.debug.temp.o
 .debug_macro   0x00000000      0x103 C:\Users\aabdev\AppData\Local\Temp\cc9satDa.debug.temp.o
 .debug_macro   0x00000000       0x6a C:\Users\aabdev\AppData\Local\Temp\cc9satDa.debug.temp.o
 .debug_macro   0x00000000      0x1df C:\Users\aabdev\AppData\Local\Temp\cc9satDa.debug.temp.o
[...]
Memory Configuration

Name             Origin             Length             Attributes
eeprom           0x01000000         0x00002000         xr
ram              0x02000000         0x00004000         xrw
*default*        0x00000000         0xffffffff

Linker script and memory map

LOAD build/microcontroller_drv.o
LOAD C:\Users\aabdev\AppData\Local\Temp\ccY7tpk0.ltrans0.ltrans.o
LOAD C:\Users\aabdev\AppData\Local\Temp\cc9satDa.debug.temp.o
LOAD C:\Users\aabdev\AppData\Local\Temp\ccWp86Zx.debug.temp.o
LOAD C:\Users\aabdev\AppData\Local\Temp\cc5jr1NU.debug.temp.o
LOAD C:\Users\aabdev\AppData\Local\Temp\ccGkyN9f.debug.temp.o
LOAD C:\Users\aabdev\AppData\Local\Temp\ccnQXLgF.debug.temp.o
LOAD C:\Users\aabdev\AppData\Local\Temp\ccwA7rS2.debug.temp.o
LOAD C:\Users\aabdev\AppData\Local\Temp\cc3wZ8Gu.debug.temp.o
LOAD C:\Users\aabdev\AppData\Local\Temp\cc2vXBdW.debug.temp.o
LOAD C:\Users\aabdev\AppData\Local\Temp\ccLSVOfq.debug.temp.o
LOAD C:\Users\aabdev\AppData\Local\Temp\cc0lFEeT.debug.temp.o
LOAD C:\Users\aabdev\AppData\Local\Temp\ccN4RvMp.debug.temp.o
LOAD C:\Users\aabdev\AppData\Local\Temp\ccyIAQWU.debug.temp.o
LOAD C:\Users\aabdev\AppData\Local\Temp\cc7lOz4t.debug.temp.o
LOAD C:\Users\aabdev\AppData\Local\Temp\cc2AdSC1.debug.temp.o
LOAD C:\Users\aabdev\AppData\Local\Temp\ccDhe0Ky.debug.temp.o
LOAD C:\Users\aabdev\AppData\Local\Temp\cc2fDqt9.debug.temp.o
LOAD C:\Users\aabdev\AppData\Local\Temp\ccTaBBYM.debug.temp.o
LOAD C:\Users\aabdev\AppData\Local\Temp\ccYOa8dp.debug.temp.o
LOAD C:\Users\aabdev\AppData\Local\Temp\cc3m9oS1.debug.temp.o
LOAD C:\Users\aabdev\AppData\Local\Temp\ccqmtMGH.debug.temp.o
LOAD C:\Users\aabdev\AppData\Local\Temp\ccXWxXam.debug.temp.o
LOAD C:\Users\aabdev\AppData\Local\Temp\cckudp4Z.debug.temp.o
LOAD C:\Users\aabdev\AppData\Local\Temp\ccDDBjQH.debug.temp.o
LOAD C:\Users\aabdev\AppData\Local\Temp\cc4KmRpo.debug.temp.o
LOAD C:\Users\aabdev\AppData\Local\Temp\ccZDq4d8.debug.temp.o
LOAD C:\Users\aabdev\AppData\Local\Temp\ccMGDYJR.debug.temp.o
LOAD C:\Users\aabdev\AppData\Local\Temp\ccdOSnzE.debug.temp.o
LOAD C:\Users\aabdev\AppData\Local\Temp\ccO07ehq.debug.temp.o
LOAD C:\Users\aabdev\AppData\Local\Temp\ccT4Ww4b.debug.temp.o
LOAD C:\Users\aabdev\AppData\Local\Temp\ccwE7f4W.debug.temp.o
LOAD C:\Users\aabdev\AppData\Local\Temp\ccnXPuwK.debug.temp.o
LOAD C:\Users\aabdev\AppData\Local\Temp\cc6b6uQB.debug.temp.o
LOAD C:\Users\aabdev\AppData\Local\Temp\ccf8prds.debug.temp.o
LOAD C:\Users\aabdev\AppData\Local\Temp\ccSlJaWi.debug.temp.o
LOAD C:\Users\aabdev\AppData\Local\Temp\cctw9dH8.debug.temp.o
LOAD C:\Users\aabdev\AppData\Local\Temp\ccgB9MN2.debug.temp.o
LOAD C:\Users\aabdev\AppData\Local\Temp\ccHq7deV.debug.temp.o
LOAD C:\Users\aabdev\AppData\Local\Temp\cc0tqbkQ.debug.temp.o
LOAD C:\Users\aabdev\AppData\Local\Temp\ccdGtVGO.debug.temp.o
LOAD C:\Users\aabdev\AppData\Local\Temp\ccCUKrKM.debug.temp.o
LOAD C:\Users\aabdev\AppData\Local\Temp\ccdNFrrK.debug.temp.o
LOAD C:\Users\aabdev\AppData\Local\Temp\ccoMMilH.debug.temp.o
LOAD C:\Users\aabdev\AppData\Local\Temp\cc1ZZwTH.debug.temp.o
LOAD C:\Users\aabdev\AppData\Local\Temp\ccMzSnXG.debug.temp.o
LOAD C:\Users\aabdev\AppData\Local\Temp\ccRNY75J.debug.temp.o
LOAD C:\Users\aabdev\AppData\Local\Temp\ccge67QM.debug.temp.o
LOAD C:\Users\aabdev\AppData\Local\Temp\ccnpo1oO.debug.temp.o
LOAD C:\Users\aabdev\AppData\Local\Temp\ccOEXKoT.debug.temp.o
LOAD C:\Users\aabdev\AppData\Local\Temp\ccH0IO6X.debug.temp.o
LOAD C:\Users\aabdev\AppData\Local\Temp\ccmr6g31.debug.temp.o
LOAD C:\Users\aabdev\AppData\Local\Temp\cc1Z9y89.debug.temp.o
LOAD C:\Users\aabdev\AppData\Local\Temp\ccYr3nFh.debug.temp.o
LOAD C:\Users\aabdev\AppData\Local\Temp\ccRVGjUn.debug.temp.o
LOAD C:\Users\aabdev\AppData\Local\Temp\cc8jzJ2x.debug.temp.o
LOAD C:\Users\aabdev\AppData\Local\Temp\ccNsFdAH.debug.temp.o
LOAD build/core_driver.o
LOAD build/rv32imc_driver.o
LOAD build/clock_general.o
LOAD build/gpio_general.o
LOAD build/interrupt_general.o
LOAD build/spifi_general.o
LOAD build/uart_general.o
LOAD build/uart_isr.o
LOAD build/mik32_it.o
LOAD build/hal_mcal.o
LOAD build/clock.o
LOAD build/gpio_mcal.o
LOAD build/interrupt_mcal.o
LOAD build/spifi_mcal.o
LOAD build/uart_mcal.o
LOAD build/uart_custom_isr.o
LOAD build/fifo_index.o
LOAD build/fifo_char.o
LOAD build/interface_drv.o
LOAD build/protocol.o
LOAD build/tbfp.o
LOAD build/tbfp_isr.o
LOAD build/tbfp_protocol_parser.o
LOAD build/boot_driver.o
LOAD build/led_drv.o
LOAD build/led_mono_drv.o
LOAD build/super_cycle.o
LOAD build/super_cycle_config.o
LOAD build/system.o
LOAD build/task_info.o
LOAD build/task_config.o
LOAD build/limiter.o
LOAD build/computing.o
LOAD build/storage.o
LOAD build/w25q32jv_drv.o
LOAD build/common_functions.o
LOAD build/main.o
LOAD build/boot_config.o
LOAD build/clock_config.o
LOAD build/interrupt_config.o
LOAD build/board_api.o
LOAD build/gpio_config.o
LOAD build/led_mono_config.o
LOAD build/spifi_config.o
LOAD build/tbfp_config.o
LOAD build/uart_config.o
LOAD build/w25q32jv_config.o
LOAD build/k1948bk018.o
LOAD build/mik32_hal.o
LOAD build/mik32_hal_pcc.o
LOAD build/mik32_hal_spifi.o
LOAD build/mik32_hal_gpio.o
LOAD build/mik32_hal_irq.o
LOAD build/mik32_hal_usart.o
LOAD build/crt0.o
LOAD C:/xpack-riscv-none-elf-gcc-14.2.0-3/bin/../lib/gcc/riscv-none-elf/14.2.0/rv32imc/ilp32\libgcc.a
START GROUP
LOAD C:/xpack-riscv-none-elf-gcc-14.2.0-3/bin/../lib/gcc/riscv-none-elf/14.2.0/../../../../riscv-none-elf/lib/rv32imc/ilp32\libc.a
LOAD C:/xpack-riscv-none-elf-gcc-14.2.0-3/bin/../lib/gcc/riscv-none-elf/14.2.0/../../../../riscv-none-elf/lib/rv32imc/ilp32\libgloss.a
END GROUP
LOAD C:/xpack-riscv-none-elf-gcc-14.2.0-3/bin/../lib/gcc/riscv-none-elf/14.2.0/rv32imc/ilp32\libgcc.a
                0x00001000                        __stack_size = 0x1000
                0x00000004                        SECTION_ALIGNMENT = 0x4

.startup        0x01000000       0xb8
 *crt0.o(.text .text.*)
 .text          0x01000000       0xb8 build/crt0.o
                0x01000000                _start
                0x010000b6                SystemInit
                0x010000b6                SmallSystemInit

.ram_text       0x02000000      0x158 load address 0x010000b8
                0x02000000                        PROVIDE (__RAM_TEXT_START__ = .)
 *(.small_ram_text)
                0x020000c0                        . = (ORIGIN (REGION_RAM) + 0xc0)
 *fill*         0x02000000       0xc0 
                0x020000c0                        PROVIDE (__TRAP_TEXT_START__ = .)
 *crt0.o(.trap_text)
 .trap_text     0x020000c0       0x98 build/crt0.o
                0x020000c0                trap_entry
                0x020000c4                raw_trap_handler
 *(.trap_text)
 *(.ram_text)
                0x02000158                        . = ALIGN (0x4)
                [!provide]                        PROVIDE (__RAM_TEXT_END__ = .)
                0x010000b8                        __RAM_TEXT_IMAGE_START__ = LOADADDR (.ram_text)
                0x01000210                        __RAM_TEXT_IMAGE_END__ = (LOADADDR (.ram_text) + SIZEOF (.ram_text))
                0x00000001                        ASSERT ((__RAM_TEXT_IMAGE_END__ < (ORIGIN (REGION_TEXT) + LENGTH (REGION_TEXT))), REGION_TEXT segment overflows)

.text           0x01000210     0x171c
                [!provide]                        PROVIDE (__TEXT_START__ = .)
 *(.text.SmallSystemInit)
 *(.text)
 .text          0x01000210     0x12e6 C:\Users\aabdev\AppData\Local\Temp\ccY7tpk0.ltrans0.ltrans.o
                0x010013a2                trap_handler
 .text          0x010014f6       0xa8 C:/xpack-riscv-none-elf-gcc-14.2.0-3/bin/../lib/gcc/riscv-none-elf/14.2.0/../../../../riscv-none-elf/lib/rv32imc/ilp32\libc.a(libc_a-memset.o)
                0x010014f6                memset
 *(.text.*)
 .text.startup  0x0100159e       0xe2 C:\Users\aabdev\AppData\Local\Temp\ccY7tpk0.ltrans0.ltrans.o
                0x0100159e                main
 .text.__fixunssfsi
                0x01001680       0x52 C:/xpack-riscv-none-elf-gcc-14.2.0-3/bin/../lib/gcc/riscv-none-elf/14.2.0/rv32imc/ilp32\libgcc.a(fixunssfsi.o)
                0x01001680                __fixunssfsi
 .text.memcpy   0x010016d2       0xec C:/xpack-riscv-none-elf-gcc-14.2.0-3/bin/../lib/gcc/riscv-none-elf/14.2.0/../../../../riscv-none-elf/lib/rv32imc/ilp32\libc.a(libc_a-memcpy.o)
                0x010016d2                memcpy
 *(.gnu.linkonce.t.*)
 *(.rodata)
 *fill*         0x010017be        0x2 
 .rodata        0x010017c0      0x16c C:\Users\aabdev\AppData\Local\Temp\ccY7tpk0.ltrans0.ltrans.o
 *(.rodata.*)
 *(.gnu.linkonce.r.*)
                0x0100192c                        . = ALIGN (0x4)
                [!provide]                        PROVIDE (__TEXT_END__ = .)

.tdata          0x02000158        0x0 load address 0x0100192c
                [!provide]                        PROVIDE (_tls_data = .)
                [!provide]                        PROVIDE (_tdata_start = .)
 *(.tdata .tdata.*)
 *(.gnu.linkonce.td.*)
                0x02000158                        . = ALIGN (0x4)
                [!provide]                        PROVIDE (_tdata_end = .)

.tbss           0x02000158        0x0 load address 0x0100192c
                [!provide]                        PROVIDE (_tbss_start = .)
 *(.tbss .tbss.*)
 *(.gnu.linkonce.tb.*)
                0x02000158                        . = ALIGN (0x4)
                [!provide]                        PROVIDE (_tbss_end = .)
                0x0100192c                        __TDATA_IMAGE_START__ = LOADADDR (.tdata)
                0x0100192c                        __TDATA_IMAGE_END__ = (LOADADDR (.tdata) + SIZEOF (.tdata))

.data           0x02000158      0x3d4 load address 0x0100192c
                0x02000158                        PROVIDE (__DATA_START__ = .)
 *(.data .data.*)
 .data          0x02000158      0x3d2 C:\Users\aabdev\AppData\Local\Temp\ccY7tpk0.ltrans0.ltrans.o
 *(.gnu.linkonce.d.*)
                0x0200052c                        . = ALIGN (0x4)
 *fill*         0x0200052a        0x2 
                [!provide]                        PROVIDE (__DATA_END__ = .)

.sdata          0x0200052c        0x0 load address 0x01001d00
                0x0200052c                        PROVIDE (__SDATA_START__ = .)
 *(.sdata .sdata.* .sdata2.* .gnu.linkonce.s.*)

.srodata        0x0200052c        0xa load address 0x01001d00
                [!provide]                        PROVIDE (__SRODATA_START__ = .)
 *(.srodata.cst16)
 *(.srodata.cst8)
 *(.srodata.cst4)
 *(.srodata.cst2)
 *(.srodata*)
 .srodata       0x0200052c        0xa C:\Users\aabdev\AppData\Local\Temp\ccY7tpk0.ltrans0.ltrans.o
                0x0100192c                        __DATA_IMAGE_START__ = LOADADDR (.data)
                0x01001d0a                        __DATA_IMAGE_END__ = (LOADADDR (.srodata) + SIZEOF (.srodata))

.rela.dyn       0x02000538        0x0 load address 0x01001d0a
 .rela.text     0x02000538        0x0 build/crt0.o
 .rela.trap_text
                0x02000538        0x0 build/crt0.o

.sbss           0x02000538        0xc load address 0x01001d0c
                0x02000538                        PROVIDE (__SBSS_START__ = .)
 *(.sbss .sbss.*)
 .sbss          0x02000538        0xc C:\Users\aabdev\AppData\Local\Temp\ccY7tpk0.ltrans0.ltrans.o
 *(.gnu.linkonce.sb.*)
 *(.scommon)
                0x02000544                        . = ALIGN (0x4)
                [!provide]                        PROVIDE (__SBSS_END__ = .)

.bss            0x02000548      0x528 load address 0x01001d0c
                [!provide]                        PROVIDE (__BSS_START__ = .)
 *(.bss .bss.*)
 .bss           0x02000548      0x528 C:\Users\aabdev\AppData\Local\Temp\ccY7tpk0.ltrans0.ltrans.o
 *(.gnu.linkonce.b.*)
 *(COMMON)
                0x02000a70                        . = ALIGN (0x4)
                0x02000a70                        PROVIDE (__BSS_END__ = .)
                0x02000938                        __global_pointer$ = MIN ((__SDATA_START__ + 0x7e0), MAX ((__DATA_START__ + 0x7e0), (__BSS_END__ - 0x7e0)))
                0x00000001                        ASSERT ((__BSS_END__ < ((ORIGIN (REGION_RAM) + LENGTH (REGION_RAM)) - __stack_size)), REGION_RAM section overflows)
                [!provide]                        PROVIDE (_end = .)
                [!provide]                        PROVIDE (__end = .)
                [!provide]                        PROVIDE (end = .)

.stack          0x02003000     0x1000
                0x02003000                        . = ALIGN (0x10)
                [!provide]                        PROVIDE (_heap_end = .)
                [!provide]                        PROVIDE (__STACK_START__ = .)
                0x00001000                        . = __stack_size
 *fill*         0x02003000     0x1000 
                0x02004000                        PROVIDE (__C_STACK_TOP__ = .)
                [!provide]                        PROVIDE (__STACK_END__ = .)

/DISCARD/
 *(.eh_frame .eh_frame.*)
OUTPUT(build/start_mik32_v1_eeprom_bootloader_m.elf elf32-littleriscv)

.debug_info     0x00000000    0x16005
 .debug_info    0x00000000     0x2bc4 C:\Users\aabdev\AppData\Local\Temp\ccY7tpk0.ltrans0.ltrans.o
 .debug_info    0x00002bc4      0x13f C:\Users\aabdev\AppData\Local\Temp\cc5jr1NU.debug.temp.o
                0x00002bc4                rv32imc_driver.c.bd6aea1e
 .debug_info    0x00002d03      0x390 C:\Users\aabdev\AppData\Local\Temp\ccnQXLgF.debug.temp.o
                0x00002d03                gpio_general.c.a9c99a06
 .debug_info    0x00003093      0x316 C:\Users\aabdev\AppData\Local\Temp\ccwA7rS2.debug.temp.o
                0x00003093                interrupt_general.c.a21190de
 .debug_info    0x000033a9      0x872 C:\Users\aabdev\AppData\Local\Temp\cc3wZ8Gu.debug.temp.o
                0x000033a9                spifi_general.c.2fff3b71
 .debug_info    0x00003c1b      0xe68 C:\Users\aabdev\AppData\Local\Temp\cc2vXBdW.debug.temp.o
                0x00003c1b                uart_general.c.4c0118e1
 .debug_info    0x00004a83      0xc52 C:\Users\aabdev\AppData\Local\Temp\ccLSVOfq.debug.temp.o
                0x00004a83                uart_isr.c.97677d22
 .debug_info    0x000056d5      0x1b8 C:\Users\aabdev\AppData\Local\Temp\cc0lFEeT.debug.temp.o
                0x000056d5                mik32_it.c.f91594c7
 .debug_info    0x0000588d      0x140 C:\Users\aabdev\AppData\Local\Temp\ccN4RvMp.debug.temp.o
                0x0000588d                hal_mcal.c.4c29c697
 .debug_info    0x000059cd     0x102b C:\Users\aabdev\AppData\Local\Temp\cc7lOz4t.debug.temp.o
                0x000059cd                gpio_mcal.c.e3c5e1aa
 .debug_info    0x000069f8      0x4f2 C:\Users\aabdev\AppData\Local\Temp\cc2AdSC1.debug.temp.o
                0x000069f8                interrupt_mcal.c.273c5878
 .debug_info    0x00006eea      0xe94 C:\Users\aabdev\AppData\Local\Temp\ccDhe0Ky.debug.temp.o
                0x00006eea                spifi_mcal.c.56955422
 .debug_info    0x00007d7e     0x14f0 C:\Users\aabdev\AppData\Local\Temp\cc2fDqt9.debug.temp.o
                0x00007d7e                uart_mcal.c.ce367bca
 .debug_info    0x0000926e      0xd10 C:\Users\aabdev\AppData\Local\Temp\ccTaBBYM.debug.temp.o
                0x0000926e                uart_custom_isr.c.ef45b74a
 .debug_info    0x00009f7e      0x2a6 C:\Users\aabdev\AppData\Local\Temp\ccYOa8dp.debug.temp.o
                0x00009f7e                fifo_index.c.5cfba32d
 .debug_info    0x0000a224      0x3ff C:\Users\aabdev\AppData\Local\Temp\cc3m9oS1.debug.temp.o
                0x0000a224                fifo_char.c.62f4bc8d
 .debug_info    0x0000a623      0x1a9 C:\Users\aabdev\AppData\Local\Temp\ccqmtMGH.debug.temp.o
                0x0000a623                interface_drv.c.b2ee5872
 .debug_info    0x0000a7cc      0xe8e C:\Users\aabdev\AppData\Local\Temp\cckudp4Z.debug.temp.o
                0x0000a7cc                tbfp.c.5d77ba95
 .debug_info    0x0000b65a      0x638 C:\Users\aabdev\AppData\Local\Temp\ccDDBjQH.debug.temp.o
                0x0000b65a                tbfp_isr.c.9179945e
 .debug_info    0x0000bc92      0xab1 C:\Users\aabdev\AppData\Local\Temp\cc4KmRpo.debug.temp.o
                0x0000bc92                tbfp_protocol_parser.c.5ba0391d
 .debug_info    0x0000c743      0x8c4 C:\Users\aabdev\AppData\Local\Temp\ccdOSnzE.debug.temp.o
                0x0000c743                led_mono_drv.c.5e75ecaa
 .debug_info    0x0000d007      0x28c C:\Users\aabdev\AppData\Local\Temp\ccO07ehq.debug.temp.o
                0x0000d007                super_cycle.c.b0520628
 .debug_info    0x0000d293      0x1bf C:\Users\aabdev\AppData\Local\Temp\ccT4Ww4b.debug.temp.o
                0x0000d293                super_cycle_config.c.fb154393
 .debug_info    0x0000d452      0x304 C:\Users\aabdev\AppData\Local\Temp\ccwE7f4W.debug.temp.o
                0x0000d452                system.c.8039a170
 .debug_info    0x0000d756      0x37e C:\Users\aabdev\AppData\Local\Temp\ccnXPuwK.debug.temp.o
                0x0000d756                task_info.c.89936555
 .debug_info    0x0000dad4      0x245 C:\Users\aabdev\AppData\Local\Temp\ccf8prds.debug.temp.o
                0x0000dad4                limiter.c.b02c1033
 .debug_info    0x0000dd19      0x330 C:\Users\aabdev\AppData\Local\Temp\cctw9dH8.debug.temp.o
                0x0000dd19                storage.c.172caa7b
 .debug_info    0x0000e049     0x1232 C:\Users\aabdev\AppData\Local\Temp\ccgB9MN2.debug.temp.o
                0x0000e049                w25q32jv_drv.c.164d5b84
 .debug_info    0x0000f27b       0xf4 C:\Users\aabdev\AppData\Local\Temp\ccHq7deV.debug.temp.o
                0x0000f27b                common_functions.c.2db14d37
 .debug_info    0x0000f36f       0xd3 C:\Users\aabdev\AppData\Local\Temp\cc0tqbkQ.debug.temp.o
                0x0000f36f                main.c.40a1a394
 .debug_info    0x0000f442      0x434 C:\Users\aabdev\AppData\Local\Temp\ccCUKrKM.debug.temp.o
                0x0000f442                clock_config.c.28c33a36
 .debug_info    0x0000f876      0x213 C:\Users\aabdev\AppData\Local\Temp\ccdNFrrK.debug.temp.o
                0x0000f876                interrupt_config.c.dba02a5a
 .debug_info    0x0000fa89     0x12cb C:\Users\aabdev\AppData\Local\Temp\ccoMMilH.debug.temp.o
                0x0000fa89                board_api.c.97416a90
 .debug_info    0x00010d54      0x381 C:\Users\aabdev\AppData\Local\Temp\cc1ZZwTH.debug.temp.o
                0x00010d54                gpio_config.c.d67422c9
 .debug_info    0x000110d5      0x3b1 C:\Users\aabdev\AppData\Local\Temp\ccMzSnXG.debug.temp.o
                0x000110d5                led_mono_config.c.eb024b64
 .debug_info    0x00011486      0x7bc C:\Users\aabdev\AppData\Local\Temp\ccRNY75J.debug.temp.o
                0x00011486                spifi_config.c.276df91f
 .debug_info    0x00011c42      0x735 C:\Users\aabdev\AppData\Local\Temp\ccge67QM.debug.temp.o
                0x00011c42                tbfp_config.c.78b08338
 .debug_info    0x00012377      0xd3c C:\Users\aabdev\AppData\Local\Temp\ccnpo1oO.debug.temp.o
                0x00012377                uart_config.c.b069a2bb
 .debug_info    0x000130b3      0x3f8 C:\Users\aabdev\AppData\Local\Temp\ccOEXKoT.debug.temp.o
                0x000130b3                w25q32jv_config.c.01bbbe51
 .debug_info    0x000134ab      0x2f7 C:\Users\aabdev\AppData\Local\Temp\cc1Z9y89.debug.temp.o
                0x000134ab                mik32_hal_pcc.c.69fbc874
 .debug_info    0x000137a2      0xb64 C:\Users\aabdev\AppData\Local\Temp\ccYr3nFh.debug.temp.o
                0x000137a2                mik32_hal_spifi.c.4e9b3315
 .debug_info    0x00014306      0xa6b C:\Users\aabdev\AppData\Local\Temp\ccRVGjUn.debug.temp.o
                0x00014306                mik32_hal_gpio.c.fafdb5bd
 .debug_info    0x00014d71      0x1d1 C:\Users\aabdev\AppData\Local\Temp\cc8jzJ2x.debug.temp.o
                0x00014d71                mik32_hal_irq.c.cf37cbab
 .debug_info    0x00014f42      0xf05 C:\Users\aabdev\AppData\Local\Temp\ccNsFdAH.debug.temp.o
                0x00014f42                mik32_hal_usart.c.41119b3e
 .debug_info    0x00015e47      0x19b C:/xpack-riscv-none-elf-gcc-14.2.0-3/bin/../lib/gcc/riscv-none-elf/14.2.0/rv32imc/ilp32\libgcc.a(fixunssfsi.o)
 .debug_info    0x00015fe2       0x23 build/crt0.o

.debug_abbrev   0x00000000     0x42c2
 .debug_abbrev  0x00000000      0x1c2 C:\Users\aabdev\AppData\Local\Temp\ccY7tpk0.ltrans0.ltrans.o
 .debug_abbrev  0x000001c2       0x9e C:\Users\aabdev\AppData\Local\Temp\cc5jr1NU.debug.temp.o
 .debug_abbrev  0x00000260      0x17e C:\Users\aabdev\AppData\Local\Temp\ccnQXLgF.debug.temp.o
 .debug_abbrev  0x000003de      0x131 C:\Users\aabdev\AppData\Local\Temp\ccwA7rS2.debug.temp.o
 .debug_abbrev  0x0000050f      0x1c5 C:\Users\aabdev\AppData\Local\Temp\cc3wZ8Gu.debug.temp.o
 .debug_abbrev  0x000006d4      0x250 C:\Users\aabdev\AppData\Local\Temp\cc2vXBdW.debug.temp.o
 .debug_abbrev  0x00000924      0x1cc C:\Users\aabdev\AppData\Local\Temp\ccLSVOfq.debug.temp.o
 .debug_abbrev  0x00000af0      0x105 C:\Users\aabdev\AppData\Local\Temp\cc0lFEeT.debug.temp.o
 .debug_abbrev  0x00000bf5       0xd9 C:\Users\aabdev\AppData\Local\Temp\ccN4RvMp.debug.temp.o
 .debug_abbrev  0x00000cce      0x27d C:\Users\aabdev\AppData\Local\Temp\cc7lOz4t.debug.temp.o
 .debug_abbrev  0x00000f4b      0x1ab C:\Users\aabdev\AppData\Local\Temp\cc2AdSC1.debug.temp.o
 .debug_abbrev  0x000010f6      0x25c C:\Users\aabdev\AppData\Local\Temp\ccDhe0Ky.debug.temp.o
 .debug_abbrev  0x00001352      0x2c1 C:\Users\aabdev\AppData\Local\Temp\cc2fDqt9.debug.temp.o
 .debug_abbrev  0x00001613      0x209 C:\Users\aabdev\AppData\Local\Temp\ccTaBBYM.debug.temp.o
 .debug_abbrev  0x0000181c       0xd8 C:\Users\aabdev\AppData\Local\Temp\ccYOa8dp.debug.temp.o
 .debug_abbrev  0x000018f4      0x140 C:\Users\aabdev\AppData\Local\Temp\cc3m9oS1.debug.temp.o
 .debug_abbrev  0x00001a34       0xb7 C:\Users\aabdev\AppData\Local\Temp\ccqmtMGH.debug.temp.o
 .debug_abbrev  0x00001aeb      0x234 C:\Users\aabdev\AppData\Local\Temp\cckudp4Z.debug.temp.o
 .debug_abbrev  0x00001d1f       0xf8 C:\Users\aabdev\AppData\Local\Temp\ccDDBjQH.debug.temp.o
 .debug_abbrev  0x00001e17      0x1e4 C:\Users\aabdev\AppData\Local\Temp\cc4KmRpo.debug.temp.o
 .debug_abbrev  0x00001ffb      0x23f C:\Users\aabdev\AppData\Local\Temp\ccdOSnzE.debug.temp.o
 .debug_abbrev  0x0000223a      0x133 C:\Users\aabdev\AppData\Local\Temp\ccO07ehq.debug.temp.o
 .debug_abbrev  0x0000236d       0x91 C:\Users\aabdev\AppData\Local\Temp\ccT4Ww4b.debug.temp.o
 .debug_abbrev  0x000023fe      0x16b C:\Users\aabdev\AppData\Local\Temp\ccwE7f4W.debug.temp.o
 .debug_abbrev  0x00002569      0x152 C:\Users\aabdev\AppData\Local\Temp\ccnXPuwK.debug.temp.o
 .debug_abbrev  0x000026bb       0xf3 C:\Users\aabdev\AppData\Local\Temp\ccf8prds.debug.temp.o
 .debug_abbrev  0x000027ae      0x121 C:\Users\aabdev\AppData\Local\Temp\cctw9dH8.debug.temp.o
 .debug_abbrev  0x000028cf      0x26d C:\Users\aabdev\AppData\Local\Temp\ccgB9MN2.debug.temp.o
 .debug_abbrev  0x00002b3c       0x94 C:\Users\aabdev\AppData\Local\Temp\ccHq7deV.debug.temp.o
 .debug_abbrev  0x00002bd0       0x99 C:\Users\aabdev\AppData\Local\Temp\cc0tqbkQ.debug.temp.o
 .debug_abbrev  0x00002c69      0x17a C:\Users\aabdev\AppData\Local\Temp\ccCUKrKM.debug.temp.o
 .debug_abbrev  0x00002de3       0xd6 C:\Users\aabdev\AppData\Local\Temp\ccdNFrrK.debug.temp.o
 .debug_abbrev  0x00002eb9      0x1e3 C:\Users\aabdev\AppData\Local\Temp\ccoMMilH.debug.temp.o
 .debug_abbrev  0x0000309c      0x14e C:\Users\aabdev\AppData\Local\Temp\cc1ZZwTH.debug.temp.o
 .debug_abbrev  0x000031ea      0x159 C:\Users\aabdev\AppData\Local\Temp\ccMzSnXG.debug.temp.o
 .debug_abbrev  0x00003343      0x1aa C:\Users\aabdev\AppData\Local\Temp\ccRNY75J.debug.temp.o
 .debug_abbrev  0x000034ed       0xf7 C:\Users\aabdev\AppData\Local\Temp\ccge67QM.debug.temp.o
 .debug_abbrev  0x000035e4      0x1c2 C:\Users\aabdev\AppData\Local\Temp\ccnpo1oO.debug.temp.o
 .debug_abbrev  0x000037a6      0x146 C:\Users\aabdev\AppData\Local\Temp\ccOEXKoT.debug.temp.o
 .debug_abbrev  0x000038ec      0x123 C:\Users\aabdev\AppData\Local\Temp\cc1Z9y89.debug.temp.o
 .debug_abbrev  0x00003a0f      0x21e C:\Users\aabdev\AppData\Local\Temp\ccYr3nFh.debug.temp.o
 .debug_abbrev  0x00003c2d      0x1a4 C:\Users\aabdev\AppData\Local\Temp\ccRVGjUn.debug.temp.o
 .debug_abbrev  0x00003dd1       0xda C:\Users\aabdev\AppData\Local\Temp\cc8jzJ2x.debug.temp.o
 .debug_abbrev  0x00003eab      0x2b8 C:\Users\aabdev\AppData\Local\Temp\ccNsFdAH.debug.temp.o
 .debug_abbrev  0x00004163      0x14d C:/xpack-riscv-none-elf-gcc-14.2.0-3/bin/../lib/gcc/riscv-none-elf/14.2.0/rv32imc/ilp32\libgcc.a(fixunssfsi.o)
 .debug_abbrev  0x000042b0       0x12 build/crt0.o

.debug_loclists
                0x00000000     0x2046
 .debug_loclists
                0x00000000     0x1fbf C:\Users\aabdev\AppData\Local\Temp\ccY7tpk0.ltrans0.ltrans.o
 .debug_loclists
                0x00001fbf       0x87 C:/xpack-riscv-none-elf-gcc-14.2.0-3/bin/../lib/gcc/riscv-none-elf/14.2.0/rv32imc/ilp32\libgcc.a(fixunssfsi.o)

.debug_aranges  0x00000000       0x70
 .debug_aranges
                0x00000000       0x28 C:\Users\aabdev\AppData\Local\Temp\ccY7tpk0.ltrans0.ltrans.o
 .debug_aranges
                0x00000028       0x20 C:/xpack-riscv-none-elf-gcc-14.2.0-3/bin/../lib/gcc/riscv-none-elf/14.2.0/rv32imc/ilp32\libgcc.a(fixunssfsi.o)
 .debug_aranges
                0x00000048       0x28 build/crt0.o

.debug_rnglists
                0x00000000      0x659
 .debug_rnglists
                0x00000000      0x61f C:\Users\aabdev\AppData\Local\Temp\ccY7tpk0.ltrans0.ltrans.o
 .debug_rnglists
                0x0000061f       0x1f C:/xpack-riscv-none-elf-gcc-14.2.0-3/bin/../lib/gcc/riscv-none-elf/14.2.0/rv32imc/ilp32\libgcc.a(fixunssfsi.o)
 .debug_rnglists
                0x0000063e       0x1b build/crt0.o

.debug_line     0x00000000     0x8885
 .debug_line    0x00000000     0x3f4b C:\Users\aabdev\AppData\Local\Temp\ccY7tpk0.ltrans0.ltrans.o
 .debug_line    0x00003f4b      0x194 C:\Users\aabdev\AppData\Local\Temp\cc5jr1NU.debug.temp.o
 .debug_line    0x000040df      0x19b C:\Users\aabdev\AppData\Local\Temp\ccnQXLgF.debug.temp.o
 .debug_line    0x0000427a       0xf6 C:\Users\aabdev\AppData\Local\Temp\ccwA7rS2.debug.temp.o
 .debug_line    0x00004370      0x18b C:\Users\aabdev\AppData\Local\Temp\cc3wZ8Gu.debug.temp.o
 .debug_line    0x000044fb      0x222 C:\Users\aabdev\AppData\Local\Temp\cc2vXBdW.debug.temp.o
 .debug_line    0x0000471d      0x202 C:\Users\aabdev\AppData\Local\Temp\ccLSVOfq.debug.temp.o
 .debug_line    0x0000491f      0x280 C:\Users\aabdev\AppData\Local\Temp\cc0lFEeT.debug.temp.o
 .debug_line    0x00004b9f      0x120 C:\Users\aabdev\AppData\Local\Temp\ccN4RvMp.debug.temp.o
 .debug_line    0x00004cbf      0x165 C:\Users\aabdev\AppData\Local\Temp\cc7lOz4t.debug.temp.o
 .debug_line    0x00004e24      0x164 C:\Users\aabdev\AppData\Local\Temp\cc2AdSC1.debug.temp.o
 .debug_line    0x00004f88      0x226 C:\Users\aabdev\AppData\Local\Temp\ccDhe0Ky.debug.temp.o
 .debug_line    0x000051ae      0x262 C:\Users\aabdev\AppData\Local\Temp\cc2fDqt9.debug.temp.o
 .debug_line    0x00005410      0x1f9 C:\Users\aabdev\AppData\Local\Temp\ccTaBBYM.debug.temp.o
 .debug_line    0x00005609       0x85 C:\Users\aabdev\AppData\Local\Temp\ccYOa8dp.debug.temp.o
 .debug_line    0x0000568e       0xc1 C:\Users\aabdev\AppData\Local\Temp\cc3m9oS1.debug.temp.o
 .debug_line    0x0000574f      0x26f C:\Users\aabdev\AppData\Local\Temp\ccqmtMGH.debug.temp.o
 .debug_line    0x000059be      0x278 C:\Users\aabdev\AppData\Local\Temp\cckudp4Z.debug.temp.o
 .debug_line    0x00005c36      0x147 C:\Users\aabdev\AppData\Local\Temp\ccDDBjQH.debug.temp.o
 .debug_line    0x00005d7d      0x156 C:\Users\aabdev\AppData\Local\Temp\cc4KmRpo.debug.temp.o
 .debug_line    0x00005ed3      0x1ee C:\Users\aabdev\AppData\Local\Temp\ccdOSnzE.debug.temp.o
 .debug_line    0x000060c1       0xab C:\Users\aabdev\AppData\Local\Temp\ccO07ehq.debug.temp.o
 .debug_line    0x0000616c       0x98 C:\Users\aabdev\AppData\Local\Temp\ccT4Ww4b.debug.temp.o
 .debug_line    0x00006204      0x417 C:\Users\aabdev\AppData\Local\Temp\ccwE7f4W.debug.temp.o
 .debug_line    0x0000661b      0x2b3 C:\Users\aabdev\AppData\Local\Temp\ccnXPuwK.debug.temp.o
 .debug_line    0x000068ce       0x98 C:\Users\aabdev\AppData\Local\Temp\ccf8prds.debug.temp.o
 .debug_line    0x00006966      0x270 C:\Users\aabdev\AppData\Local\Temp\cctw9dH8.debug.temp.o
 .debug_line    0x00006bd6      0x20a C:\Users\aabdev\AppData\Local\Temp\ccgB9MN2.debug.temp.o
 .debug_line    0x00006de0      0x348 C:\Users\aabdev\AppData\Local\Temp\ccHq7deV.debug.temp.o
 .debug_line    0x00007128      0x272 C:\Users\aabdev\AppData\Local\Temp\cc0tqbkQ.debug.temp.o
 .debug_line    0x0000739a      0x178 C:\Users\aabdev\AppData\Local\Temp\ccCUKrKM.debug.temp.o
 .debug_line    0x00007512      0x13d C:\Users\aabdev\AppData\Local\Temp\ccdNFrrK.debug.temp.o
 .debug_line    0x0000764f      0x2a0 C:\Users\aabdev\AppData\Local\Temp\ccoMMilH.debug.temp.o
 .debug_line    0x000078ef      0x14e C:\Users\aabdev\AppData\Local\Temp\cc1ZZwTH.debug.temp.o
 .debug_line    0x00007a3d      0x101 C:\Users\aabdev\AppData\Local\Temp\ccMzSnXG.debug.temp.o
 .debug_line    0x00007b3e      0x16a C:\Users\aabdev\AppData\Local\Temp\ccRNY75J.debug.temp.o
 .debug_line    0x00007ca8      0x15d C:\Users\aabdev\AppData\Local\Temp\ccge67QM.debug.temp.o
 .debug_line    0x00007e05      0x1d7 C:\Users\aabdev\AppData\Local\Temp\ccnpo1oO.debug.temp.o
 .debug_line    0x00007fdc      0x13f C:\Users\aabdev\AppData\Local\Temp\ccOEXKoT.debug.temp.o
 .debug_line    0x0000811b       0xd1 C:\Users\aabdev\AppData\Local\Temp\cc1Z9y89.debug.temp.o
 .debug_line    0x000081ec       0xf8 C:\Users\aabdev\AppData\Local\Temp\ccYr3nFh.debug.temp.o
 .debug_line    0x000082e4       0xe5 C:\Users\aabdev\AppData\Local\Temp\ccRVGjUn.debug.temp.o
 .debug_line    0x000083c9       0xda C:\Users\aabdev\AppData\Local\Temp\cc8jzJ2x.debug.temp.o
 .debug_line    0x000084a3      0x120 C:\Users\aabdev\AppData\Local\Temp\ccNsFdAH.debug.temp.o
 .debug_line    0x000085c3      0x1ac C:/xpack-riscv-none-elf-gcc-14.2.0-3/bin/../lib/gcc/riscv-none-elf/14.2.0/rv32imc/ilp32\libgcc.a(fixunssfsi.o)
 .debug_line    0x0000876f      0x116 build/crt0.o

.debug_str      0x00000000    0x1d209
 .debug_str     0x00000000      0x18a C:\Users\aabdev\AppData\Local\Temp\ccY7tpk0.ltrans0.ltrans.o
 .debug_str     0x00000000     0x9dfc C:\Users\aabdev\AppData\Local\Temp\cc5jr1NU.debug.temp.o
 .debug_str     0x00000000     0xc401 C:\Users\aabdev\AppData\Local\Temp\ccnQXLgF.debug.temp.o
 .debug_str     0x00000000     0x990b C:\Users\aabdev\AppData\Local\Temp\ccwA7rS2.debug.temp.o
 .debug_str     0x00000000     0xcd83 C:\Users\aabdev\AppData\Local\Temp\cc3wZ8Gu.debug.temp.o
 .debug_str     0x00000000    0x10f8e C:\Users\aabdev\AppData\Local\Temp\cc2vXBdW.debug.temp.o
 .debug_str     0x00000000    0x1043d C:\Users\aabdev\AppData\Local\Temp\ccLSVOfq.debug.temp.o
 .debug_str     0x00000000    0x11873 C:\Users\aabdev\AppData\Local\Temp\cc0lFEeT.debug.temp.o
 .debug_str     0x00000000     0x94e2 C:\Users\aabdev\AppData\Local\Temp\ccN4RvMp.debug.temp.o
 .debug_str     0x00000000     0xc5b8 C:\Users\aabdev\AppData\Local\Temp\cc7lOz4t.debug.temp.o
 .debug_str     0x00000000     0xd1ef C:\Users\aabdev\AppData\Local\Temp\cc2AdSC1.debug.temp.o
 .debug_str     0x00000000    0x1045a C:\Users\aabdev\AppData\Local\Temp\ccDhe0Ky.debug.temp.o
 .debug_str     0x00000000    0x12e23 C:\Users\aabdev\AppData\Local\Temp\cc2fDqt9.debug.temp.o
 .debug_str     0x00000000    0x10517 C:\Users\aabdev\AppData\Local\Temp\ccTaBBYM.debug.temp.o
 .debug_str     0x00000000     0x40d7 C:\Users\aabdev\AppData\Local\Temp\ccYOa8dp.debug.temp.o
 .debug_str     0x00000000     0x6c36 C:\Users\aabdev\AppData\Local\Temp\cc3m9oS1.debug.temp.o
 .debug_str     0x00000000    0x1093f C:\Users\aabdev\AppData\Local\Temp\ccqmtMGH.debug.temp.o
 .debug_str     0x00000000     0xe3e1 C:\Users\aabdev\AppData\Local\Temp\cckudp4Z.debug.temp.o
 .debug_str     0x00000000     0x7dbf C:\Users\aabdev\AppData\Local\Temp\ccDDBjQH.debug.temp.o
 .debug_str     0x00000000     0x80c7 C:\Users\aabdev\AppData\Local\Temp\cc4KmRpo.debug.temp.o
 .debug_str     0x00000000     0xf8ad C:\Users\aabdev\AppData\Local\Temp\ccdOSnzE.debug.temp.o
 .debug_str     0x00000000     0x4119 C:\Users\aabdev\AppData\Local\Temp\ccO07ehq.debug.temp.o
 .debug_str     0x00000000     0x3cf7 C:\Users\aabdev\AppData\Local\Temp\ccT4Ww4b.debug.temp.o
 .debug_str     0x00000000    0x13321 C:\Users\aabdev\AppData\Local\Temp\ccwE7f4W.debug.temp.o
 .debug_str     0x00000000     0xe5b5 C:\Users\aabdev\AppData\Local\Temp\ccnXPuwK.debug.temp.o
 .debug_str     0x00000000     0x4019 C:\Users\aabdev\AppData\Local\Temp\ccf8prds.debug.temp.o
 .debug_str     0x00000000     0xf8ca C:\Users\aabdev\AppData\Local\Temp\cctw9dH8.debug.temp.o
 .debug_str     0x00000000    0x10422 C:\Users\aabdev\AppData\Local\Temp\ccgB9MN2.debug.temp.o
 .debug_str     0x00000000    0x10471 C:\Users\aabdev\AppData\Local\Temp\ccHq7deV.debug.temp.o
 .debug_str     0x00000000    0x1012b C:\Users\aabdev\AppData\Local\Temp\cc0tqbkQ.debug.temp.o
 .debug_str     0x00000000     0xc2b5 C:\Users\aabdev\AppData\Local\Temp\ccCUKrKM.debug.temp.o
 .debug_str     0x00000000     0xa28c C:\Users\aabdev\AppData\Local\Temp\ccdNFrrK.debug.temp.o
 .debug_str     0x00000000    0x10e1c C:\Users\aabdev\AppData\Local\Temp\ccoMMilH.debug.temp.o
 .debug_str     0x00000000     0xbdcf C:\Users\aabdev\AppData\Local\Temp\cc1ZZwTH.debug.temp.o
 .debug_str     0x00000000     0x5ad0 C:\Users\aabdev\AppData\Local\Temp\ccMzSnXG.debug.temp.o
 .debug_str     0x00000000     0xc1e3 C:\Users\aabdev\AppData\Local\Temp\ccRNY75J.debug.temp.o
 .debug_str     0x00000000     0x7e94 C:\Users\aabdev\AppData\Local\Temp\ccge67QM.debug.temp.o
 .debug_str     0x00000000    0x1041f C:\Users\aabdev\AppData\Local\Temp\ccnpo1oO.debug.temp.o
 .debug_str     0x00000000     0xb863 C:\Users\aabdev\AppData\Local\Temp\ccOEXKoT.debug.temp.o
 .debug_str     0x00000000     0xb13e C:\Users\aabdev\AppData\Local\Temp\cc1Z9y89.debug.temp.o
 .debug_str     0x00000000     0xbf50 C:\Users\aabdev\AppData\Local\Temp\ccYr3nFh.debug.temp.o
 .debug_str     0x00000000     0xc8da C:\Users\aabdev\AppData\Local\Temp\ccRVGjUn.debug.temp.o
 .debug_str     0x00000000     0xa77d C:\Users\aabdev\AppData\Local\Temp\cc8jzJ2x.debug.temp.o
 .debug_str     0x00000000     0xf901 C:\Users\aabdev\AppData\Local\Temp\ccNsFdAH.debug.temp.o
 .debug_str     0x00000000      0x1b5 C:/xpack-riscv-none-elf-gcc-14.2.0-3/bin/../lib/gcc/riscv-none-elf/14.2.0/rv32imc/ilp32\libgcc.a(fixunssfsi.o)
 .debug_str     0x00000000    0x1d209 build/crt0.o
                                 0x90 (size before relaxing)

.debug_line_str
                0x00000000     0x227d
 .debug_line_str
                0x00000000      0x7a4 C:\Users\aabdev\AppData\Local\Temp\ccY7tpk0.ltrans0.ltrans.o
 .debug_line_str
                0x00000000      0x7a1 C:\Users\aabdev\AppData\Local\Temp\cc5jr1NU.debug.temp.o
 .debug_line_str
                0x00000000      0x77f C:\Users\aabdev\AppData\Local\Temp\ccnQXLgF.debug.temp.o
 .debug_line_str
                0x00000000      0x4cd C:\Users\aabdev\AppData\Local\Temp\ccwA7rS2.debug.temp.o
 .debug_line_str
                0x00000000      0x787 C:\Users\aabdev\AppData\Local\Temp\cc3wZ8Gu.debug.temp.o
 .debug_line_str
                0x00000000      0x9e9 C:\Users\aabdev\AppData\Local\Temp\cc2vXBdW.debug.temp.o
 .debug_line_str
                0x00000000      0x949 C:\Users\aabdev\AppData\Local\Temp\ccLSVOfq.debug.temp.o
 .debug_line_str
                0x00000000      0xb25 C:\Users\aabdev\AppData\Local\Temp\cc0lFEeT.debug.temp.o
 .debug_line_str
                0x00000000      0x5be C:\Users\aabdev\AppData\Local\Temp\ccN4RvMp.debug.temp.o
 .debug_line_str
                0x00000000      0x6b6 C:\Users\aabdev\AppData\Local\Temp\cc7lOz4t.debug.temp.o
 .debug_line_str
                0x00000000      0x712 C:\Users\aabdev\AppData\Local\Temp\cc2AdSC1.debug.temp.o
 .debug_line_str
                0x00000000      0x9f1 C:\Users\aabdev\AppData\Local\Temp\ccDhe0Ky.debug.temp.o
 .debug_line_str
                0x00000000      0xae1 C:\Users\aabdev\AppData\Local\Temp\cc2fDqt9.debug.temp.o
 .debug_line_str
                0x00000000      0x90c C:\Users\aabdev\AppData\Local\Temp\ccTaBBYM.debug.temp.o
 .debug_line_str
                0x00000000      0x245 C:\Users\aabdev\AppData\Local\Temp\ccYOa8dp.debug.temp.o
 .debug_line_str
                0x00000000      0x29b C:\Users\aabdev\AppData\Local\Temp\cc3m9oS1.debug.temp.o
 .debug_line_str
                0x00000000      0xaa9 C:\Users\aabdev\AppData\Local\Temp\ccqmtMGH.debug.temp.o
 .debug_line_str
                0x00000000      0xab6 C:\Users\aabdev\AppData\Local\Temp\cckudp4Z.debug.temp.o
 .debug_line_str
                0x00000000      0x512 C:\Users\aabdev\AppData\Local\Temp\ccDDBjQH.debug.temp.o
 .debug_line_str
                0x00000000      0x53f C:\Users\aabdev\AppData\Local\Temp\cc4KmRpo.debug.temp.o
 .debug_line_str
                0x00000000      0x871 C:\Users\aabdev\AppData\Local\Temp\ccdOSnzE.debug.temp.o
 .debug_line_str
                0x00000000      0x313 C:\Users\aabdev\AppData\Local\Temp\ccO07ehq.debug.temp.o
 .debug_line_str
                0x00000000      0x2d2 C:\Users\aabdev\AppData\Local\Temp\ccT4Ww4b.debug.temp.o
 .debug_line_str
                0x00000000     0x1172 C:\Users\aabdev\AppData\Local\Temp\ccwE7f4W.debug.temp.o
 .debug_line_str
                0x00000000      0xbf1 C:\Users\aabdev\AppData\Local\Temp\ccnXPuwK.debug.temp.o
 .debug_line_str
                0x00000000      0x2a4 C:\Users\aabdev\AppData\Local\Temp\ccf8prds.debug.temp.o
 .debug_line_str
                0x00000000      0xa71 C:\Users\aabdev\AppData\Local\Temp\cctw9dH8.debug.temp.o
 .debug_line_str
                0x00000000      0x928 C:\Users\aabdev\AppData\Local\Temp\ccgB9MN2.debug.temp.o
 .debug_line_str
                0x00000000      0xe1e C:\Users\aabdev\AppData\Local\Temp\ccHq7deV.debug.temp.o
 .debug_line_str
                0x00000000      0xabf C:\Users\aabdev\AppData\Local\Temp\cc0tqbkQ.debug.temp.o
 .debug_line_str
                0x00000000      0x707 C:\Users\aabdev\AppData\Local\Temp\ccCUKrKM.debug.temp.o
 .debug_line_str
                0x00000000      0x644 C:\Users\aabdev\AppData\Local\Temp\ccdNFrrK.debug.temp.o
 .debug_line_str
                0x00000000      0xb88 C:\Users\aabdev\AppData\Local\Temp\ccoMMilH.debug.temp.o
 .debug_line_str
                0x00000000      0x628 C:\Users\aabdev\AppData\Local\Temp\cc1ZZwTH.debug.temp.o
 .debug_line_str
                0x00000000      0x493 C:\Users\aabdev\AppData\Local\Temp\ccMzSnXG.debug.temp.o
 .debug_line_str
                0x00000000      0x6de C:\Users\aabdev\AppData\Local\Temp\ccRNY75J.debug.temp.o
 .debug_line_str
                0x00000000      0x5b2 C:\Users\aabdev\AppData\Local\Temp\ccge67QM.debug.temp.o
 .debug_line_str
                0x00000000      0x87e C:\Users\aabdev\AppData\Local\Temp\ccnpo1oO.debug.temp.o
 .debug_line_str
                0x00000000      0x5f9 C:\Users\aabdev\AppData\Local\Temp\ccOEXKoT.debug.temp.o
 .debug_line_str
                0x00000000      0x433 C:\Users\aabdev\AppData\Local\Temp\cc1Z9y89.debug.temp.o
 .debug_line_str
                0x00000000      0x4cb C:\Users\aabdev\AppData\Local\Temp\ccYr3nFh.debug.temp.o
 .debug_line_str
                0x00000000      0x465 C:\Users\aabdev\AppData\Local\Temp\ccRVGjUn.debug.temp.o
 .debug_line_str
                0x00000000      0x47a C:\Users\aabdev\AppData\Local\Temp\cc8jzJ2x.debug.temp.o
 .debug_line_str
                0x00000000      0x4fb C:\Users\aabdev\AppData\Local\Temp\ccNsFdAH.debug.temp.o
 .debug_line_str
                0x00000000      0x28a C:/xpack-riscv-none-elf-gcc-14.2.0-3/bin/../lib/gcc/riscv-none-elf/14.2.0/rv32imc/ilp32\libgcc.a(fixunssfsi.o)
 .debug_line_str
                0x00000000     0x227d build/crt0.o
                                 0x82 (size before relaxing)

.comment        0x00000000       0x33
 .comment       0x00000000       0x33 C:\Users\aabdev\AppData\Local\Temp\ccY7tpk0.ltrans0.ltrans.o
                                 0x34 (size before relaxing)
 .comment       0x00000033       0x34 C:/xpack-riscv-none-elf-gcc-14.2.0-3/bin/../lib/gcc/riscv-none-elf/14.2.0/rv32imc/ilp32\libgcc.a(fixunssfsi.o)
 .comment       0x00000033       0x34 C:/xpack-riscv-none-elf-gcc-14.2.0-3/bin/../lib/gcc/riscv-none-elf/14.2.0/../../../../riscv-none-elf/lib/rv32imc/ilp32\libc.a(libc_a-memcpy.o)

.note.GNU-stack
                0x00000000        0x0
 .note.GNU-stack
                0x00000000        0x0 C:\Users\aabdev\AppData\Local\Temp\ccY7tpk0.ltrans0.ltrans.o
 .note.GNU-stack
                0x00000000        0x0 C:/xpack-riscv-none-elf-gcc-14.2.0-3/bin/../lib/gcc/riscv-none-elf/14.2.0/rv32imc/ilp32\libgcc.a(fixunssfsi.o)
 .note.GNU-stack
                0x00000000        0x0 C:/xpack-riscv-none-elf-gcc-14.2.0-3/bin/../lib/gcc/riscv-none-elf/14.2.0/../../../../riscv-none-elf/lib/rv32imc/ilp32\libc.a(libc_a-memcpy.o)

.riscv.attributes
                0x00000000       0x48
 .riscv.attributes
                0x00000000       0x48 C:\Users\aabdev\AppData\Local\Temp\ccY7tpk0.ltrans0.ltrans.o
 .riscv.attributes
                0x00000048       0x2f C:/xpack-riscv-none-elf-gcc-14.2.0-3/bin/../lib/gcc/riscv-none-elf/14.2.0/rv32imc/ilp32\libgcc.a(fixunssfsi.o)
 .riscv.attributes
                0x00000077       0x2d C:/xpack-riscv-none-elf-gcc-14.2.0-3/bin/../lib/gcc/riscv-none-elf/14.2.0/../../../../riscv-none-elf/lib/rv32imc/ilp32\libc.a(libc_a-memset.o)
 .riscv.attributes
                0x000000a4       0x2f C:/xpack-riscv-none-elf-gcc-14.2.0-3/bin/../lib/gcc/riscv-none-elf/14.2.0/../../../../riscv-none-elf/lib/rv32imc/ilp32\libc.a(libc_a-memcpy.o)
 .riscv.attributes
                0x000000d3       0x46 build/crt0.o

.debug_frame    0x00000000      0x464
 .debug_frame   0x00000000      0x444 C:\Users\aabdev\AppData\Local\Temp\ccY7tpk0.ltrans0.ltrans.o
 .debug_frame   0x00000444       0x20 C:/xpack-riscv-none-elf-gcc-14.2.0-3/bin/../lib/gcc/riscv-none-elf/14.2.0/rv32imc/ilp32\libgcc.a(fixunssfsi.o)

.debug_macro    0x00000000     0xadae
 .debug_macro   0x00000000      0x294 C:\Users\aabdev\AppData\Local\Temp\cc5jr1NU.debug.temp.o
 .debug_macro   0x00000294       0x46 C:\Users\aabdev\AppData\Local\Temp\cc5jr1NU.debug.temp.o
 .debug_macro   0x000002da       0x10 C:\Users\aabdev\AppData\Local\Temp\cc5jr1NU.debug.temp.o
 .debug_macro   0x000002ea       0x1c C:\Users\aabdev\AppData\Local\Temp\cc5jr1NU.debug.temp.o
 .debug_macro   0x00000306       0x22 C:\Users\aabdev\AppData\Local\Temp\cc5jr1NU.debug.temp.o
 .debug_macro   0x00000328      0x2bc C:\Users\aabdev\AppData\Local\Temp\ccnQXLgF.debug.temp.o
 .debug_macro   0x000005e4      0x112 C:\Users\aabdev\AppData\Local\Temp\ccnQXLgF.debug.temp.o
 .debug_macro   0x000006f6      0x165 C:\Users\aabdev\AppData\Local\Temp\ccwA7rS2.debug.temp.o
 .debug_macro   0x0000085b      0x2a0 C:\Users\aabdev\AppData\Local\Temp\cc3wZ8Gu.debug.temp.o
 .debug_macro   0x00000afb       0x74 C:\Users\aabdev\AppData\Local\Temp\cc3wZ8Gu.debug.temp.o
 .debug_macro   0x00000b6f      0x3d2 C:\Users\aabdev\AppData\Local\Temp\cc2vXBdW.debug.temp.o
 .debug_macro   0x00000f41       0x40 C:\Users\aabdev\AppData\Local\Temp\cc2vXBdW.debug.temp.o
 .debug_macro   0x00000f81       0x46 C:\Users\aabdev\AppData\Local\Temp\cc2vXBdW.debug.temp.o
 .debug_macro   0x00000fc7       0x10 C:\Users\aabdev\AppData\Local\Temp\cc2vXBdW.debug.temp.o
 .debug_macro   0x00000fd7       0x10 C:\Users\aabdev\AppData\Local\Temp\cc2vXBdW.debug.temp.o
 .debug_macro   0x00000fe7      0x2bc C:\Users\aabdev\AppData\Local\Temp\cc2vXBdW.debug.temp.o
 .debug_macro   0x000012a3      0x372 C:\Users\aabdev\AppData\Local\Temp\cc2vXBdW.debug.temp.o
 .debug_macro   0x00001615       0x16 C:\Users\aabdev\AppData\Local\Temp\cc2vXBdW.debug.temp.o
 .debug_macro   0x0000162b       0x4a C:\Users\aabdev\AppData\Local\Temp\cc2vXBdW.debug.temp.o
 .debug_macro   0x00001675       0x34 C:\Users\aabdev\AppData\Local\Temp\cc2vXBdW.debug.temp.o
 .debug_macro   0x000016a9       0x10 C:\Users\aabdev\AppData\Local\Temp\cc2vXBdW.debug.temp.o
 .debug_macro   0x000016b9       0x58 C:\Users\aabdev\AppData\Local\Temp\cc2vXBdW.debug.temp.o
 .debug_macro   0x00001711      0x1de C:\Users\aabdev\AppData\Local\Temp\cc2vXBdW.debug.temp.o
 .debug_macro   0x000018ef       0x10 C:\Users\aabdev\AppData\Local\Temp\cc2vXBdW.debug.temp.o
 .debug_macro   0x000018ff       0x3c C:\Users\aabdev\AppData\Local\Temp\cc2vXBdW.debug.temp.o
 .debug_macro   0x0000193b       0x1c C:\Users\aabdev\AppData\Local\Temp\cc2vXBdW.debug.temp.o
 .debug_macro   0x00001957       0x10 C:\Users\aabdev\AppData\Local\Temp\cc2vXBdW.debug.temp.o
 .debug_macro   0x00001967      0x3a3 C:\Users\aabdev\AppData\Local\Temp\ccLSVOfq.debug.temp.o
 .debug_macro   0x00001d0a      0x4ca C:\Users\aabdev\AppData\Local\Temp\cc0lFEeT.debug.temp.o
 .debug_macro   0x000021d4       0x40 C:\Users\aabdev\AppData\Local\Temp\cc0lFEeT.debug.temp.o
 .debug_macro   0x00002214       0xee C:\Users\aabdev\AppData\Local\Temp\cc0lFEeT.debug.temp.o
 .debug_macro   0x00002302      0x1c4 C:\Users\aabdev\AppData\Local\Temp\cc0lFEeT.debug.temp.o
 .debug_macro   0x000024c6      0x198 C:\Users\aabdev\AppData\Local\Temp\ccN4RvMp.debug.temp.o
 .debug_macro   0x0000265e       0x10 C:\Users\aabdev\AppData\Local\Temp\ccN4RvMp.debug.temp.o
 .debug_macro   0x0000266e      0x249 C:\Users\aabdev\AppData\Local\Temp\cc7lOz4t.debug.temp.o
 .debug_macro   0x000028b7      0x22f C:\Users\aabdev\AppData\Local\Temp\cc2AdSC1.debug.temp.o
 .debug_macro   0x00002ae6      0x42c C:\Users\aabdev\AppData\Local\Temp\ccDhe0Ky.debug.temp.o
 .debug_macro   0x00002f12       0xbe C:\Users\aabdev\AppData\Local\Temp\ccDhe0Ky.debug.temp.o
 .debug_macro   0x00002fd0       0x34 C:\Users\aabdev\AppData\Local\Temp\ccDhe0Ky.debug.temp.o
 .debug_macro   0x00003004       0x16 C:\Users\aabdev\AppData\Local\Temp\ccDhe0Ky.debug.temp.o
 .debug_macro   0x0000301a       0x3a C:\Users\aabdev\AppData\Local\Temp\ccDhe0Ky.debug.temp.o
 .debug_macro   0x00003054      0x491 C:\Users\aabdev\AppData\Local\Temp\cc2fDqt9.debug.temp.o
 .debug_macro   0x000034e5       0x28 C:\Users\aabdev\AppData\Local\Temp\cc2fDqt9.debug.temp.o
 .debug_macro   0x0000350d      0x39d C:\Users\aabdev\AppData\Local\Temp\ccTaBBYM.debug.temp.o
 .debug_macro   0x000038aa       0x8e C:\Users\aabdev\AppData\Local\Temp\ccYOa8dp.debug.temp.o
 .debug_macro   0x00003938      0x189 C:\Users\aabdev\AppData\Local\Temp\ccYOa8dp.debug.temp.o
 .debug_macro   0x00003ac1      0x14d C:\Users\aabdev\AppData\Local\Temp\cc3m9oS1.debug.temp.o
 .debug_macro   0x00003c0e       0x34 C:\Users\aabdev\AppData\Local\Temp\cc3m9oS1.debug.temp.o
 .debug_macro   0x00003c42      0x4b7 C:\Users\aabdev\AppData\Local\Temp\ccqmtMGH.debug.temp.o
 .debug_macro   0x000040f9       0x3a C:\Users\aabdev\AppData\Local\Temp\ccqmtMGH.debug.temp.o
 .debug_macro   0x00004133       0x10 C:\Users\aabdev\AppData\Local\Temp\ccqmtMGH.debug.temp.o
 .debug_macro   0x00004143       0x10 C:\Users\aabdev\AppData\Local\Temp\ccqmtMGH.debug.temp.o
 .debug_macro   0x00004153       0x10 C:\Users\aabdev\AppData\Local\Temp\ccqmtMGH.debug.temp.o
 .debug_macro   0x00004163       0xb8 C:\Users\aabdev\AppData\Local\Temp\ccqmtMGH.debug.temp.o
 .debug_macro   0x0000421b       0x2e C:\Users\aabdev\AppData\Local\Temp\ccqmtMGH.debug.temp.o
 .debug_macro   0x00004249       0x64 C:\Users\aabdev\AppData\Local\Temp\ccqmtMGH.debug.temp.o
 .debug_macro   0x000042ad       0x1c C:\Users\aabdev\AppData\Local\Temp\ccqmtMGH.debug.temp.o
 .debug_macro   0x000042c9       0x22 C:\Users\aabdev\AppData\Local\Temp\ccqmtMGH.debug.temp.o
 .debug_macro   0x000042eb       0x10 C:\Users\aabdev\AppData\Local\Temp\ccqmtMGH.debug.temp.o
 .debug_macro   0x000042fb       0x16 C:\Users\aabdev\AppData\Local\Temp\ccqmtMGH.debug.temp.o
 .debug_macro   0x00004311      0x4bf C:\Users\aabdev\AppData\Local\Temp\cckudp4Z.debug.temp.o
 .debug_macro   0x000047d0       0x68 C:\Users\aabdev\AppData\Local\Temp\cckudp4Z.debug.temp.o
 .debug_macro   0x00004838       0x5c C:\Users\aabdev\AppData\Local\Temp\cckudp4Z.debug.temp.o
 .debug_macro   0x00004894       0x57 C:\Users\aabdev\AppData\Local\Temp\cckudp4Z.debug.temp.o
 .debug_macro   0x000048eb       0x10 C:\Users\aabdev\AppData\Local\Temp\cckudp4Z.debug.temp.o
 .debug_macro   0x000048fb       0xac C:\Users\aabdev\AppData\Local\Temp\cckudp4Z.debug.temp.o
 .debug_macro   0x000049a7       0x22 C:\Users\aabdev\AppData\Local\Temp\cckudp4Z.debug.temp.o
 .debug_macro   0x000049c9       0x40 C:\Users\aabdev\AppData\Local\Temp\cckudp4Z.debug.temp.o
 .debug_macro   0x00004a09      0x25b C:\Users\aabdev\AppData\Local\Temp\ccDDBjQH.debug.temp.o
 .debug_macro   0x00004c64      0x289 C:\Users\aabdev\AppData\Local\Temp\cc4KmRpo.debug.temp.o
 .debug_macro   0x00004eed      0x3b1 C:\Users\aabdev\AppData\Local\Temp\ccdOSnzE.debug.temp.o
 .debug_macro   0x0000529e       0xd5 C:\Users\aabdev\AppData\Local\Temp\ccO07ehq.debug.temp.o
 .debug_macro   0x00005373       0xa8 C:\Users\aabdev\AppData\Local\Temp\ccT4Ww4b.debug.temp.o
 .debug_macro   0x0000541b      0x8ba C:\Users\aabdev\AppData\Local\Temp\ccwE7f4W.debug.temp.o
 .debug_macro   0x00005cd5       0x16 C:\Users\aabdev\AppData\Local\Temp\ccwE7f4W.debug.temp.o
 .debug_macro   0x00005ceb       0x9e C:\Users\aabdev\AppData\Local\Temp\ccwE7f4W.debug.temp.o
 .debug_macro   0x00005d89      0x10b C:\Users\aabdev\AppData\Local\Temp\ccwE7f4W.debug.temp.o
 .debug_macro   0x00005e94       0x10 C:\Users\aabdev\AppData\Local\Temp\ccwE7f4W.debug.temp.o
 .debug_macro   0x00005ea4       0x16 C:\Users\aabdev\AppData\Local\Temp\ccwE7f4W.debug.temp.o
 .debug_macro   0x00005eba       0x16 C:\Users\aabdev\AppData\Local\Temp\ccwE7f4W.debug.temp.o
 .debug_macro   0x00005ed0      0x12a C:\Users\aabdev\AppData\Local\Temp\ccwE7f4W.debug.temp.o
 .debug_macro   0x00005ffa       0x77 C:\Users\aabdev\AppData\Local\Temp\ccwE7f4W.debug.temp.o
 .debug_macro   0x00006071       0x16 C:\Users\aabdev\AppData\Local\Temp\ccwE7f4W.debug.temp.o
 .debug_macro   0x00006087       0x6d C:\Users\aabdev\AppData\Local\Temp\ccwE7f4W.debug.temp.o
 .debug_macro   0x000060f4       0x1c C:\Users\aabdev\AppData\Local\Temp\ccwE7f4W.debug.temp.o
 .debug_macro   0x00006110       0x1c C:\Users\aabdev\AppData\Local\Temp\ccwE7f4W.debug.temp.o
 .debug_macro   0x0000612c       0x16 C:\Users\aabdev\AppData\Local\Temp\ccwE7f4W.debug.temp.o
 .debug_macro   0x00006142       0xaa C:\Users\aabdev\AppData\Local\Temp\ccwE7f4W.debug.temp.o
 .debug_macro   0x000061ec       0x46 C:\Users\aabdev\AppData\Local\Temp\ccwE7f4W.debug.temp.o
 .debug_macro   0x00006232       0x34 C:\Users\aabdev\AppData\Local\Temp\ccwE7f4W.debug.temp.o
 .debug_macro   0x00006266       0x22 C:\Users\aabdev\AppData\Local\Temp\ccwE7f4W.debug.temp.o
 .debug_macro   0x00006288       0x10 C:\Users\aabdev\AppData\Local\Temp\ccwE7f4W.debug.temp.o
 .debug_macro   0x00006298       0x1c C:\Users\aabdev\AppData\Local\Temp\ccwE7f4W.debug.temp.o
 .debug_macro   0x000062b4       0x28 C:\Users\aabdev\AppData\Local\Temp\ccwE7f4W.debug.temp.o
 .debug_macro   0x000062dc       0x40 C:\Users\aabdev\AppData\Local\Temp\ccwE7f4W.debug.temp.o
 .debug_macro   0x0000631c       0x77 C:\Users\aabdev\AppData\Local\Temp\ccwE7f4W.debug.temp.o
 .debug_macro   0x00006393       0x22 C:\Users\aabdev\AppData\Local\Temp\ccwE7f4W.debug.temp.o
 .debug_macro   0x000063b5       0x2e C:\Users\aabdev\AppData\Local\Temp\ccwE7f4W.debug.temp.o
 .debug_macro   0x000063e3       0x23 C:\Users\aabdev\AppData\Local\Temp\ccwE7f4W.debug.temp.o
 .debug_macro   0x00006406       0x3c C:\Users\aabdev\AppData\Local\Temp\ccwE7f4W.debug.temp.o
 .debug_macro   0x00006442       0x66 C:\Users\aabdev\AppData\Local\Temp\ccwE7f4W.debug.temp.o
 .debug_macro   0x000064a8       0x35 C:\Users\aabdev\AppData\Local\Temp\ccwE7f4W.debug.temp.o
 .debug_macro   0x000064dd       0x1c C:\Users\aabdev\AppData\Local\Temp\ccwE7f4W.debug.temp.o
 .debug_macro   0x000064f9       0x6e C:\Users\aabdev\AppData\Local\Temp\ccwE7f4W.debug.temp.o
 .debug_macro   0x00006567       0x2e C:\Users\aabdev\AppData\Local\Temp\ccwE7f4W.debug.temp.o
 .debug_macro   0x00006595       0x28 C:\Users\aabdev\AppData\Local\Temp\ccwE7f4W.debug.temp.o
 .debug_macro   0x000065bd       0x40 C:\Users\aabdev\AppData\Local\Temp\ccwE7f4W.debug.temp.o
 .debug_macro   0x000065fd       0x2c C:\Users\aabdev\AppData\Local\Temp\ccwE7f4W.debug.temp.o
 .debug_macro   0x00006629       0x19 C:\Users\aabdev\AppData\Local\Temp\ccwE7f4W.debug.temp.o
 .debug_macro   0x00006642       0x16 C:\Users\aabdev\AppData\Local\Temp\ccwE7f4W.debug.temp.o
 .debug_macro   0x00006658      0x51f C:\Users\aabdev\AppData\Local\Temp\ccnXPuwK.debug.temp.o
 .debug_macro   0x00006b77       0x10 C:\Users\aabdev\AppData\Local\Temp\ccnXPuwK.debug.temp.o
 .debug_macro   0x00006b87       0xc4 C:\Users\aabdev\AppData\Local\Temp\ccnXPuwK.debug.temp.o
 .debug_macro   0x00006c4b       0x1c C:\Users\aabdev\AppData\Local\Temp\ccnXPuwK.debug.temp.o
 .debug_macro   0x00006c67       0x28 C:\Users\aabdev\AppData\Local\Temp\ccnXPuwK.debug.temp.o
 .debug_macro   0x00006c8f       0x8a C:\Users\aabdev\AppData\Local\Temp\ccnXPuwK.debug.temp.o
 .debug_macro   0x00006d19       0x22 C:\Users\aabdev\AppData\Local\Temp\ccnXPuwK.debug.temp.o
 .debug_macro   0x00006d3b       0x3a C:\Users\aabdev\AppData\Local\Temp\ccnXPuwK.debug.temp.o
 .debug_macro   0x00006d75       0x10 C:\Users\aabdev\AppData\Local\Temp\ccnXPuwK.debug.temp.o
 .debug_macro   0x00006d85       0x16 C:\Users\aabdev\AppData\Local\Temp\ccnXPuwK.debug.temp.o
 .debug_macro   0x00006d9b       0x34 C:\Users\aabdev\AppData\Local\Temp\ccnXPuwK.debug.temp.o
 .debug_macro   0x00006dcf       0x16 C:\Users\aabdev\AppData\Local\Temp\ccnXPuwK.debug.temp.o
 .debug_macro   0x00006de5       0x16 C:\Users\aabdev\AppData\Local\Temp\ccnXPuwK.debug.temp.o
 .debug_macro   0x00006dfb       0x96 C:\Users\aabdev\AppData\Local\Temp\ccnXPuwK.debug.temp.o
 .debug_macro   0x00006e91       0x6a C:\Users\aabdev\AppData\Local\Temp\ccnXPuwK.debug.temp.o
 .debug_macro   0x00006efb       0x1c C:\Users\aabdev\AppData\Local\Temp\ccnXPuwK.debug.temp.o
 .debug_macro   0x00006f17       0xb1 C:\Users\aabdev\AppData\Local\Temp\ccf8prds.debug.temp.o
 .debug_macro   0x00006fc8      0x4cd C:\Users\aabdev\AppData\Local\Temp\cctw9dH8.debug.temp.o
 .debug_macro   0x00007495      0x982 C:\Users\aabdev\AppData\Local\Temp\cctw9dH8.debug.temp.o
 .debug_macro   0x00007e17      0x402 C:\Users\aabdev\AppData\Local\Temp\ccgB9MN2.debug.temp.o
 .debug_macro   0x00008219       0x7a C:\Users\aabdev\AppData\Local\Temp\ccgB9MN2.debug.temp.o
 .debug_macro   0x00008293      0x669 C:\Users\aabdev\AppData\Local\Temp\ccHq7deV.debug.temp.o
 .debug_macro   0x000088fc       0x1c C:\Users\aabdev\AppData\Local\Temp\ccHq7deV.debug.temp.o
 .debug_macro   0x00008918       0x94 C:\Users\aabdev\AppData\Local\Temp\ccHq7deV.debug.temp.o
 .debug_macro   0x000089ac       0x1c C:\Users\aabdev\AppData\Local\Temp\ccHq7deV.debug.temp.o
 .debug_macro   0x000089c8       0x16 C:\Users\aabdev\AppData\Local\Temp\ccHq7deV.debug.temp.o
 .debug_macro   0x000089de      0x4a1 C:\Users\aabdev\AppData\Local\Temp\cc0tqbkQ.debug.temp.o
 .debug_macro   0x00008e7f      0x26c C:\Users\aabdev\AppData\Local\Temp\ccCUKrKM.debug.temp.o
 .debug_macro   0x000090eb      0x21d C:\Users\aabdev\AppData\Local\Temp\ccdNFrrK.debug.temp.o
 .debug_macro   0x00009308      0x52e C:\Users\aabdev\AppData\Local\Temp\ccoMMilH.debug.temp.o
 .debug_macro   0x00009836       0x16 C:\Users\aabdev\AppData\Local\Temp\ccoMMilH.debug.temp.o
 .debug_macro   0x0000984c      0x216 C:\Users\aabdev\AppData\Local\Temp\cc1ZZwTH.debug.temp.o
 .debug_macro   0x00009a62       0x40 C:\Users\aabdev\AppData\Local\Temp\cc1ZZwTH.debug.temp.o
 .debug_macro   0x00009aa2      0x186 C:\Users\aabdev\AppData\Local\Temp\ccMzSnXG.debug.temp.o
 .debug_macro   0x00009c28      0x258 C:\Users\aabdev\AppData\Local\Temp\ccRNY75J.debug.temp.o
 .debug_macro   0x00009e80      0x277 C:\Users\aabdev\AppData\Local\Temp\ccge67QM.debug.temp.o
 .debug_macro   0x0000a0f7       0x16 C:\Users\aabdev\AppData\Local\Temp\ccge67QM.debug.temp.o
 .debug_macro   0x0000a10d      0x351 C:\Users\aabdev\AppData\Local\Temp\ccnpo1oO.debug.temp.o
 .debug_macro   0x0000a45e      0x1fb C:\Users\aabdev\AppData\Local\Temp\ccOEXKoT.debug.temp.o
 .debug_macro   0x0000a659      0x129 C:\Users\aabdev\AppData\Local\Temp\cc1Z9y89.debug.temp.o
 .debug_macro   0x0000a782      0x176 C:\Users\aabdev\AppData\Local\Temp\ccYr3nFh.debug.temp.o
 .debug_macro   0x0000a8f8      0x14d C:\Users\aabdev\AppData\Local\Temp\ccRVGjUn.debug.temp.o
 .debug_macro   0x0000aa45      0x129 C:\Users\aabdev\AppData\Local\Temp\cc8jzJ2x.debug.temp.o
 .debug_macro   0x0000ab6e       0x40 C:\Users\aabdev\AppData\Local\Temp\cc8jzJ2x.debug.temp.o
 .debug_macro   0x0000abae      0x200 C:\Users\aabdev\AppData\Local\Temp\ccNsFdAH.debug.temp.o

Cross Reference Table

Symbol                                            File
BootConfig                                        build/boot_config.o (symbol from plugin)
                                                  build/boot_driver.o (symbol from plugin)
BootData                                          build/boot_driver.o (symbol from plugin)
ClockConfig                                       build/clock_config.o (symbol from plugin)
ClockInstance                                     build/clock_config.o (symbol from plugin)
ClockSourcToHz                                    build/clock_general.o (symbol from plugin)
GpioConfig                                        build/gpio_config.o (symbol from plugin)
                                                  build/gpio_general.o (symbol from plugin)
GpioDriveSelToMik32DriveSel                       build/gpio_mcal.o (symbol from plugin)
GpioGetInfo                                       build/gpio_mcal.o (symbol from plugin)
GpioLevelToMik32Level                             build/gpio_mcal.o (symbol from plugin)
GpioModeToMik32Mode                               build/gpio_mcal.o (symbol from plugin)
GpioPullToMik32Pull                               build/gpio_mcal.o (symbol from plugin)
HAL_DelayMs                                       build/mik32_hal.o (symbol from plugin)
HAL_DelayUs                                       build/mik32_hal.o (symbol from plugin)
HAL_EPIC_GetRawStatus                             build/mik32_hal_irq.o (symbol from plugin)
                                                  build/interrupt_mcal.o (symbol from plugin)
HAL_EPIC_GetStatus                                build/mik32_hal_irq.o (symbol from plugin)
HAL_EPIC_MaskEdgeClear                            build/mik32_hal_irq.o (symbol from plugin)
                                                  build/interrupt_mcal.o (symbol from plugin)
HAL_EPIC_MaskEdgeSet                              build/mik32_hal_irq.o (symbol from plugin)
                                                  build/interrupt_mcal.o (symbol from plugin)
HAL_EPIC_MaskLevelClear                           build/mik32_hal_irq.o (symbol from plugin)
                                                  build/interrupt_mcal.o (symbol from plugin)
HAL_EPIC_MaskLevelSet                             build/mik32_hal_irq.o (symbol from plugin)
                                                  build/uart_mcal.o (symbol from plugin)
                                                  build/interrupt_mcal.o (symbol from plugin)
HAL_GPIO_ClearInterrupts                          build/mik32_hal_gpio.o (symbol from plugin)
HAL_GPIO_DeInitInterruptLine                      build/mik32_hal_gpio.o (symbol from plugin)
HAL_GPIO_Init                                     build/mik32_hal_gpio.o (symbol from plugin)
                                                  build/mik32_hal_usart.o (symbol from plugin)
                                                  build/mik32_hal_spifi.o (symbol from plugin)
                                                  build/gpio_mcal.o (symbol from plugin)
HAL_GPIO_InitInterruptLine                        build/mik32_hal_gpio.o (symbol from plugin)
HAL_GPIO_LineInterruptState                       build/mik32_hal_gpio.o (symbol from plugin)
HAL_GPIO_LinePinState                             build/mik32_hal_gpio.o (symbol from plugin)
HAL_GPIO_PinConfig                                build/mik32_hal_gpio.o (symbol from plugin)
HAL_GPIO_ReadPin                                  build/mik32_hal_gpio.o (symbol from plugin)
HAL_GPIO_TogglePin                                build/mik32_hal_gpio.o (symbol from plugin)
HAL_GPIO_WritePin                                 build/mik32_hal_gpio.o (symbol from plugin)
                                                  build/gpio_mcal.o (symbol from plugin)
HAL_IRQ_DisableInterrupts                         build/mik32_hal_irq.o (symbol from plugin)
                                                  build/interrupt_mcal.o (symbol from plugin)
HAL_IRQ_EnableInterrupts                          build/mik32_hal_irq.o (symbol from plugin)
                                                  build/interrupt_mcal.o (symbol from plugin)
HAL_Init                                          build/mik32_hal.o (symbol from plugin)
HAL_Micros                                        build/mik32_hal.o (symbol from plugin)
                                                  build/mik32_hal_usart.o (symbol from plugin)
HAL_Millis                                        build/mik32_hal.o (symbol from plugin)
HAL_MspInit                                       build/mik32_hal.o (symbol from plugin)
HAL_PCC_GetSysClockFreq                           build/mik32_hal_pcc.o (symbol from plugin)
                                                  build/mik32_hal_usart.o (symbol from plugin)
HAL_PCC_OscEnable                                 build/mik32_hal_pcc.o (symbol from plugin)
                                                  build/clock_config.o (symbol from plugin)
HAL_SPIFI_MemoryMode_Init                         build/mik32_hal_spifi.o (symbol from plugin)
                                                  build/board_api.o (symbol from plugin)
HAL_SPIFI_MspInit                                 build/mik32_hal_spifi.o (symbol from plugin)
                                                  build/board_api.o (symbol from plugin)
                                                  build/spifi_mcal.o (symbol from plugin)
HAL_SPIFI_Reset                                   build/mik32_hal_spifi.o (symbol from plugin)
                                                  build/spifi_mcal.o (symbol from plugin)
HAL_SPIFI_SendCommand_LL                          build/mik32_hal_spifi.o (symbol from plugin)
                                                  build/w25q32jv_drv.o (symbol from plugin)
HAL_USART_CTS_ReadLevel                           build/mik32_hal_usart.o (symbol from plugin)
HAL_USART_CTS_ReadToggleFlag                      build/mik32_hal_usart.o (symbol from plugin)
HAL_USART_DCD_ReadToggleFlag                      build/mik32_hal_usart.o (symbol from plugin)
HAL_USART_DCD_Status                              build/mik32_hal_usart.o (symbol from plugin)
HAL_USART_DSR_ReadToggleFlag                      build/mik32_hal_usart.o (symbol from plugin)
HAL_USART_DSR_Status                              build/mik32_hal_usart.o (symbol from plugin)
HAL_USART_IDLE_ReadFlag                           build/mik32_hal_usart.o (symbol from plugin)
HAL_USART_Init                                    build/mik32_hal_usart.o (symbol from plugin)
                                                  build/uart_mcal.o (symbol from plugin)
HAL_USART_MspInit                                 build/uart_mcal.o (symbol from plugin)
HAL_USART_NF_ReadFlag                             build/mik32_hal_usart.o (symbol from plugin)
HAL_USART_ParityError_ReadFlag                    build/mik32_hal_usart.o (symbol from plugin)
HAL_USART_Print                                   build/mik32_hal_usart.o (symbol from plugin)
HAL_USART_RI_ReadToggleFlag                       build/mik32_hal_usart.o (symbol from plugin)
HAL_USART_RI_Status                               build/mik32_hal_usart.o (symbol from plugin)
HAL_USART_RXNE_ReadFlag                           build/mik32_hal_usart.o (symbol from plugin)
                                                  build/uart_custom_isr.o (symbol from plugin)
HAL_USART_RX_ReadBreakFlag                        build/mik32_hal_usart.o (symbol from plugin)
HAL_USART_Read                                    build/mik32_hal_usart.o (symbol from plugin)
HAL_USART_Read_ReceiveEnableAck                   build/mik32_hal_usart.o (symbol from plugin)
HAL_USART_Read_TransmitEnableAck                  build/mik32_hal_usart.o (symbol from plugin)
HAL_USART_Receive                                 build/mik32_hal_usart.o (symbol from plugin)
HAL_USART_ReceiveOverwrite_ReadFlag               build/mik32_hal_usart.o (symbol from plugin)
HAL_USART_Set_DTR                                 build/mik32_hal_usart.o (symbol from plugin)
HAL_USART_StopBitError_ReadFlag                   build/mik32_hal_usart.o (symbol from plugin)
HAL_USART_TXC_ReadFlag                            build/mik32_hal_usart.o (symbol from plugin)
                                                  build/uart_custom_isr.o (symbol from plugin)
HAL_USART_TXE_ReadFlag                            build/mik32_hal_usart.o (symbol from plugin)
HAL_USART_Transmit                                build/mik32_hal_usart.o (symbol from plugin)
HAL_USART_Write                                   build/mik32_hal_usart.o (symbol from plugin)
InterruptConfig                                   build/interrupt_config.o (symbol from plugin)
                                                  build/interrupt_general.o (symbol from plugin)
InterruptGetConfig                                build/interrupt_general.o (symbol from plugin)
Jump_To_Code                                      build/boot_driver.o (symbol from plugin)
LedMonoConfig                                     build/led_mono_config.o (symbol from plugin)
                                                  build/led_mono_drv.o (symbol from plugin)
LedMonoGetConfig                                  build/led_mono_drv.o (symbol from plugin)
LedMonoGetNode                                    build/led_mono_drv.o (symbol from plugin)
LedMonoInstance                                   build/led_mono_config.o (symbol from plugin)
                                                  build/led_mono_drv.o (symbol from plugin)
LedPad2Node                                       build/led_mono_drv.o (symbol from plugin)
MIK32_HalRetToRes                                 build/hal_mcal.o (symbol from plugin)
                                                  build/w25q32jv_drv.o (symbol from plugin)
                                                  build/uart_mcal.o (symbol from plugin)
                                                  build/gpio_mcal.o (symbol from plugin)
PinConfig                                         build/k1948bk018.o (symbol from plugin)
SmallSystemInit                                   build/crt0.o
SpiFiCacheCtrlToCacheEnable                       build/spifi_mcal.o (symbol from plugin)
                                                  build/board_api.o (symbol from plugin)
SpiFiConfig                                       build/spifi_config.o (symbol from plugin)
                                                  build/spifi_general.o (symbol from plugin)
SpiFiGetConfig                                    build/spifi_general.o (symbol from plugin)
                                                  build/board_api.o (symbol from plugin)
                                                  build/spifi_mcal.o (symbol from plugin)
SpiFiGetInfo                                      build/spifi_mcal.o (symbol from plugin)
                                                  build/board_api.o (symbol from plugin)
SpiFiGetNode                                      build/spifi_general.o (symbol from plugin)
                                                  build/board_api.o (symbol from plugin)
                                                  build/w25q32jv_drv.o (symbol from plugin)
                                                  build/spifi_mcal.o (symbol from plugin)
SpiFiInstance                                     build/spifi_config.o (symbol from plugin)
                                                  build/spifi_general.o (symbol from plugin)
SuperCycle                                        build/super_cycle_config.o (symbol from plugin)
                                                  build/super_cycle.o (symbol from plugin)
System                                            build/system.o (symbol from plugin)
SystemInit                                        build/crt0.o
SystemInitInstance                                build/system.o (symbol from plugin)
TaskInstance                                      build/task_info.o (symbol from plugin)
TbfpConfig                                        build/tbfp_config.o (symbol from plugin)
                                                  build/tbfp.o (symbol from plugin)
TbfpGetConfig                                     build/tbfp.o (symbol from plugin)
TbfpGetNode                                       build/tbfp.o (symbol from plugin)
                                                  build/board_api.o (symbol from plugin)
TbfpGetNodeByUart                                 build/tbfp.o (symbol from plugin)
                                                  build/tbfp_isr.o (symbol from plugin)
TbfpInstance                                      build/tbfp_config.o (symbol from plugin)
                                                  build/tbfp.o (symbol from plugin)
TbfpInterfaceToNode                               build/tbfp.o (symbol from plugin)
Uart0RxArray                                      build/uart_config.o (symbol from plugin)
UartConfig                                        build/uart_config.o (symbol from plugin)
                                                  build/uart_general.o (symbol from plugin)
UartGetBaseClock                                  build/uart_mcal.o (symbol from plugin)
UartGetConfig                                     build/uart_general.o (symbol from plugin)
                                                  build/uart_mcal.o (symbol from plugin)
UartGetInfo                                       build/uart_mcal.o (symbol from plugin)
UartGetNode                                       build/uart_general.o (symbol from plugin)
                                                  build/uart_custom_isr.o (symbol from plugin)
                                                  build/uart_mcal.o (symbol from plugin)
                                                  build/uart_isr.o (symbol from plugin)
UartInstance                                      build/uart_config.o (symbol from plugin)
                                                  build/uart_general.o (symbol from plugin)
UartRxProcIsr                                     build/uart_isr.o (symbol from plugin)
UartRxProcIsrLL                                   build/uart_isr.o (symbol from plugin)
                                                  build/uart_custom_isr.o (symbol from plugin)
UartTxProcIsr                                     build/uart_isr.o (symbol from plugin)
UartTxProcIsrLL                                   build/uart_isr.o (symbol from plugin)
                                                  build/uart_custom_isr.o (symbol from plugin)
W25q32jvConfig                                    build/w25q32jv_config.o (symbol from plugin)
                                                  build/w25q32jv_drv.o (symbol from plugin)
W25q32jvGetConfig                                 build/w25q32jv_drv.o (symbol from plugin)
W25q32jvGetNode                                   build/w25q32jv_drv.o (symbol from plugin)
W25q32jvInstance                                  build/w25q32jv_config.o (symbol from plugin)
                                                  build/w25q32jv_drv.o (symbol from plugin)
__BSS_END__                                       build/crt0.o
__C_STACK_TOP__                                   build/crt0.o
__DATA_IMAGE_END__                                build/crt0.o
__DATA_IMAGE_START__                              build/crt0.o
__DATA_START__                                    build/crt0.o
__RAM_TEXT_IMAGE_END__                            build/crt0.o
__RAM_TEXT_IMAGE_START__                          build/crt0.o
__RAM_TEXT_START__                                build/crt0.o
__SBSS_START__                                    build/crt0.o
__TRAP_TEXT_START__                               build/crt0.o
__fixunssfsi                                      C:/xpack-riscv-none-elf-gcc-14.2.0-3/bin/../lib/gcc/riscv-none-elf/14.2.0/rv32imc/ilp32\libgcc.a(fixunssfsi.o)
                                                  C:\Users\aabdev\AppData\Local\Temp\ccY7tpk0.ltrans0.ltrans.o
__global_pointer$                                 build/crt0.o
_start                                            build/crt0.o
application_launch                                build/board_api.o (symbol from plugin)
application_mcal_init                             build/board_api.o (symbol from plugin)
                                                  build/system.o (symbol from plugin)
board_api.c.97416a90                              C:\Users\aabdev\AppData\Local\Temp\ccoMMilH.debug.temp.o
                                                  C:\Users\aabdev\AppData\Local\Temp\ccY7tpk0.ltrans0.ltrans.o
board_init                                        build/board_api.o (symbol from plugin)
                                                  build/system.o (symbol from plugin)
board_init_xip                                    build/board_api.o (symbol from plugin)
board_proc                                        build/board_api.o (symbol from plugin)
                                                  build/task_info.o (symbol from plugin)
bool_proc_start_error                             build/boot_driver.o (symbol from plugin)
boot_check_reset_handler                          build/boot_driver.o (symbol from plugin)
boot_config.c.7a9e6ae2                            C:\Users\aabdev\AppData\Local\Temp\ccdGtVGO.debug.temp.o
boot_driver.c.ac9bdfe4                            C:\Users\aabdev\AppData\Local\Temp\ccZDq4d8.debug.temp.o
boot_jump_to_code                                 build/boot_driver.o (symbol from plugin)
boot_reboot                                       build/boot_driver.o (symbol from plugin)
clock.c.29594f16                                  C:\Users\aabdev\AppData\Local\Temp\ccyIAQWU.debug.temp.o
clock_config.c.28c33a36                           C:\Users\aabdev\AppData\Local\Temp\ccCUKrKM.debug.temp.o
                                                  C:\Users\aabdev\AppData\Local\Temp\ccY7tpk0.ltrans0.ltrans.o
clock_config_100mhz                               build/clock_general.o (symbol from plugin)
clock_core_freq_get                               build/clock.o (symbol from plugin)
                                                  build/clock_general.o (symbol from plugin)
clock_core_freq_set                               build/clock.o (symbol from plugin)
clock_general.c.a7f750f7                          C:\Users\aabdev\AppData\Local\Temp\ccGkyN9f.debug.temp.o
clock_init                                        build/clock_config.o (symbol from plugin)
                                                  build/clock_general.o (symbol from plugin)
                                                  build/system.o (symbol from plugin)
common_functions.c.2db14d37                       C:\Users\aabdev\AppData\Local\Temp\ccHq7deV.debug.temp.o
                                                  C:\Users\aabdev\AppData\Local\Temp\ccY7tpk0.ltrans0.ltrans.o
computing.c.b08f247f                              C:\Users\aabdev\AppData\Local\Temp\ccSlJaWi.debug.temp.o
core_driver.c.fa4791aa                            C:\Users\aabdev\AppData\Local\Temp\ccWp86Zx.debug.temp.o
core_reboot                                       build/core_driver.o (symbol from plugin)
critical_nesting_level                            build/hal_mcal.o (symbol from plugin)
current_irq_line_mux                              build/mik32_hal_gpio.o (symbol from plugin)
enter_critical                                    build/hal_mcal.o (symbol from plugin)
exit_critical                                     build/hal_mcal.o (symbol from plugin)
fifo_char.c.62f4bc8d                              C:\Users\aabdev\AppData\Local\Temp\cc3m9oS1.debug.temp.o
                                                  C:\Users\aabdev\AppData\Local\Temp\ccY7tpk0.ltrans0.ltrans.o
fifo_clean                                        build/fifo_char.o (symbol from plugin)
fifo_free                                         build/fifo_char.o (symbol from plugin)
fifo_get_count                                    build/fifo_char.o (symbol from plugin)
fifo_get_size                                     build/fifo_char.o (symbol from plugin)
fifo_get_spare                                    build/fifo_char.o (symbol from plugin)
fifo_index.c.5cfba32d                             C:\Users\aabdev\AppData\Local\Temp\ccYOa8dp.debug.temp.o
                                                  C:\Users\aabdev\AppData\Local\Temp\ccY7tpk0.ltrans0.ltrans.o
fifo_index_add                                    build/fifo_index.o (symbol from plugin)
                                                  build/fifo_char.o (symbol from plugin)
fifo_index_continuus_used_size                    build/fifo_index.o (symbol from plugin)
fifo_index_free                                   build/fifo_index.o (symbol from plugin)
                                                  build/fifo_char.o (symbol from plugin)
fifo_index_get                                    build/fifo_index.o (symbol from plugin)
                                                  build/fifo_char.o (symbol from plugin)
fifo_index_get_size                               build/fifo_index.o (symbol from plugin)
                                                  build/fifo_char.o (symbol from plugin)
fifo_index_get_spare                              build/fifo_index.o (symbol from plugin)
                                                  build/fifo_char.o (symbol from plugin)
fifo_index_get_used                               build/fifo_index.o (symbol from plugin)
fifo_index_get_used_pp                            build/fifo_index.o (symbol from plugin)
fifo_index_init                                   build/fifo_index.o (symbol from plugin)
                                                  build/fifo_char.o (symbol from plugin)
fifo_index_valid                                  build/fifo_index.o (symbol from plugin)
fifo_init                                         build/fifo_char.o (symbol from plugin)
                                                  build/tbfp.o (symbol from plugin)
fifo_pull                                         build/fifo_char.o (symbol from plugin)
                                                  build/tbfp.o (symbol from plugin)
fifo_push                                         build/fifo_char.o (symbol from plugin)
                                                  build/tbfp_isr.o (symbol from plugin)
                                                  build/uart_isr.o (symbol from plugin)
fifo_reset                                        build/fifo_char.o (symbol from plugin)
gpio_clock_init                                   build/gpio_mcal.o (symbol from plugin)
                                                  build/gpio_general.o (symbol from plugin)
gpio_config.c.d67422c9                            C:\Users\aabdev\AppData\Local\Temp\cc1ZZwTH.debug.temp.o
                                                  C:\Users\aabdev\AppData\Local\Temp\ccY7tpk0.ltrans0.ltrans.o
gpio_general.c.a9c99a06                           C:\Users\aabdev\AppData\Local\Temp\ccnQXLgF.debug.temp.o
                                                  C:\Users\aabdev\AppData\Local\Temp\ccY7tpk0.ltrans0.ltrans.o
gpio_get_cnt                                      build/gpio_config.o (symbol from plugin)
                                                  build/gpio_general.o (symbol from plugin)
gpio_init_custom                                  build/gpio_mcal.o (symbol from plugin)
                                                  build/gpio_general.o (symbol from plugin)
gpio_init_one                                     build/gpio_mcal.o (symbol from plugin)
                                                  build/gpio_general.o (symbol from plugin)
gpio_logic_level_set                              build/gpio_mcal.o (symbol from plugin)
                                                  build/led_mono_drv.o (symbol from plugin)
gpio_mcal.c.e3c5e1aa                              C:\Users\aabdev\AppData\Local\Temp\cc7lOz4t.debug.temp.o
                                                  C:\Users\aabdev\AppData\Local\Temp\ccY7tpk0.ltrans0.ltrans.o
gpio_mcal_init                                    build/gpio_general.o (symbol from plugin)
                                                  build/system.o (symbol from plugin)
gpio_pin_mux_set                                  build/gpio_mcal.o (symbol from plugin)
gpio_pull_set                                     build/gpio_mcal.o (symbol from plugin)
gpio_toggle                                       build/led_mono_drv.o (symbol from plugin)
hal_init                                          build/hal_mcal.o (symbol from plugin)
hal_mcal.c.4c29c697                               C:\Users\aabdev\AppData\Local\Temp\ccN4RvMp.debug.temp.o
                                                  C:\Users\aabdev\AppData\Local\Temp\ccY7tpk0.ltrans0.ltrans.o
has_fifo_valid_data                               build/fifo_char.o (symbol from plugin)
int_cnt                                           build/mik32_it.o (symbol from plugin)
interface_drv.c.b2ee5872                          C:\Users\aabdev\AppData\Local\Temp\ccqmtMGH.debug.temp.o
                                                  C:\Users\aabdev\AppData\Local\Temp\ccY7tpk0.ltrans0.ltrans.o
interrupt_clear                                   build/interrupt_general.o (symbol from plugin)
interrupt_config.c.dba02a5a                       C:\Users\aabdev\AppData\Local\Temp\ccdNFrrK.debug.temp.o
                                                  C:\Users\aabdev\AppData\Local\Temp\ccY7tpk0.ltrans0.ltrans.o
interrupt_control                                 build/interrupt_mcal.o (symbol from plugin)
                                                  build/interrupt_general.o (symbol from plugin)
interrupt_disable                                 build/interrupt_mcal.o (symbol from plugin)
                                                  build/rv32imc_driver.o (symbol from plugin)
interrupt_edge_ctrl                               build/interrupt_mcal.o (symbol from plugin)
interrupt_enable                                  build/interrupt_mcal.o (symbol from plugin)
                                                  build/interrupt_general.o (symbol from plugin)
interrupt_general.c.a21190de                      C:\Users\aabdev\AppData\Local\Temp\ccwA7rS2.debug.temp.o
                                                  C:\Users\aabdev\AppData\Local\Temp\ccY7tpk0.ltrans0.ltrans.o
interrupt_get_cnt                                 build/interrupt_config.o (symbol from plugin)
                                                  build/interrupt_general.o (symbol from plugin)
interrupt_get_isr_handler                         build/interrupt_general.o (symbol from plugin)
interrupt_get_priority                            build/interrupt_mcal.o (symbol from plugin)
interrupt_init_custom                             build/interrupt_mcal.o (symbol from plugin)
                                                  build/interrupt_general.o (symbol from plugin)
interrupt_is_active                               build/interrupt_mcal.o (symbol from plugin)
interrupt_is_valid_num                            build/interrupt_mcal.o (symbol from plugin)
interrupt_level_control                           build/interrupt_mcal.o (symbol from plugin)
interrupt_mcal.c.273c5878                         C:\Users\aabdev\AppData\Local\Temp\cc2AdSC1.debug.temp.o
                                                  C:\Users\aabdev\AppData\Local\Temp\ccY7tpk0.ltrans0.ltrans.o
interrupt_mcal_init                               build/interrupt_general.o (symbol from plugin)
                                                  build/system.o (symbol from plugin)
isFromInterrupt                                   build/hal_mcal.o (symbol from plugin)
is_ram_addr                                       build/microcontroller_drv.o (symbol from plugin)
k1948bk018.c.6efc9d7d                             C:\Users\aabdev\AppData\Local\Temp\ccH0IO6X.debug.temp.o
led_drv.c.feff43fe                                C:\Users\aabdev\AppData\Local\Temp\ccMGDYJR.debug.temp.o
led_mono_config.c.eb024b64                        C:\Users\aabdev\AppData\Local\Temp\ccMzSnXG.debug.temp.o
                                                  C:\Users\aabdev\AppData\Local\Temp\ccY7tpk0.ltrans0.ltrans.o
led_mono_ctrl                                     build/led_mono_drv.o (symbol from plugin)
                                                  build/board_api.o (symbol from plugin)
led_mono_drv.c.5e75ecaa                           C:\Users\aabdev\AppData\Local\Temp\ccdOSnzE.debug.temp.o
                                                  C:\Users\aabdev\AppData\Local\Temp\ccY7tpk0.ltrans0.ltrans.o
led_mono_fix                                      build/led_mono_config.o (symbol from plugin)
                                                  build/led_mono_drv.o (symbol from plugin)
led_mono_get_cnt                                  build/led_mono_config.o (symbol from plugin)
                                                  build/led_mono_drv.o (symbol from plugin)
led_mono_init_custom                              build/led_mono_drv.o (symbol from plugin)
led_mono_init_one                                 build/led_mono_drv.o (symbol from plugin)
led_mono_mcal_init                                build/led_mono_drv.o (symbol from plugin)
                                                  build/system.o (symbol from plugin)
led_mono_mode_set                                 build/led_mono_drv.o (symbol from plugin)
led_mono_off                                      build/led_mono_drv.o (symbol from plugin)
led_mono_on                                       build/led_mono_drv.o (symbol from plugin)
led_mono_proc                                     build/led_mono_drv.o (symbol from plugin)
                                                  build/task_info.o (symbol from plugin)
led_mono_proc_one                                 build/led_mono_drv.o (symbol from plugin)
led_mono_pwm                                      build/led_mono_drv.o (symbol from plugin)
                                                  build/led_drv.o (symbol from plugin)
led_mono_set                                      build/led_mono_drv.o (symbol from plugin)
led_mono_toggle                                   build/led_mono_drv.o (symbol from plugin)
led_pwm                                           build/led_drv.o (symbol from plugin)
led_set_state                                     build/led_mono_drv.o (symbol from plugin)
limiter                                           build/limiter.o (symbol from plugin)
                                                  build/task_info.o (symbol from plugin)
limiter.c.b02c1033                                C:\Users\aabdev\AppData\Local\Temp\ccf8prds.debug.temp.o
                                                  C:\Users\aabdev\AppData\Local\Temp\ccY7tpk0.ltrans0.ltrans.o
limiter_get_time_us                               build/limiter.o (symbol from plugin)
limiter_init                                      build/limiter.o (symbol from plugin)
                                                  build/task_info.o (symbol from plugin)
low_stack                                         build/core_driver.o (symbol from plugin)
main                                              C:\Users\aabdev\AppData\Local\Temp\ccY7tpk0.ltrans0.ltrans.o
                                                  build/main.o (symbol from plugin)
                                                  build/crt0.o
main.c.40a1a394                                   C:\Users\aabdev\AppData\Local\Temp\cc0tqbkQ.debug.temp.o
                                                  C:\Users\aabdev\AppData\Local\Temp\ccY7tpk0.ltrans0.ltrans.o
mcu_get_down_pin                                  build/microcontroller_drv.o (symbol from plugin)
mcu_get_left_pin                                  build/microcontroller_drv.o (symbol from plugin)
mcu_get_next_pin                                  build/microcontroller_drv.o (symbol from plugin)
mcu_get_prev_pin                                  build/microcontroller_drv.o (symbol from plugin)
mcu_get_right_pin                                 build/microcontroller_drv.o (symbol from plugin)
mcu_get_up_pin                                    build/microcontroller_drv.o (symbol from plugin)
mcu_init                                          build/k1948bk018.o (symbol from plugin)
mcu_is_text_addr                                  build/microcontroller_drv.o (symbol from plugin)
mcu_phy_assress_classify                          build/microcontroller_drv.o (symbol from plugin)
memcpy                                            C:/xpack-riscv-none-elf-gcc-14.2.0-3/bin/../lib/gcc/riscv-none-elf/14.2.0/../../../../riscv-none-elf/lib/rv32imc/ilp32\libc.a(libc_a-memcpy.o)
                                                  C:\Users\aabdev\AppData\Local\Temp\ccY7tpk0.ltrans0.ltrans.o
memset                                            C:/xpack-riscv-none-elf-gcc-14.2.0-3/bin/../lib/gcc/riscv-none-elf/14.2.0/../../../../riscv-none-elf/lib/rv32imc/ilp32\libc.a(libc_a-memset.o)
                                                  C:\Users\aabdev\AppData\Local\Temp\ccY7tpk0.ltrans0.ltrans.o
microcontroller_drv.c.e3011b36                    C:\Users\aabdev\AppData\Local\Temp\cc9satDa.debug.temp.o
mik32_hal.c.8c7bd1d5                              C:\Users\aabdev\AppData\Local\Temp\ccmr6g31.debug.temp.o
mik32_hal_gpio.c.fafdb5bd                         C:\Users\aabdev\AppData\Local\Temp\ccRVGjUn.debug.temp.o
                                                  C:\Users\aabdev\AppData\Local\Temp\ccY7tpk0.ltrans0.ltrans.o
mik32_hal_irq.c.cf37cbab                          C:\Users\aabdev\AppData\Local\Temp\cc8jzJ2x.debug.temp.o
                                                  C:\Users\aabdev\AppData\Local\Temp\ccY7tpk0.ltrans0.ltrans.o
mik32_hal_pcc.c.69fbc874                          C:\Users\aabdev\AppData\Local\Temp\cc1Z9y89.debug.temp.o
                                                  C:\Users\aabdev\AppData\Local\Temp\ccY7tpk0.ltrans0.ltrans.o
mik32_hal_spifi.c.4e9b3315                        C:\Users\aabdev\AppData\Local\Temp\ccYr3nFh.debug.temp.o
                                                  C:\Users\aabdev\AppData\Local\Temp\ccY7tpk0.ltrans0.ltrans.o
mik32_hal_usart.c.41119b3e                        C:\Users\aabdev\AppData\Local\Temp\ccNsFdAH.debug.temp.o
                                                  C:\Users\aabdev\AppData\Local\Temp\ccY7tpk0.ltrans0.ltrans.o
mik32_it.c.f91594c7                               C:\Users\aabdev\AppData\Local\Temp\cc0lFEeT.debug.temp.o
                                                  C:\Users\aabdev\AppData\Local\Temp\ccY7tpk0.ltrans0.ltrans.o
mik32_launch_eeprom                               build/k1948bk018.o (symbol from plugin)
pin_get_cnt                                       build/k1948bk018.o (symbol from plugin)
protocol.c.b6bb98ca                               C:\Users\aabdev\AppData\Local\Temp\ccXWxXam.debug.temp.o
raw_trap_handler                                  build/crt0.o
rv32imc_boot_addr                                 build/rv32imc_driver.o (symbol from plugin)
                                                  build/board_api.o (symbol from plugin)
                                                  build/boot_driver.o (symbol from plugin)
                                                  build/core_driver.o (symbol from plugin)
rv32imc_boot_addr_asm                             build/rv32imc_driver.o (symbol from plugin)
rv32imc_boot_spifi                                build/rv32imc_driver.o (symbol from plugin)
rv32imc_driver.c.bd6aea1e                         C:\Users\aabdev\AppData\Local\Temp\cc5jr1NU.debug.temp.o
                                                  C:\Users\aabdev\AppData\Local\Temp\ccY7tpk0.ltrans0.ltrans.o
rv32imc_is_interrupt                              build/rv32imc_driver.o (symbol from plugin)
rv32imc_reboot                                    build/rv32imc_driver.o (symbol from plugin)
send_err_cnt                                      build/system.o (symbol from plugin)
spifi_config.c.276df91f                           C:\Users\aabdev\AppData\Local\Temp\ccRNY75J.debug.temp.o
                                                  C:\Users\aabdev\AppData\Local\Temp\ccY7tpk0.ltrans0.ltrans.o
spifi_erase_sector                                build/spifi_mcal.o (symbol from plugin)
spifi_general.c.2fff3b71                          C:\Users\aabdev\AppData\Local\Temp\cc3wZ8Gu.debug.temp.o
                                                  C:\Users\aabdev\AppData\Local\Temp\ccY7tpk0.ltrans0.ltrans.o
spifi_get_cnt                                     build/spifi_config.o (symbol from plugin)
                                                  build/spifi_general.o (symbol from plugin)
spifi_init_custom                                 build/spifi_mcal.o (symbol from plugin)
                                                  build/spifi_general.o (symbol from plugin)
spifi_init_one                                    build/spifi_mcal.o (symbol from plugin)
                                                  build/spifi_general.o (symbol from plugin)
spifi_is_address                                  build/microcontroller_drv.o (symbol from plugin)
spifi_mcal.c.56955422                             C:\Users\aabdev\AppData\Local\Temp\ccDhe0Ky.debug.temp.o
                                                  C:\Users\aabdev\AppData\Local\Temp\ccY7tpk0.ltrans0.ltrans.o
spifi_mcal_init                                   build/spifi_general.o (symbol from plugin)
                                                  build/system.o (symbol from plugin)