Archive member included to satisfy reference by file (symbol)

c:/mingw/bin/../lib/gcc/mingw32/6.3.0/../../..\libmingw32.a(CRTglob.o)
                              c:/mingw/bin/../lib/gcc/mingw32/6.3.0/../../../crt2.o (_CRT_glob)
c:/mingw/bin/../lib/gcc/mingw32/6.3.0/../../..\libmingw32.a(setargv.o)
                              c:/mingw/bin/../lib/gcc/mingw32/6.3.0/../../../crt2.o (_setargv)
c:/mingw/bin/../lib/gcc/mingw32/6.3.0/../../..\libmingw32.a(CRTfmode.o)
                              c:/mingw/bin/../lib/gcc/mingw32/6.3.0/../../../crt2.o (_CRT_fmode)
c:/mingw/bin/../lib/gcc/mingw32/6.3.0/../../..\libmingw32.a(cpu_features.o)
                              c:/mingw/bin/../lib/gcc/mingw32/6.3.0/../../../crt2.o (__cpu_features_init)
c:/mingw/bin/../lib/gcc/mingw32/6.3.0/../../..\libmingw32.a(CRT_fp10.o)
                              c:/mingw/bin/../lib/gcc/mingw32/6.3.0/../../../crt2.o (_CRT_fenv)
c:/mingw/bin/../lib/gcc/mingw32/6.3.0/../../..\libmingw32.a(txtmode.o)
                              c:/mingw/bin/../lib/gcc/mingw32/6.3.0/../../../crt2.o (_fmode)
c:/mingw/bin/../lib/gcc/mingw32/6.3.0/../../..\libmingw32.a(gccmain.o)
                              c:/mingw/bin/../lib/gcc/mingw32/6.3.0/../../../crt2.o (__main)
c:/mingw/bin/../lib/gcc/mingw32/6.3.0/../../..\libmingw32.a(tlssup.o)
                              c:/mingw/bin/../lib/gcc/mingw32/6.3.0/../../../crt2.o (__dyn_tls_init_callback)
c:/mingw/bin/../lib/gcc/mingw32/6.3.0/../../..\libmingw32.a(tlsthrd.o)
                              c:/mingw/bin/../lib/gcc/mingw32/6.3.0/../../..\libmingw32.a(tlssup.o) (__mingw_TLScallback)
c:/mingw/bin/../lib/gcc/mingw32/6.3.0/../../..\libmingw32.a(pseudo-reloc.o)
                              c:/mingw/bin/../lib/gcc/mingw32/6.3.0/../../../crt2.o (_pei386_runtime_relocator)
c:/mingw/bin/../lib/gcc/mingw32/6.3.0/../../..\libmingw32.a(pseudo-reloc-list.o)
                              c:/mingw/bin/../lib/gcc/mingw32/6.3.0/../../..\libmingw32.a(pseudo-reloc.o) (__RUNTIME_PSEUDO_RELOC_LIST__)
c:/mingw/bin/../lib/gcc/mingw32/6.3.0/../../..\libmingw32.a(crtst.o)
                              c:/mingw/bin/../lib/gcc/mingw32/6.3.0/../../..\libmingw32.a(tlssup.o) (_CRT_MT)
c:/mingw/bin/../lib/gcc/mingw32/6.3.0\libgcc.a(_chkstk_ms.o)
                              c:/mingw/bin/../lib/gcc/mingw32/6.3.0/../../..\libmingw32.a(setargv.o) (__chkstk_ms)
c:/mingw/bin/../lib/gcc/mingw32/6.3.0\libgcc.a(_ctors.o)
                              c:/mingw/bin/../lib/gcc/mingw32/6.3.0/../../..\libmingw32.a(gccmain.o) (__DTOR_LIST__)
c:/mingw/bin/../lib/gcc/mingw32/6.3.0\libgcc.a(_divdi3.o)
                              build/num_to_str.o (__divdi3)
c:/mingw/bin/../lib/gcc/mingw32/6.3.0\libgcc.a(_udivdi3.o)
                              build/clock_mcal.o (__udivdi3)
c:/mingw/bin/../lib/gcc/mingw32/6.3.0\libgcc.a(_umoddi3.o)
                              build/oprintf.o (__umoddi3)
c:/mingw/bin/../lib/gcc/mingw32/6.3.0/../../..\libmoldname.a(dagwbs00047.o)
                              build/string_reader.o (kbhit)
c:/mingw/bin/../lib/gcc/mingw32/6.3.0/../../..\libmoldname.a(dagwbh.o)
                              c:/mingw/bin/../lib/gcc/mingw32/6.3.0/../../..\libmoldname.a(dagwbs00047.o) (_head_libmoldname_a)
c:/mingw/bin/../lib/gcc/mingw32/6.3.0/../../..\libmoldname.a(dagwbt.o)
                              c:/mingw/bin/../lib/gcc/mingw32/6.3.0/../../..\libmoldname.a(dagwbh.o) (_libmoldname_a_iname)
c:/mingw/bin/../lib/gcc/mingw32/6.3.0/../../..\libmingwex.a(fesetenv.o)
                              c:/mingw/bin/../lib/gcc/mingw32/6.3.0/../../../crt2.o (fesetenv)
c:/mingw/bin/../lib/gcc/mingw32/6.3.0/../../..\libmingwex.a(cosf.o)
                              build/utils_math.o (cosf)
c:/mingw/bin/../lib/gcc/mingw32/6.3.0/../../..\libmingwex.a(sinf.o)
                              build/utils_math.o (sinf)
c:/mingw/bin/../lib/gcc/mingw32/6.3.0/../../..\libmingwex.a(ceilf.o)
                              build/bit_utils.o (ceilf)
c:/mingw/bin/../lib/gcc/mingw32/6.3.0/../../..\libmingwex.a(fmax.o)
                              build/float_utils.o (fmax)
c:/mingw/bin/../lib/gcc/mingw32/6.3.0/../../..\libmingwex.a(fmaxf.o)
                              build/float_utils.o (fmaxf)
c:/mingw/bin/../lib/gcc/mingw32/6.3.0/../../..\libmingwex.a(fmodf.o)
                              build/utils_math.o (fmodf)
c:/mingw/bin/../lib/gcc/mingw32/6.3.0/../../..\libmingwex.a(fpclassifyf.o)
                              build/convert.o (__fpclassifyf)
c:/mingw/bin/../lib/gcc/mingw32/6.3.0/../../..\libmingwex.a(log10f.o)
                              build/float_diag.o (log10f)
c:/mingw/bin/../lib/gcc/mingw32/6.3.0/../../..\libmingwex.a(logf.o)
                              build/bit_utils.o (logf)
c:/mingw/bin/../lib/gcc/mingw32/6.3.0/../../..\libmingwex.a(powf.o)
                              build/storage.o (powf)
c:/mingw/bin/../lib/gcc/mingw32/6.3.0/../../..\libmingwex.a(rintf.o)
                              build/clock_general.o (rintf)
[...]
Memory Configuration

Name             Origin             Length             Attributes
*default*        0x00000000         0xffffffff

Linker script and memory map

                0x00400000                __image_base__ = 0x400000
                0x00000000                __dll__ = 0x0
                0x00400000                ___ImageBase = 0x400000
                0x00001000                __section_alignment__ = 0x1000
                0x00000200                __file_alignment__ = 0x200
                0x00000004                __major_os_version__ = 0x4
                0x00000000                __minor_os_version__ = 0x0
                0x00000001                __major_image_version__ = 0x1
                0x00000000                __minor_image_version__ = 0x0
                0x00000004                __major_subsystem_version__ = 0x4
                0x00000000                __minor_subsystem_version__ = 0x0
                0x00000003                __subsystem__ = 0x3
                0x00200000                __size_of_stack_reserve__ = 0x200000
                0x00001000                __size_of_stack_commit__ = 0x1000
                0x00100000                __size_of_heap_reserve__ = 0x100000
                0x00001000                __size_of_heap_commit__ = 0x1000
                0x00000000                __loader_flags__ = 0x0
                0x00000000                __dll_characteristics__ = 0x0
LOAD c:/mingw/bin/../lib/gcc/mingw32/6.3.0/../../../crt2.o
LOAD c:/mingw/bin/../lib/gcc/mingw32/6.3.0/crtbegin.o
LOAD build/microcontroller_drv.o
LOAD build/microcontroller_diag.o
LOAD build/microcontroller_commands.o
LOAD build/cpu_x86.o
LOAD build/scheduler_config.o
LOAD build/clock_config.o
LOAD build/super_cycle_config.o
LOAD build/storage_config.o
LOAD build/writer_config.o
LOAD build/akip1160_mcal.o
LOAD build/akip1160_commands.o
LOAD build/applications_commands.o
LOAD build/mcal_diag.o
LOAD build/clock_general.o
LOAD build/clock_diag.o
LOAD build/clock_commands.o
LOAD build/hal_diag.o
LOAD build/clock_mcal.o
LOAD build/clock_custom_diag.o
LOAD build/clock_custom_commands.o
LOAD build/array.o
LOAD build/array_diag.o
LOAD build/array_commands.o
LOAD build/fifo_index.o
LOAD build/fifo_array.o
LOAD build/fifo_char.o
LOAD build/convert.o
LOAD build/num_to_str.o
LOAD build/convert_diag.o
LOAD build/str_utils.o
LOAD build/str_utils_ex.o
LOAD build/log.o
LOAD build/table_utils.o
LOAD build/writer.o
LOAD build/writer_stdout.o
LOAD build/log_utils.o
LOAD build/oprintf.o
LOAD build/print_format.o
LOAD build/log_commands.o
LOAD build/interface_drv.o
LOAD build/if_config.o
LOAD build/serial_port.o
LOAD build/serial_port_diag.o
LOAD build/serial_port_commands.o
LOAD build/protocol.o
LOAD build/protocol_diag.o
LOAD build/cli_drv.o
LOAD build/cli_general_config.o
LOAD build/cli_diag.o
LOAD build/cli_native_commands.o
LOAD build/csv.o
LOAD build/string_reader.o
LOAD build/string_reader_commands.o
LOAD build/connectivity.o
LOAD build/connectivity_commands.o
LOAD build/connectivity_diag.o
LOAD build/control_commands.o
LOAD build/control_diag.o
LOAD build/debugger.o
LOAD build/debugger_commands.o
LOAD build/super_cycle.o
LOAD build/super_cycle_diag.o
LOAD build/super_cycle_commands.o
LOAD build/system.o
LOAD build/scheduler_mcal.o
LOAD build/scheduler_diag.o
LOAD build/scheduler_commands.o
LOAD build/win_utils.o
LOAD build/pc_commands.o
LOAD build/rational_num.o
LOAD build/rational_num_diag.o
LOAD build/limiter.o
LOAD build/utils_math.o
LOAD build/math_diag.o
LOAD build/math_commands.o
LOAD build/timer_calc.o
LOAD build/timer_calc_diag.o
LOAD build/timer_calc_commands.o
LOAD build/computing.o
LOAD build/computing_commands.o
LOAD build/health_monitor.o
LOAD build/health_monitor_commands.o
LOAD build/time_mcal.o
LOAD build/none_blocking_pause.o
LOAD build/time_commands.o
LOAD build/sensitivity.o
LOAD build/sensitivity_diag.o
LOAD build/sensitivity_commands.o
LOAD build/file_api.o
LOAD build/storage.o
LOAD build/storage_commands.o
LOAD build/shared_array.o
LOAD build/common_functions.o
LOAD build/common_commands.o
LOAD build/bit_utils.o
LOAD build/bit_diag.o
LOAD build/bit_commands.o
LOAD build/byte_utils.o
LOAD build/word_utils.o
LOAD build/dword_utils.o
LOAD build/qword_utils.o
LOAD build/byte_diag.o
LOAD build/data_utils.o
LOAD build/helper.o
LOAD build/float_utils.o
LOAD build/float_diag.o
LOAD build/debug_info.o
LOAD build/print_buffer.o
LOAD build/test_config.o
LOAD build/unit_test.o
LOAD build/unit_test_commands.o
LOAD build/test_array.o
LOAD build/test_time_utils.o
LOAD build/float_test.o
LOAD build/test_math.o
LOAD build/test_csv.o
LOAD build/test_protocol.o
LOAD build/test_fifo_array.o
LOAD build/test_fifo_char.o
LOAD build/test_fifo_indexer.o
LOAD build/test_convert.o
LOAD build/test_string_utils.o
LOAD build/test_libc.o
LOAD build/test_sw_list.o
LOAD build/main.o
LOAD build/akip1160_diag.o
LOAD build/log_diag.o
LOAD build/interfaces_diag.o
LOAD build/csv_diag.o
LOAD build/system_diag.o
LOAD build/time_diag.o
LOAD build/storage_diag.o
LOAD build/common_diag.o
LOAD build/unit_test_diag.o
LOAD build/board_config.o
LOAD build/board_monitor.o
LOAD build/cli_config.o
LOAD build/mem_config.o
LOAD build/log_config.o
LOAD build/string_reader_config.o
LOAD build/serial_port_config.o
LOAD build/time_config.o
LOAD build/akip1160_config.o
LOAD build/third_party_main.o
LOAD c:/mingw/bin/../lib/gcc/mingw32/6.3.0/../../..\libm.a
LOAD c:/mingw/bin/../lib/gcc/mingw32/6.3.0/../../..\libmingw32.a
LOAD c:/mingw/bin/../lib/gcc/mingw32/6.3.0\libgcc.a
LOAD c:/mingw/bin/../lib/gcc/mingw32/6.3.0\libgcc_eh.a
LOAD c:/mingw/bin/../lib/gcc/mingw32/6.3.0/../../..\libmoldname.a
LOAD c:/mingw/bin/../lib/gcc/mingw32/6.3.0/../../..\libmingwex.a
LOAD c:/mingw/bin/../lib/gcc/mingw32/6.3.0/../../..\libmsvcrt.a
LOAD c:/mingw/bin/../lib/gcc/mingw32/6.3.0/../../..\libadvapi32.a
LOAD c:/mingw/bin/../lib/gcc/mingw32/6.3.0/../../..\libshell32.a
LOAD c:/mingw/bin/../lib/gcc/mingw32/6.3.0/../../..\libuser32.a
LOAD c:/mingw/bin/../lib/gcc/mingw32/6.3.0/../../..\libkernel32.a
LOAD c:/mingw/bin/../lib/gcc/mingw32/6.3.0/../../..\libmingw32.a
LOAD c:/mingw/bin/../lib/gcc/mingw32/6.3.0\libgcc.a
LOAD c:/mingw/bin/../lib/gcc/mingw32/6.3.0\libgcc_eh.a
LOAD c:/mingw/bin/../lib/gcc/mingw32/6.3.0/../../..\libmoldname.a
LOAD c:/mingw/bin/../lib/gcc/mingw32/6.3.0/../../..\libmingwex.a
LOAD c:/mingw/bin/../lib/gcc/mingw32/6.3.0/../../..\libmsvcrt.a
LOAD c:/mingw/bin/../lib/gcc/mingw32/6.3.0/crtend.o
                0x000003f8                . = SIZEOF_HEADERS
                0x00001000                . = ALIGN (__section_alignment__)

.text           0x00401000    0x69400
 *(.init)
 *(.text)
 .text          0x00401000      0x340 c:/mingw/bin/../lib/gcc/mingw32/6.3.0/../../../crt2.o
                0x004012a0                _mingw32_init_mainargs
                0x004012e0                mainCRTStartup
                0x00401300                WinMainCRTStartup
                0x00401320                atexit
                0x00401330                _onexit
 .text          0x00401340      0x120 c:/mingw/bin/../lib/gcc/mingw32/6.3.0/crtbegin.o
                0x00401340                __gcc_register_frame
                0x00401430                __gcc_deregister_frame
 .text          0x00401460        0x0 build/microcontroller_drv.o
 .text          0x00401460        0x0 build/microcontroller_diag.o
 .text          0x00401460        0x0 build/microcontroller_commands.o
 .text          0x00401460        0x0 build/cpu_x86.o
 .text          0x00401460        0x0 build/scheduler_config.o
 .text          0x00401460        0x0 build/clock_config.o
 .text          0x00401460        0x0 build/super_cycle_config.o
 .text          0x00401460        0x0 build/storage_config.o
 .text          0x00401460        0x0 build/writer_config.o
 .text          0x00401460        0x0 build/akip1160_mcal.o
 .text          0x00401460        0x0 build/akip1160_commands.o
 .text          0x00401460        0x0 build/applications_commands.o
 .text          0x00401460        0x0 build/mcal_diag.o
 .text          0x00401460        0x0 build/clock_general.o
 .text          0x00401460        0x0 build/clock_diag.o
 .text          0x00401460        0x0 build/clock_commands.o
 .text          0x00401460        0x0 build/hal_diag.o
 .text          0x00401460        0x0 build/clock_mcal.o
 .text          0x00401460        0x0 build/clock_custom_diag.o
 .text          0x00401460        0x0 build/clock_custom_commands.o
 .text          0x00401460        0x0 build/array.o
 .text          0x00401460        0x0 build/array_diag.o
 .text          0x00401460        0x0 build/array_commands.o
 .text          0x00401460        0x0 build/fifo_index.o
 .text          0x00401460        0x0 build/fifo_array.o
 .text          0x00401460        0x0 build/fifo_char.o
 .text          0x00401460        0x0 build/convert.o
 .text          0x00401460        0x0 build/num_to_str.o
 .text          0x00401460        0x0 build/convert_diag.o
 .text          0x00401460        0x0 build/str_utils.o
 .text          0x00401460        0x0 build/str_utils_ex.o
 .text          0x00401460        0x0 build/log.o
 .text          0x00401460        0x0 build/table_utils.o
 .text          0x00401460        0x0 build/writer.o
 .text          0x00401460        0x0 build/writer_stdout.o
 .text          0x00401460        0x0 build/log_utils.o
 .text          0x00401460        0x0 build/oprintf.o
 .text          0x00401460        0x0 build/print_format.o
 .text          0x00401460        0x0 build/log_commands.o
 .text          0x00401460        0x0 build/interface_drv.o
 .text          0x00401460        0x0 build/if_config.o
 .text          0x00401460        0x0 build/serial_port.o
 .text          0x00401460        0x0 build/serial_port_diag.o
 .text          0x00401460        0x0 build/serial_port_commands.o
 .text          0x00401460        0x0 build/protocol.o
 .text          0x00401460        0x0 build/protocol_diag.o
 .text          0x00401460        0x0 build/cli_drv.o
 .text          0x00401460        0x0 build/cli_general_config.o
 .text          0x00401460        0x0 build/cli_diag.o
 .text          0x00401460        0x0 build/cli_native_commands.o
 .text          0x00401460        0x0 build/csv.o
 .text          0x00401460        0x0 build/string_reader.o
 .text          0x00401460        0x0 build/string_reader_commands.o
 .text          0x00401460        0x0 build/connectivity.o
 .text          0x00401460        0x0 build/connectivity_commands.o
 .text          0x00401460        0x0 build/connectivity_diag.o
 .text          0x00401460        0x0 build/control_commands.o
 .text          0x00401460        0x0 build/control_diag.o
 .text          0x00401460        0x0 build/debugger.o
 .text          0x00401460        0x0 build/debugger_commands.o
 .text          0x00401460        0x0 build/super_cycle.o
 .text          0x00401460        0x0 build/super_cycle_diag.o
 .text          0x00401460        0x0 build/super_cycle_commands.o
 .text          0x00401460        0x0 build/system.o
 .text          0x00401460        0x0 build/scheduler_mcal.o
 .text          0x00401460        0x0 build/scheduler_diag.o
 .text          0x00401460        0x0 build/scheduler_commands.o
 .text          0x00401460        0x0 build/win_utils.o
 .text          0x00401460        0x0 build/pc_commands.o
 .text          0x00401460        0x0 build/rational_num.o
 .text          0x00401460        0x0 build/rational_num_diag.o
 .text          0x00401460        0x0 build/limiter.o
 .text          0x00401460        0x0 build/utils_math.o
 .text          0x00401460        0x0 build/math_diag.o
 .text          0x00401460        0x0 build/math_commands.o
 .text          0x00401460        0x0 build/timer_calc.o
 .text          0x00401460        0x0 build/timer_calc_diag.o
 .text          0x00401460        0x0 build/timer_calc_commands.o
 .text          0x00401460        0x0 build/computing.o
 .text          0x00401460        0x0 build/computing_commands.o
 .text          0x00401460        0x0 build/health_monitor.o
 .text          0x00401460        0x0 build/health_monitor_commands.o
 .text          0x00401460        0x0 build/time_mcal.o
 .text          0x00401460        0x0 build/none_blocking_pause.o
 .text          0x00401460        0x0 build/time_commands.o
 .text          0x00401460        0x0 build/sensitivity.o
 .text          0x00401460        0x0 build/sensitivity_diag.o
 .text          0x00401460        0x0 build/sensitivity_commands.o
 .text          0x00401460        0x0 build/file_api.o
 .text          0x00401460        0x0 build/storage.o
 .text          0x00401460        0x0 build/storage_commands.o
 .text          0x00401460        0x0 build/shared_array.o
 .text          0x00401460        0x0 build/common_functions.o
 .text          0x00401460        0x0 build/common_commands.o
 .text          0x00401460        0x0 build/bit_utils.o
 .text          0x00401460        0x0 build/bit_diag.o
 .text          0x00401460        0x0 build/bit_commands.o
 .text          0x00401460        0x0 build/byte_utils.o
 .text          0x00401460        0x0 build/word_utils.o
 .text          0x00401460        0x0 build/dword_utils.o
 .text          0x00401460        0x0 build/qword_utils.o
 .text          0x00401460        0x0 build/byte_diag.o
 .text          0x00401460        0x0 build/data_utils.o
 .text          0x00401460        0x0 build/helper.o
 .text          0x00401460        0x0 build/float_utils.o
 .text          0x00401460        0x0 build/float_diag.o
 .text          0x00401460        0x0 build/debug_info.o
 .text          0x00401460        0x0 build/print_buffer.o
 .text          0x00401460        0x0 build/test_config.o
 .text          0x00401460        0x0 build/unit_test.o
 .text          0x00401460        0x0 build/unit_test_commands.o
 .text          0x00401460        0x0 build/test_array.o
 .text          0x00401460        0x0 build/test_time_utils.o
 .text          0x00401460        0x0 build/float_test.o
 .text          0x00401460        0x0 build/test_math.o
 .text          0x00401460        0x0 build/test_csv.o
 .text          0x00401460        0x0 build/test_protocol.o
 .text          0x00401460        0x0 build/test_fifo_array.o
 .text          0x00401460        0x0 build/test_fifo_char.o
 .text          0x00401460        0x0 build/test_fifo_indexer.o
 .text          0x00401460        0x0 build/test_convert.o
 .text          0x00401460        0x0 build/test_string_utils.o
 .text          0x00401460        0x0 build/test_libc.o
 .text          0x00401460        0x0 build/test_sw_list.o
 .text          0x00401460        0x0 build/main.o
 .text          0x00401460        0x0 build/akip1160_diag.o
 .text          0x00401460        0x0 build/log_diag.o
 .text          0x00401460        0x0 build/interfaces_diag.o
 .text          0x00401460        0x0 build/csv_diag.o
 .text          0x00401460        0x0 build/system_diag.o
 .text          0x00401460        0x0 build/time_diag.o
 .text          0x00401460        0x0 build/storage_diag.o
 .text          0x00401460        0x0 build/common_diag.o
 .text          0x00401460        0x0 build/unit_test_diag.o
 .text          0x00401460        0x0 build/board_config.o
 .text          0x00401460        0x0 build/board_monitor.o
 .text          0x00401460        0x0 build/cli_config.o
 .text          0x00401460        0x0 build/mem_config.o
 .text          0x00401460        0x0 build/log_config.o
 .text          0x00401460        0x0 build/string_reader_config.o
 .text          0x00401460        0x0 build/serial_port_config.o
 .text          0x00401460        0x0 build/time_config.o
 .text          0x00401460        0x0 build/akip1160_config.o
 .text          0x00401460        0x0 build/third_party_main.o
 .text          0x00401460        0x0 c:/mingw/bin/../lib/gcc/mingw32/6.3.0/../../..\libmingw32.a(CRTglob.o)
 .text          0x00401460      0x3a0 c:/mingw/bin/../lib/gcc/mingw32/6.3.0/../../..\libmingw32.a(setargv.o)
                0x00401460                _setargv
 .text          0x00401800        0x0 c:/mingw/bin/../lib/gcc/mingw32/6.3.0/../../..\libmingw32.a(CRTfmode.o)
 .text          0x00401800      0x110 c:/mingw/bin/../lib/gcc/mingw32/6.3.0/../../..\libmingw32.a(cpu_features.o)
                0x00401800                __cpu_features_init
 .text          0x00401910        0x0 c:/mingw/bin/../lib/gcc/mingw32/6.3.0/../../..\libmingw32.a(CRT_fp10.o)
 .text          0x00401910        0x0 c:/mingw/bin/../lib/gcc/mingw32/6.3.0/../../..\libmingw32.a(txtmode.o)
 .text          0x00401910       0xa0 c:/mingw/bin/../lib/gcc/mingw32/6.3.0/../../..\libmingw32.a(gccmain.o)
                0x00401910                __do_global_dtors
                0x00401940                __do_global_ctors
                0x00401990                __main
 .text          0x004019b0       0xf0 c:/mingw/bin/../lib/gcc/mingw32/6.3.0/../../..\libmingw32.a(tlssup.o)
                0x00401a00                __dyn_tls_init@12
                0x00401a90                __tlregdtor
 .text          0x00401aa0      0x230 c:/mingw/bin/../lib/gcc/mingw32/6.3.0/../../..\libmingw32.a(tlsthrd.o)
                0x00401b00                ___w64_mingwthr_add_key_dtor
                0x00401b90                ___w64_mingwthr_remove_key_dtor
                0x00401c30                __mingw_TLScallback
 .text          0x00401cd0      0x310 c:/mingw/bin/../lib/gcc/mingw32/6.3.0/../../..\libmingw32.a(pseudo-reloc.o)
                0x00401e10                _pei386_runtime_relocator
 .text          0x00401fe0        0x0 c:/mingw/bin/../lib/gcc/mingw32/6.3.0/../../..\libmingw32.a(pseudo-reloc-list.o)
 .text          0x00401fe0        0x0 c:/mingw/bin/../lib/gcc/mingw32/6.3.0/../../..\libmingw32.a(crtst.o)
 .text          0x00401fe0       0x2c c:/mingw/bin/../lib/gcc/mingw32/6.3.0\libgcc.a(_chkstk_ms.o)
                0x00401fe0                __chkstk_ms
 .text          0x0040200c        0x0 c:/mingw/bin/../lib/gcc/mingw32/6.3.0\libgcc.a(_ctors.o)
 *fill*         0x0040200c        0x4 
 .text          0x00402010      0x140 c:/mingw/bin/../lib/gcc/mingw32/6.3.0\libgcc.a(_divdi3.o)
                0x00402010                __divdi3
 .text          0x00402150      0x120 c:/mingw/bin/../lib/gcc/mingw32/6.3.0\libgcc.a(_udivdi3.o)
                0x00402150                __udivdi3
 .text          0x00402270      0x150 c:/mingw/bin/../lib/gcc/mingw32/6.3.0\libgcc.a(_umoddi3.o)
                0x00402270                __umoddi3
 .text          0x004023c0        0x8 c:/mingw/bin/../lib/gcc/mingw32/6.3.0/../../..\libmoldname.a(dagwbs00047.o)
                0x004023c0                kbhit
 .text          0x004023c8        0x0 c:/mingw/bin/../lib/gcc/mingw32/6.3.0/../../..\libmoldname.a(dagwbh.o)
 .text          0x004023c8        0x0 c:/mingw/bin/../lib/gcc/mingw32/6.3.0/../../..\libmoldname.a(dagwbt.o)
 *fill*         0x004023c8        0x8 
 .text          0x004023d0       0x70 c:/mingw/bin/../lib/gcc/mingw32/6.3.0/../../..\libmingwex.a(fesetenv.o)
                0x004023d0                fesetenv
 .text          0x00402440       0x28 c:/mingw/bin/../lib/gcc/mingw32/6.3.0/../../..\libmingwex.a(cosf.o)
                0x00402440                cosf
 .text          0x00402468       0x28 c:/mingw/bin/../lib/gcc/mingw32/6.3.0/../../..\libmingwex.a(sinf.o)
                0x00402468                sinf
 .text          0x00402490       0x2c c:/mingw/bin/../lib/gcc/mingw32/6.3.0/../../..\libmingwex.a(ceilf.o)
                0x00402490                ceilf
 *fill*         0x004024bc        0x4 
 .text          0x004024c0       0x40 c:/mingw/bin/../lib/gcc/mingw32/6.3.0/../../..\libmingwex.a(fmax.o)
                0x004024c0                fmax
 .text          0x00402500       0x40 c:/mingw/bin/../lib/gcc/mingw32/6.3.0/../../..\libmingwex.a(fmaxf.o)
                0x00402500                fmaxf
 .text          0x00402540       0x20 c:/mingw/bin/../lib/gcc/mingw32/6.3.0/../../..\libmingwex.a(fmodf.o)
                0x00402540                fmodf
 .text          0x00402560       0x20 c:/mingw/bin/../lib/gcc/mingw32/6.3.0/../../..\libmingwex.a(fpclassifyf.o)
                0x00402560                __fpclassifyf
 .text          0x00402580       0x10 c:/mingw/bin/../lib/gcc/mingw32/6.3.0/../../..\libmingwex.a(log10f.o)
                0x00402580                log10f
 .text          0x00402590       0x10 c:/mingw/bin/../lib/gcc/mingw32/6.3.0/../../..\libmingwex.a(logf.o)
                0x00402590                logf
 .text          0x004025a0       0x14 c:/mingw/bin/../lib/gcc/mingw32/6.3.0/../../..\libmingwex.a(powf.o)
                0x004025a0                powf
 *fill*         0x004025b4        0xc 
 .text          0x004025c0       0x10 c:/mingw/bin/../lib/gcc/mingw32/6.3.0/../../..\libmingwex.a(rintf.o)
                0x004025c0                rintf
 .text          0x004025d0       0x28 c:/mingw/bin/../lib/gcc/mingw32/6.3.0/../../..\libmingwex.a(x87cvtf.o)
                0x004025d0                __x87cvtf
 .text          0x004025f8       0x58 c:/mingw/bin/../lib/gcc/mingw32/6.3.0/../../..\libmingwex.a(x87log.o)
                0x004025fc                __x87log_chk
                0x00402610                __x87log
 .text          0x00402650      0x12c c:/mingw/bin/../lib/gcc/mingw32/6.3.0/../../..\libmingwex.a(x87pow.o)
                0x00402650                __x87pow
 *fill*         0x0040277c        0x4 
 .text          0x00402780       0x30 c:/mingw/bin/../lib/gcc/mingw32/6.3.0/../../..\libmingwex.a(snprintf.o)
                0x00402780                snprintf
                0x00402780                __mingw_snprintf
 .text          0x004027b0       0x40 c:/mingw/bin/../lib/gcc/mingw32/6.3.0/../../..\libmingwex.a(vfprintf.o)
                0x004027b0                __mingw_vfprintf
 .text          0x004027f0       0x40 c:/mingw/bin/../lib/gcc/mingw32/6.3.0/../../..\libmingwex.a(vprintf.o)
                0x004027f0                __mingw_vprintf
 .text          0x00402830       0x80 c:/mingw/bin/../lib/gcc/mingw32/6.3.0/../../..\libmingwex.a(vsnprintf.o)
                0x00402830                __mingw_vsnprintf
                0x00402830                vsnprintf
 .text          0x004028b0       0x40 c:/mingw/bin/../lib/gcc/mingw32/6.3.0/../../..\libmingwex.a(vsprintf.o)
                0x004028b0                __mingw_vsprintf
 .text          0x004028f0     0x1080 c:/mingw/bin/../lib/gcc/mingw32/6.3.0/../../..\libmingwex.a(glob.o)
                0x00403820                __mingw_glob
                0x00403910                __mingw_globfree
 .text          0x00403970      0x400 c:/mingw/bin/../lib/gcc/mingw32/6.3.0/../../..\libmingwex.a(dirname.o)
                0x00403970                __mingw_dirname
 .text          0x00403d70      0x4f0 c:/mingw/bin/../lib/gcc/mingw32/6.3.0/../../..\libmingwex.a(dirent.o)
                0x00403ef0                __mingw_opendir
                0x004040b0                __mingw_readdir
                0x00404100                __mingw_closedir
                0x00404150                __mingw_rewinddir
                0x004041b0                __mingw_telldir
                0x004041e0                __mingw_seekdir
 .text          0x00404260        0x8 c:/mingw/bin/../lib/gcc/mingw32/6.3.0/../../..\libmingwex.a(strcasecmp.jmpstub.o)
                0x00404260                strcasecmp
 *fill*         0x00404268        0x8 
 .text          0x00404270     0x2b00 c:/mingw/bin/../lib/gcc/mingw32/6.3.0/../../..\libmingwex.a(pformat.o)
                0x00405e00                __mingw_pformat
 .text          0x00406d70        0x0 c:/mingw/bin/../lib/gcc/mingw32/6.3.0/../../..\libmingwex.a(varofmt.o)
 .text          0x00406d70      0x430 c:/mingw/bin/../lib/gcc/mingw32/6.3.0/../../..\libmingwex.a(mbrtowc.o)
                0x00406f00                mbrtowc
                0x00406fa0                mbsrtowcs
                0x00407110                mbrlen
 .text          0x004071a0      0x290 c:/mingw/bin/../lib/gcc/mingw32/6.3.0/../../..\libmingwex.a(wcrtomb.o)
                0x00407240                wcrtomb
                0x004072c0                wcsrtombs
 .text          0x00407430     0x1630 c:/mingw/bin/../lib/gcc/mingw32/6.3.0/../../..\libmingwex.a(gdtoa.o)
                0x00407430                __gdtoa
 .text          0x00408a60      0x160 c:/mingw/bin/../lib/gcc/mingw32/6.3.0/../../..\libmingwex.a(gmisc.o)
                0x00408a60                __rshift_D2A
                0x00408b80                __trailz_D2A
 .text          0x00408bc0      0x2d0 c:/mingw/bin/../lib/gcc/mingw32/6.3.0/../../..\libmingwex.a(dmisc.o)
                0x00408bc0                __rv_alloc_D2A
                0x00408c00                __nrv_alloc_D2A
                0x00408c80                __freedtoa
                0x00408ca0                __quorem_D2A
 .text          0x00408e90      0xbd0 c:/mingw/bin/../lib/gcc/mingw32/6.3.0/../../..\libmingwex.a(misc.o)
                0x00408fb0                __Balloc_D2A
                0x00409080                __Bfree_D2A
                0x004090f0                __multadd_D2A
                0x004091e0                __i2b_D2A
                0x00409210                __mult_D2A
                0x00409380                __pow5mult_D2A
                0x004094f0                __lshift_D2A
                0x00409610                __cmp_D2A
                0x00409660                __diff_D2A
                0x00409840                __b2d_D2A
                0x00409940                __d2b_D2A
                0x00409a30                __strcp_D2A
 .text          0x00409a60        0x8 c:/mingw/bin/../lib/gcc/mingw32/6.3.0/../../..\libmsvcrt.a(djpvbs01325.o)
                0x00409a60                wcstombs
 .text          0x00409a68        0x8 c:/mingw/bin/../lib/gcc/mingw32/6.3.0/../../..\libmsvcrt.a(djpvbs01308.o)
                0x00409a68                wcslen
 .text          0x00409a70        0x8 c:/mingw/bin/../lib/gcc/mingw32/6.3.0/../../..\libmsvcrt.a(djpvbs01284.o)
                0x00409a70                vfprintf
 .text          0x00409a78        0x8 c:/mingw/bin/../lib/gcc/mingw32/6.3.0/../../..\libmsvcrt.a(djpvbs01278.o)
                0x00409a78                toupper
 .text          0x00409a80        0x8 c:/mingw/bin/../lib/gcc/mingw32/6.3.0/../../..\libmsvcrt.a(djpvbs01277.o)
                0x00409a80                tolower
 .text          0x00409a88        0x8 c:/mingw/bin/../lib/gcc/mingw32/6.3.0/../../..\libmsvcrt.a(djpvbs01272.o)
                0x00409a88                time
 .text          0x00409a90        0x8 c:/mingw/bin/../lib/gcc/mingw32/6.3.0/../../..\libmsvcrt.a(djpvbs01269.o)
                0x00409a90                system
 .text          0x00409a98        0x8 c:/mingw/bin/../lib/gcc/mingw32/6.3.0/../../..\libmsvcrt.a(djpvbs01258.o)
                0x00409a98                strstr
 .text          0x00409aa0        0x8 c:/mingw/bin/../lib/gcc/mingw32/6.3.0/../../..\libmsvcrt.a(djpvbs01257.o)
                0x00409aa0                strspn
 .text          0x00409aa8        0x8 c:/mingw/bin/../lib/gcc/mingw32/6.3.0/../../..\libmsvcrt.a(djpvbs01253.o)
                0x00409aa8                strncpy
 .text          0x00409ab0        0x8 c:/mingw/bin/../lib/gcc/mingw32/6.3.0/../../..\libmsvcrt.a(djpvbs01252.o)
                0x00409ab0                strncmp
 .text          0x00409ab8        0x8 c:/mingw/bin/../lib/gcc/mingw32/6.3.0/../../..\libmsvcrt.a(djpvbs01249.o)
                0x00409ab8                strlen
 .text          0x00409ac0        0x8 c:/mingw/bin/../lib/gcc/mingw32/6.3.0/../../..\libmsvcrt.a(djpvbs01245.o)
                0x00409ac0                strcspn
 .text          0x00409ac8        0x8 c:/mingw/bin/../lib/gcc/mingw32/6.3.0/../../..\libmsvcrt.a(djpvbs01243.o)
                0x00409ac8                strcpy
 .text          0x00409ad0        0x8 c:/mingw/bin/../lib/gcc/mingw32/6.3.0/../../..\libmsvcrt.a(djpvbs01242.o)
                0x00409ad0                strcoll
 .text          0x00409ad8        0x8 c:/mingw/bin/../lib/gcc/mingw32/6.3.0/../../..\libmsvcrt.a(djpvbs01241.o)
                0x00409ad8                strcmp
 .text          0x00409ae0        0x8 c:/mingw/bin/../lib/gcc/mingw32/6.3.0/../../..\libmsvcrt.a(djpvbs01240.o)
                0x00409ae0                strchr
 .text          0x00409ae8        0x8 c:/mingw/bin/../lib/gcc/mingw32/6.3.0/../../..\libmsvcrt.a(djpvbs01236.o)
                0x00409ae8                sscanf
 .text          0x00409af0        0x8 c:/mingw/bin/../lib/gcc/mingw32/6.3.0/../../..\libmsvcrt.a(djpvbs01235.o)
                0x00409af0                srand
 .text          0x00409af8        0x8 c:/mingw/bin/../lib/gcc/mingw32/6.3.0/../../..\libmsvcrt.a(djpvbs01230.o)
                0x00409af8                sin
 .text          0x00409b00        0x8 c:/mingw/bin/../lib/gcc/mingw32/6.3.0/../../..\libmsvcrt.a(djpvbs01229.o)
                0x00409b00                signal
 .text          0x00409b08        0x8 c:/mingw/bin/../lib/gcc/mingw32/6.3.0/../../..\libmsvcrt.a(djpvbs01227.o)
                0x00409b08                setlocale
 .text          0x00409b10        0x8 c:/mingw/bin/../lib/gcc/mingw32/6.3.0/../../..\libmsvcrt.a(djpvbs01220.o)
                0x00409b10                realloc
 .text          0x00409b18        0x8 c:/mingw/bin/../lib/gcc/mingw32/6.3.0/../../..\libmsvcrt.a(djpvbs01218.o)
                0x00409b18                rand
 .text          0x00409b20        0x8 c:/mingw/bin/../lib/gcc/mingw32/6.3.0/../../..\libmsvcrt.a(djpvbs01215.o)
                0x00409b20                qsort
 .text          0x00409b28        0x8 c:/mingw/bin/../lib/gcc/mingw32/6.3.0/../../..\libmsvcrt.a(djpvbs01212.o)
                0x00409b28                puts
 .text          0x00409b30        0x8 c:/mingw/bin/../lib/gcc/mingw32/6.3.0/../../..\libmsvcrt.a(djpvbs01211.o)
                0x00409b30                putchar
 .text          0x00409b38        0x8 c:/mingw/bin/../lib/gcc/mingw32/6.3.0/../../..\libmsvcrt.a(djpvbs01207.o)
                0x00409b38                pow
 .text          0x00409b40        0x8 c:/mingw/bin/../lib/gcc/mingw32/6.3.0/../../..\libmsvcrt.a(djpvbs01204.o)
                0x00409b40                mktime
 .text          0x00409b48        0x8 c:/mingw/bin/../lib/gcc/mingw32/6.3.0/../../..\libmsvcrt.a(djpvbs01203.o)
                0x00409b48                memset
 .text          0x00409b50        0x8 c:/mingw/bin/../lib/gcc/mingw32/6.3.0/../../..\libmsvcrt.a(djpvbs01201.o)
                0x00409b50                memmove
 .text          0x00409b58        0x8 c:/mingw/bin/../lib/gcc/mingw32/6.3.0/../../..\libmsvcrt.a(djpvbs01199.o)
                0x00409b58                memcpy
 .text          0x00409b60        0x8 c:/mingw/bin/../lib/gcc/mingw32/6.3.0/../../..\libmsvcrt.a(djpvbs01194.o)
                0x00409b60                mbstowcs
 .text          0x00409b68        0x8 c:/mingw/bin/../lib/gcc/mingw32/6.3.0/../../..\libmsvcrt.a(djpvbs01187.o)
                0x00409b68                malloc
 .text          0x00409b70        0x8 c:/mingw/bin/../lib/gcc/mingw32/6.3.0/../../..\libmsvcrt.a(djpvbs01185.o)
                0x00409b70                log10
 .text          0x00409b78        0x8 c:/mingw/bin/../lib/gcc/mingw32/6.3.0/../../..\libmsvcrt.a(djpvbs01184.o)
                0x00409b78                log
 .text          0x00409b80        0x8 c:/mingw/bin/../lib/gcc/mingw32/6.3.0/../../..\libmsvcrt.a(djpvbs01183.o)
                0x00409b80                localtime
 .text          0x00409b88        0x8 c:/mingw/bin/../lib/gcc/mingw32/6.3.0/../../..\libmsvcrt.a(djpvbs01182.o)
                0x00409b88                localeconv
 .text          0x00409b90        0x8 c:/mingw/bin/../lib/gcc/mingw32/6.3.0/../../..\libmsvcrt.a(djpvbs01163.o)
                0x00409b90                isspace
 .text          0x00409b98        0x8 c:/mingw/bin/../lib/gcc/mingw32/6.3.0/../../..\libmsvcrt.a(djpvbs01161.o)
                0x00409b98                isprint
 .text          0x00409ba0        0x8 c:/mingw/bin/../lib/gcc/mingw32/6.3.0/../../..\libmsvcrt.a(djpvbs01147.o)
                0x00409ba0                getenv
 .text          0x00409ba8        0x8 c:/mingw/bin/../lib/gcc/mingw32/6.3.0/../../..\libmsvcrt.a(djpvbs01142.o)
                0x00409ba8                fwrite
 .text          0x00409bb0        0x8 c:/mingw/bin/../lib/gcc/mingw32/6.3.0/../../..\libmsvcrt.a(djpvbs01131.o)
                0x00409bb0                free
 .text          0x00409bb8        0x8 c:/mingw/bin/../lib/gcc/mingw32/6.3.0/../../..\libmsvcrt.a(djpvbs01126.o)
                0x00409bb8                fputc
 .text          0x00409bc0        0x8 c:/mingw/bin/../lib/gcc/mingw32/6.3.0/../../..\libmsvcrt.a(djpvbs01122.o)
                0x00409bc0                fopen
 .text          0x00409bc8        0x8 c:/mingw/bin/../lib/gcc/mingw32/6.3.0/../../..\libmsvcrt.a(djpvbs01111.o)
                0x00409bc8                fclose
 .text          0x00409bd0        0x8 c:/mingw/bin/../lib/gcc/mingw32/6.3.0/../../..\libmsvcrt.a(djpvbs01108.o)
                0x00409bd0                exit
 .text          0x00409bd8        0x8 c:/mingw/bin/../lib/gcc/mingw32/6.3.0/../../..\libmsvcrt.a(djpvbs01106.o)
                0x00409bd8                difftime
 .text          0x00409be0        0x8 c:/mingw/bin/../lib/gcc/mingw32/6.3.0/../../..\libmsvcrt.a(djpvbs01102.o)
                0x00409be0                clock
 .text          0x00409be8        0x8 c:/mingw/bin/../lib/gcc/mingw32/6.3.0/../../..\libmsvcrt.a(djpvbs01099.o)
                0x00409be8                ceil
 .text          0x00409bf0        0x8 c:/mingw/bin/../lib/gcc/mingw32/6.3.0/../../..\libmsvcrt.a(djpvbs01098.o)
                0x00409bf0                calloc
 .text          0x00409bf8        0x8 c:/mingw/bin/../lib/gcc/mingw32/6.3.0/../../..\libmsvcrt.a(djpvbs01093.o)
                0x00409bf8                atoi
 .text          0x00409c00        0x0 c:/mingw/bin/../lib/gcc/mingw32/6.3.0/../../..\libmsvcrt.a(djpvbs01091.o)
 .text          0x00409c00        0x8 c:/mingw/bin/../lib/gcc/mingw32/6.3.0/../../..\libmsvcrt.a(djpvbs01083.o)
                0x00409c00                abort
 .text          0x00409c08        0x8 c:/mingw/bin/../lib/gcc/mingw32/6.3.0/../../..\libmsvcrt.a(djpvbs00803.o)
                0x00409c08                _stricmp
 .text          0x00409c10        0x8 c:/mingw/bin/../lib/gcc/mingw32/6.3.0/../../..\libmsvcrt.a(djpvbs00753.o)
                0x00409c10                _setmode
 .text          0x00409c18        0x0 c:/mingw/bin/../lib/gcc/mingw32/6.3.0/../../..\libmsvcrt.a(djpvbs00698.o)
 .text          0x00409c18        0x0 c:/mingw/bin/../lib/gcc/mingw32/6.3.0/../../..\libmsvcrt.a(djpvbs00689.o)
 .text          0x00409c18        0x8 c:/mingw/bin/../lib/gcc/mingw32/6.3.0/../../..\libmsvcrt.a(djpvbs00422.o)
                0x00409c18                _isctype
 .text          0x00409c20        0x0 c:/mingw/bin/../lib/gcc/mingw32/6.3.0/../../..\libmsvcrt.a(djpvbs00417.o)
 .text          0x00409c20        0x8 c:/mingw/bin/../lib/gcc/mingw32/6.3.0/../../..\libmsvcrt.a(djpvbs00379.o)
                0x00409c20                _getch
 .text          0x00409c28        0x8 c:/mingw/bin/../lib/gcc/mingw32/6.3.0/../../..\libmsvcrt.a(djpvbs00350.o)
                0x00409c28                _fullpath
 .text          0x00409c30        0x8 c:/mingw/bin/../lib/gcc/mingw32/6.3.0/../../..\libmsvcrt.a(djpvbs00285.o)
                0x00409c30                _errno
 .text          0x00409c38        0x8 c:/mingw/bin/../lib/gcc/mingw32/6.3.0/../../..\libmsvcrt.a(djpvbs00219.o)
                0x00409c38                _cexit
 .text          0x00409c40        0x8 c:/mingw/bin/../lib/gcc/mingw32/6.3.0/../../..\libmsvcrt.a(djpvbs00133.o)
                0x00409c40                __p__fmode
 .text          0x00409c48        0x8 c:/mingw/bin/../lib/gcc/mingw32/6.3.0/../../..\libmsvcrt.a(djpvbs00131.o)
                0x00409c48                __p__environ
 .text          0x00409c50        0x0 c:/mingw/bin/../lib/gcc/mingw32/6.3.0/../../..\libmsvcrt.a(djpvbs00119.o)
 .text          0x00409c50        0x8 c:/mingw/bin/../lib/gcc/mingw32/6.3.0/../../..\libmsvcrt.a(djpvbs00088.o)
                0x00409c50                __getmainargs
 .text          0x00409c58        0x0 c:/mingw/bin/../lib/gcc/mingw32/6.3.0/../../..\libmsvcrt.a(djpvbh.o)
 .text          0x00409c58        0x0 c:/mingw/bin/../lib/gcc/mingw32/6.3.0/../../..\libmsvcrt.a(djpvbt.o)
 .text          0x00409c58        0x8 c:/mingw/bin/../lib/gcc/mingw32/6.3.0/../../..\libkernel32.a(dujcs01267.o)
                0x00409c58                WriteFile@20
 .text          0x00409c60        0x8 c:/mingw/bin/../lib/gcc/mingw32/6.3.0/../../..\libkernel32.a(dujcs01247.o)
                0x00409c60                WideCharToMultiByte@32
 .text          0x00409c68        0x8 c:/mingw/bin/../lib/gcc/mingw32/6.3.0/../../..\libkernel32.a(dujcs01215.o)
                0x00409c68                VirtualQuery@12
 .text          0x00409c70        0x8 c:/mingw/bin/../lib/gcc/mingw32/6.3.0/../../..\libkernel32.a(dujcs01213.o)
                0x00409c70                VirtualProtect@16
 .text          0x00409c78        0x8 c:/mingw/bin/../lib/gcc/mingw32/6.3.0/../../..\libkernel32.a(dujcs01173.o)
                0x00409c78                TlsGetValue@4
 .text          0x00409c80        0x8 c:/mingw/bin/../lib/gcc/mingw32/6.3.0/../../..\libkernel32.a(dujcs01152.o)
                0x00409c80                Sleep@4
 .text          0x00409c88        0x8 c:/mingw/bin/../lib/gcc/mingw32/6.3.0/../../..\libkernel32.a(dujcs01140.o)
                0x00409c88                SetUnhandledExceptionFilter@4
 .text          0x00409c90        0x8 c:/mingw/bin/../lib/gcc/mingw32/6.3.0/../../..\libkernel32.a(dujcs01037.o)
                0x00409c90                SetConsoleMode@8
 .text          0x00409c98        0x8 c:/mingw/bin/../lib/gcc/mingw32/6.3.0/../../..\libkernel32.a(dujcs01014.o)
                0x00409c98                SetCommTimeouts@8
 .text          0x00409ca0        0x8 c:/mingw/bin/../lib/gcc/mingw32/6.3.0/../../..\libkernel32.a(dujcs01013.o)
                0x00409ca0                SetCommState@8
 .text          0x00409ca8        0x8 c:/mingw/bin/../lib/gcc/mingw32/6.3.0/../../..\libkernel32.a(dujcs00947.o)
                0x00409ca8                ReadFile@20
 .text          0x00409cb0        0x8 c:/mingw/bin/../lib/gcc/mingw32/6.3.0/../../..\libkernel32.a(dujcs00860.o)
                0x00409cb0                MultiByteToWideChar@24
 .text          0x00409cb8        0x8 c:/mingw/bin/../lib/gcc/mingw32/6.3.0/../../..\libkernel32.a(dujcs00817.o)
                0x00409cb8                LoadLibraryA@4
 .text          0x00409cc0        0x8 c:/mingw/bin/../lib/gcc/mingw32/6.3.0/../../..\libkernel32.a(dujcs00814.o)
                0x00409cc0                LeaveCriticalSection@4
 .text          0x00409cc8        0x8 c:/mingw/bin/../lib/gcc/mingw32/6.3.0/../../..\libkernel32.a(dujcs00763.o)
                0x00409cc8                IsDBCSLeadByteEx@8
 .text          0x00409cd0        0x8 c:/mingw/bin/../lib/gcc/mingw32/6.3.0/../../..\libkernel32.a(dujcs00744.o)
                0x00409cd0                InterlockedExchange@8
 .text          0x00409cd8        0x8 c:/mingw/bin/../lib/gcc/mingw32/6.3.0/../../..\libkernel32.a(dujcs00734.o)
                0x00409cd8                InitializeCriticalSection@4
 .text          0x00409ce0        0x8 c:/mingw/bin/../lib/gcc/mingw32/6.3.0/../../..\libkernel32.a(dujcs00608.o)
                0x00409ce0                GetStdHandle@4
 .text          0x00409ce8        0x8 c:/mingw/bin/../lib/gcc/mingw32/6.3.0/../../..\libkernel32.a(dujcs00577.o)
                0x00409ce8                GetProcAddress@8
 .text          0x00409cf0        0x8 c:/mingw/bin/../lib/gcc/mingw32/6.3.0/../../..\libkernel32.a(dujcs00529.o)
                0x00409cf0                GetModuleHandleA@4
 .text          0x00409cf8        0x8 c:/mingw/bin/../lib/gcc/mingw32/6.3.0/../../..\libkernel32.a(dujcs00510.o)
                0x00409cf8                GetLastError@0
 .text          0x00409d00        0x8 c:/mingw/bin/../lib/gcc/mingw32/6.3.0/../../..\libkernel32.a(dujcs00426.o)
                0x00409d00                GetConsoleMode@8
 .text          0x00409d08        0x8 c:/mingw/bin/../lib/gcc/mingw32/6.3.0/../../..\libkernel32.a(dujcs00388.o)
                0x00409d08                GetCommandLineA@0
 .text          0x00409d10        0x8 c:/mingw/bin/../lib/gcc/mingw32/6.3.0/../../..\libkernel32.a(dujcs00386.o)
                0x00409d10                GetCommState@8
 .text          0x00409d18        0x8 c:/mingw/bin/../lib/gcc/mingw32/6.3.0/../../..\libkernel32.a(dujcs00352.o)
                0x00409d18                FreeLibrary@4
 .text          0x00409d20        0x8 c:/mingw/bin/../lib/gcc/mingw32/6.3.0/../../..\libkernel32.a(dujcs00321.o)
                0x00409d20                FindNextFileA@8
 .text          0x00409d28        0x8 c:/mingw/bin/../lib/gcc/mingw32/6.3.0/../../..\libkernel32.a(dujcs00304.o)
                0x00409d28                FindFirstFileA@8
 .text          0x00409d30        0x8 c:/mingw/bin/../lib/gcc/mingw32/6.3.0/../../..\libkernel32.a(dujcs00300.o)
                0x00409d30                FindClose@4
 .text          0x00409d38        0x8 c:/mingw/bin/../lib/gcc/mingw32/6.3.0/../../..\libkernel32.a(dujcs00279.o)
                0x00409d38                ExitProcess@4
 .text          0x00409d40        0x8 c:/mingw/bin/../lib/gcc/mingw32/6.3.0/../../..\libkernel32.a(dujcs00236.o)
                0x00409d40                EnterCriticalSection@4
 .text          0x00409d48        0x8 c:/mingw/bin/../lib/gcc/mingw32/6.3.0/../../..\libkernel32.a(dujcs00207.o)
                0x00409d48                DeleteCriticalSection@4
 .text          0x00409d50        0x8 c:/mingw/bin/../lib/gcc/mingw32/6.3.0/../../..\libkernel32.a(dujcs00135.o)
                0x00409d50                CreateFileA@28
 .text          0x00409d58        0x8 c:/mingw/bin/../lib/gcc/mingw32/6.3.0/../../..\libkernel32.a(dujcs00082.o)
                0x00409d58                CloseHandle@4
 .text          0x00409d60        0x0 c:/mingw/bin/../lib/gcc/mingw32/6.3.0/../../..\libkernel32.a(dujch.o)
 .text          0x00409d60        0x0 c:/mingw/bin/../lib/gcc/mingw32/6.3.0/../../..\libkernel32.a(dujct.o)
 .text          0x00409d60        0x8 c:/mingw/bin/../lib/gcc/mingw32/6.3.0/../../..\libmoldname.a(dagwbs00082.o)
                0x00409d60                stricoll
 .text          0x00409d68        0x8 c:/mingw/bin/../lib/gcc/mingw32/6.3.0/../../..\libmoldname.a(dagwbs00080.o)
                0x00409d68                strdup
 .text          0x00409d70        0x0 c:/mingw/bin/../lib/gcc/mingw32/6.3.0/crtend.o
 *(SORT(.text$*))
 .text$Akip1160ComPortToNode
                0x00409d70       0x80 build/akip1160_mcal.o
                0x00409d70                Akip1160ComPortToNode
 .text$Akip1160ConfigToStr
                0x00409df0       0xb8 build/akip1160_diag.o
                0x00409df0                Akip1160ConfigToStr
 .text$Akip1160GetConfig
                0x00409ea8       0x84 build/akip1160_mcal.o
                0x00409ea8                Akip1160GetConfig
 .text$Akip1160GetNode
                0x00409f2c       0x80 build/akip1160_mcal.o
                0x00409f2c                Akip1160GetNode
 .text$Akip1160IsValidConfig
                0x00409fac       0x50 build/akip1160_mcal.o
                0x00409fac                Akip1160IsValidConfig
 .text$Akip1160NodeToStr
                0x00409ffc       0x8c build/akip1160_diag.o
                0x00409ffc                Akip1160NodeToStr
 .text$ArrayToAsciiStr
                0x0040a088       0x58 build/array_diag.o
                0x0040a088                ArrayToAsciiStr
 .text$ArrayToStr
                0x0040a0e0       0xc4 build/array_diag.o
                0x0040a0e0                ArrayToStr
 .text$ArrayU8ToBitStr
                0x0040a1a4       0x98 build/array_diag.o
                0x0040a1a4                ArrayU8ToBitStr
 .text$AsciiChar2Dec
                0x0040a23c       0x44 build/convert.o
                0x0040a23c                AsciiChar2Dec
 .text$AsciiChar2HexNibble
                0x0040a280       0xd4 build/convert.o
                0x0040a280                AsciiChar2HexNibble
 .text$BigValToStr
                0x0040a354       0x34 build/common_diag.o
                0x0040a354                BigValToStr
 .text$BitRateToStr
                0x0040a388       0x48 build/common_diag.o
                0x0040a388                BitRateToStr
 .text$BitToAsterisk
                0x0040a3d0       0x28 build/common_diag.o
                0x0040a3d0                BitToAsterisk
 .text$BitToStr
                0x0040a3f8       0x34 build/bit_diag.o
                0x0040a3f8                BitToStr
 .text$Bits2Bytes
                0x0040a42c       0x3c build/data_utils.o
                0x0040a42c                Bits2Bytes
 .text$BoolToOnOff
                0x0040a468       0x48 build/common_diag.o
                0x0040a468                BoolToOnOff
 .text$ByteNameToStr
                0x0040a4b0       0x28 build/byte_diag.o
                0x0040a4b0                ByteNameToStr
 .text$ByteRateToStr
                0x0040a4d8       0x50 build/common_diag.o
                0x0040a4d8                ByteRateToStr
 .text$ByteToStr
                0x0040a528       0x3c build/common_diag.o
                0x0040a528                ByteToStr
 .text$CliCmdInfoGet
                0x0040a564       0xc8 build/cli_drv.o
                0x0040a564                CliCmdInfoGet
 .text$CliCmdToStr
                0x0040a62c       0xe0 build/cli_diag.o
                0x0040a62c                CliCmdToStr
 .text$CliConfigToStr
                0x0040a70c       0xf4 build/cli_diag.o
                0x0040a70c                CliConfigToStr
 .text$CliGetConfig
                0x0040a800       0x98 build/cli_drv.o
                0x0040a800                CliGetConfig
 .text$CliGetNode
                0x0040a898       0x80 build/cli_drv.o
                0x0040a898                CliGetNode
 .text$CliIsValidConfig
                0x0040a918       0x90 build/cli_drv.o
 .text$CliNodeToStr
                0x0040a9a8      0x104 build/cli_diag.o
                0x0040a9a8                CliNodeToStr
 .text$ClkSrcToStr
                0x0040aaac       0x40 build/clock_diag.o
                0x0040aaac                ClkSrcToStr
 .text$ClockBusToStr
                0x0040aaec       0x64 build/clock_diag.o
                0x0040aaec                ClockBusToStr
 .text$ClockConfigToStr
                0x0040ab50      0x1a4 build/clock_diag.o
                0x0040ab50                ClockConfigToStr
 .text$ClockGetInfo
                0x0040acf4       0x1c build/clock_mcal.o
                0x0040acf4                ClockGetInfo
 .text$ClockMuxToStr
                0x0040ad10       0x4c build/clock_diag.o
                0x0040ad10                ClockMuxToStr
 .text$ClockSettingToStr
                0x0040ad5c       0x7c build/clock_diag.o
                0x0040ad5c                ClockSettingToStr
 .text$ClockSourcToHz
                0x0040add8       0x6c build/clock_general.o
                0x0040add8                ClockSourcToHz
 .text$CmdRetToStr
                0x0040ae44       0x30 build/win_utils.o
 .text$ConnectivityDirectionToStr
                0x0040ae74       0x54 build/connectivity_diag.o
                0x0040ae74                ConnectivityDirectionToStr
 .text$ControlModeToStr
                0x0040aec8       0x54 build/control_diag.o
                0x0040aec8                ControlModeToStr
 .text$ControlPermissionToStr
                0x0040af1c      0x230 build/control_diag.o
                0x0040af1c                ControlPermissionToStr
 .text$CsvInputToStr
                0x0040b14c       0x54 build/csv_diag.o
                0x0040b14c                CsvInputToStr
 .text$CsvNodeDiag
                0x0040b1a0       0x44 build/csv_diag.o
                0x0040b1a0                CsvNodeDiag
 .text$CsvNodeToStr
                0x0040b1e4      0x2b0 build/csv_diag.o
                0x0040b1e4                CsvNodeToStr
 .text$CsvStateToStr
                0x0040b494       0x6c build/csv_diag.o
                0x0040b494                CsvStateToStr
 .text$DataToValStrBuff
                0x0040b500      0x64c build/storage_diag.o
                0x0040b500                DataToValStrBuff
 .text$DateToStr
                0x0040bb4c       0x70 build/time_diag.o
                0x0040bb4c                DateToStr
 .text$DateToStrShort
                0x0040bbbc       0x44 build/time_diag.o
                0x0040bbbc                DateToStrShort
 .text$DoubleToStr
                0x0040bc00      0x2b8 build/num_to_str.o
                0x0040bc00                DoubleToStr
 .text$ErrValue2LogLevel
                0x0040beb8       0x34 build/log.o
                0x0040beb8                ErrValue2LogLevel
 .text$FacilityToStr
                0x0040beec       0xb8 build/system_diag.o
                0x0040beec                FacilityToStr
 .text$FloatBigToStr
                0x0040bfa4      0x360 build/float_diag.o
                0x0040bfa4                FloatBigToStr
 .text$FloatDataToStr
                0x0040c304       0x48 build/common_diag.o
                0x0040c304                FloatDataToStr
 .text$FloatFixToStr
                0x0040c34c       0x80 build/rational_num_diag.o
                0x0040c34c                FloatFixToStr
 .text$FloatToStr
                0x0040c3cc       0x64 build/float_diag.o
                0x0040c3cc                FloatToStr
 .text$FlowCtrlToStr
                0x0040c430       0x88 build/protocol_diag.o
                0x0040c430                FlowCtrlToStr
 .text$HAL_GetTick
                0x0040c4b8       0x1c build/clock_mcal.o
                0x0040c4b8                HAL_GetTick
 .text$HexQWord2Str
                0x0040c4d4       0x30 build/num_to_str.o
                0x0040c4d4                HexQWord2Str
 .text$HexQWordRevToStr
                0x0040c504       0x64 build/num_to_str.o
                0x0040c504                HexQWordRevToStr
 .text$HexQWordToStr
                0x0040c568       0x48 build/num_to_str.o
                0x0040c568                HexQWordToStr
 .text$HexWordToStr
                0x0040c5b0       0x3c build/common_diag.o
                0x0040c5b0                HexWordToStr
 .text$IfBitOrderToStr
                0x0040c5ec       0x48 build/interfaces_diag.o
                0x0040c5ec                IfBitOrderToStr
 .text$IfBusRoleToStr
                0x0040c634       0x48 build/interfaces_diag.o
                0x0040c634                IfBusRoleToStr
 .text$InterfaceComPortToInterface
                0x0040c67c       0x44 build/interface_drv.o
                0x0040c67c                InterfaceComPortToInterface
 .text$InterfaceNameToInfo
                0x0040c6c0       0x78 build/interfaces_diag.o
                0x0040c6c0                InterfaceNameToInfo
 .text$InterfaceNameToStr
                0x0040c738       0x40 build/interfaces_diag.o
                0x0040c738                InterfaceNameToStr
 .text$InterfaceToStr
                0x0040c778       0x28 build/interfaces_diag.o
                0x0040c778                InterfaceToStr
 .text$InterfaceTypeToStr
                0x0040c7a0       0xb0 build/interfaces_diag.o
                0x0040c7a0                InterfaceTypeToStr
 .text$InterfaceTypeToStrShort
                0x0040c850       0x9c build/interfaces_diag.o
                0x0040c850                InterfaceTypeToStrShort
 .text$LOG_CRITICAL
                0x0040c8ec       0x4c build/log.o
                0x0040c8ec                LOG_CRITICAL
 .text$LOG_DEBUG
                0x0040c938       0x4c build/log.o
                0x0040c938                LOG_DEBUG
 .text$LOG_ERROR
                0x0040c984       0x4c build/log.o
                0x0040c984                LOG_ERROR
 .text$LOG_INFO
                0x0040c9d0       0x4c build/log.o
                0x0040c9d0                LOG_INFO
 .text$LOG_NOTICE
                0x0040ca1c       0x4c build/log.o
                0x0040ca1c                LOG_NOTICE
 .text$LOG_PARN
                0x0040ca68       0x4c build/log.o
                0x0040ca68                LOG_PARN
 .text$LOG_PROTECTED
                0x0040cab4       0x4c build/log.o
                0x0040cab4                LOG_PROTECTED
 .text$LOG_TRACE
                0x0040cb00       0x4c build/log.o
                0x0040cb00                LOG_TRACE
 .text$LOG_WARNING
                0x0040cb4c       0x4c build/log.o
                0x0040cb4c                LOG_WARNING
 .text$LogEndOfLineToStr
                0x0040cb98       0x6c build/log_diag.o
                0x0040cb98                LogEndOfLineToStr
 .text$LogGetConfig
                0x0040cc04       0x94 build/log.o
                0x0040cc04                LogGetConfig
 .text$LogGetNode
                0x0040cc98       0x94 build/log.o
                0x0040cc98                LogGetNode
 .text$Mask32ToStr
                0x0040cd2c      0x174 build/protocol_diag.o
                0x0040cd2c                Mask32ToStr
 .text$MathParityToStr
                0x0040cea0       0x40 build/math_diag.o
                0x0040cea0                MathParityToStr
 .text$McalMoveModeToStr
                0x0040cee0       0x54 build/mcal_diag.o
                0x0040cee0                McalMoveModeToStr
 .text$McalOkCntToRes
                0x0040cf34       0x20 build/mcal_diag.o
                0x0040cf34                McalOkCntToRes
 .text$MsToStr  0x0040cf54       0x44 build/time_diag.o
                0x0040cf54                MsToStr
 .text$NumberParserFsm2Str
                0x0040cf98       0xfc build/convert_diag.o
                0x0040cf98                NumberParserFsm2Str
 .text$NumberParserState2Str
                0x0040d094       0x74 build/convert_diag.o
                0x0040d094                NumberParserState2Str
 .text$OffSetToStr
                0x0040d108       0x80 build/debug_info.o
                0x0040d108                OffSetToStr
 .text$OkToStr  0x0040d188       0x44 build/common_diag.o
                0x0040d188                OkToStr
 .text$OnOffToStr
                0x0040d1cc       0x48 build/common_diag.o
                0x0040d1cc                OnOffToStr
 .text$ProgType2str
                0x0040d214       0x6c build/system_diag.o
                0x0040d214                ProgType2str
 .text$ProgressFloatToStr
                0x0040d280       0xb8 build/common_diag.o
                0x0040d280                ProgressFloatToStr
 .text$ProgressRealToStr
                0x0040d338       0xb8 build/common_diag.o
                0x0040d338                ProgressRealToStr
 .text$ProgressToStr
                0x0040d3f0       0x6c build/common_diag.o
                0x0040d3f0                ProgressToStr
 .text$ProtocolFrameToStr
                0x0040d45c       0x1c build/protocol_diag.o
                0x0040d45c                ProtocolFrameToStr
 .text$ProtocolRxStateToStr
                0x0040d478       0x90 build/protocol_diag.o
                0x0040d478                ProtocolRxStateToStr
 .text$QWordToStr
                0x0040d508       0x38 build/common_diag.o
                0x0040d508                QWordToStr
 .text$RegisterDiag
                0x0040d540       0x54 build/mcal_diag.o
                0x0040d540                RegisterDiag
 .text$ResToLogLevel
                0x0040d594       0x2c build/log.o
                0x0040d594                ResToLogLevel
 .text$ResToStr
                0x0040d5c0       0x1c build/common_diag.o
                0x0040d5c0                ResToStr
 .text$RfFreqToStr
                0x0040d5dc       0x64 build/common_diag.o
                0x0040d5dc                RfFreqToStr
 .text$SchedulerGetNode
                0x0040d640       0x84 build/scheduler_mcal.o
                0x0040d640                SchedulerGetNode
 .text$SchedulerNodeToStr
                0x0040d6c4       0xb0 build/scheduler_diag.o
                0x0040d6c4                SchedulerNodeToStr
 .text$SchedulerNunToTaskNode
                0x0040d774       0x60 build/scheduler_mcal.o
                0x0040d774                SchedulerNunToTaskNode
 .text$SchedulerTaskToStr
                0x0040d7d4       0xbc build/scheduler_diag.o
                0x0040d7d4                SchedulerTaskToStr
 .text$SecToStr
                0x0040d890      0x168 build/time_diag.o
                0x0040d890                SecToStr
 .text$SerialPortConfigToStr
                0x0040d9f8       0xe8 build/serial_port_diag.o
                0x0040d9f8                SerialPortConfigToStr
 .text$SerialPortErrorToStr
                0x0040dae0       0x64 build/serial_port_diag.o
                0x0040dae0                SerialPortErrorToStr
 .text$SerialPortGetConfig
                0x0040db44       0x98 build/serial_port.o
                0x0040db44                SerialPortGetConfig
 .text$SerialPortGetNode
                0x0040dbdc       0x94 build/serial_port.o
                0x0040dbdc                SerialPortGetNode
 .text$SerialPortIsValidConfig
                0x0040dc70       0xe0 build/serial_port.o
 .text$SerialPortNodeToStr
                0x0040dd50      0x1a4 build/serial_port_diag.o
                0x0040dd50                SerialPortNodeToStr
 .text$SerialPortNumToNode
                0x0040def4       0x98 build/serial_port.o
                0x0040def4                SerialPortNumToNode
 .text$Sign2Str
                0x0040df8c       0x48 build/convert_diag.o
                0x0040df8c                Sign2Str
 .text$StorageAccessToStr
                0x0040dfd4       0x6c build/storage_diag.o
                0x0040dfd4                StorageAccessToStr
 .text$StorageDataToValueStr
                0x0040e040       0xd8 build/storage_diag.o
                0x0040e040                StorageDataToValueStr
 .text$StorageFrameHeaderToStr
                0x0040e118      0x110 build/storage_diag.o
                0x0040e118                StorageFrameHeaderToStr
 .text$StorageGetNode
                0x0040e228       0x1c build/storage.o
                0x0040e228                StorageGetNode
 .text$StorageIdToStr
                0x0040e244       0x78 build/storage_diag.o
                0x0040e244                StorageIdToStr
 .text$StorageIsValidParam
                0x0040e2bc      0x1d4 build/storage.o
                0x0040e2bc                StorageIsValidParam
 .text$StorageItemToStr
                0x0040e490      0x1fc build/storage_diag.o
                0x0040e490                StorageItemToStr
 .text$StoragePhysicalQuantityToStr
                0x0040e68c      0x19c build/storage_diag.o
                0x0040e68c                StoragePhysicalQuantityToStr
 .text$StorageScaleToStr
                0x0040e828       0xf8 build/storage_diag.o
                0x0040e828                StorageScaleToStr
 .text$StorageTypeToStr
                0x0040e920       0xe8 build/storage_diag.o
                0x0040e920                StorageTypeToStr
 .text$StorageUnitsToStr
                0x0040ea08      0x348 build/storage_diag.o
                0x0040ea08                StorageUnitsToStr
 .text$StringReaderGetConfig
                0x0040ed50       0x98 build/string_reader.o
                0x0040ed50                StringReaderGetConfig
 .text$StringReaderGetNode
                0x0040ede8       0x88 build/string_reader.o
                0x0040ede8                StringReaderGetNode
 .text$StringReaderInterfaceToNode
                0x0040ee70       0x84 build/string_reader.o
                0x0040ee70                StringReaderInterfaceToNode
 .text$SuperCycleGetConfig
                0x0040eef4       0x84 build/super_cycle.o
                0x0040eef4                SuperCycleGetConfig
 .text$SuperCycleGetNode
                0x0040ef78       0x84 build/super_cycle.o
                0x0040ef78                SuperCycleGetNode
 .text$SuperCycleIsValidConfig
                0x0040effc       0x44 build/super_cycle.o
 .text$SymbolToStr
                0x0040f040       0x68 build/convert_diag.o
                0x0040f040                SymbolToStr
 .text$TaskNumToName
                0x0040f0a8       0x58 build/scheduler_diag.o
                0x0040f0a8                TaskNumToName
 .text$TestNodeToStr
                0x0040f100       0x7c build/unit_test_diag.o
                0x0040f100                TestNodeToStr
 .text$TestResToStr
                0x0040f17c       0x34 build/unit_test_diag.o
                0x0040f17c                TestResToStr
 .text$TimeDate2CsvStr
                0x0040f1b0       0xb8 build/time_diag.o
                0x0040f1b0                TimeDate2CsvStr
 .text$TimeDateToStrExt
                0x0040f268      0x1a0 build/time_diag.o
                0x0040f268                TimeDateToStrExt
 .text$TimeDateToStrShort
                0x0040f408       0x54 build/time_diag.o
                0x0040f408                TimeDateToStrShort
 .text$TimeGetConfig
                0x0040f45c       0x8c build/time_mcal.o
                0x0040f45c                TimeGetConfig
 .text$TimeGetNode
                0x0040f4e8       0x80 build/time_mcal.o
                0x0040f4e8                TimeGetNode
 .text$TimeMonthToStr
                0x0040f568       0xe4 build/time_diag.o
                0x0040f568                TimeMonthToStr
 .text$TimeMsToStr
                0x0040f64c       0x3c build/time_diag.o
                0x0040f64c                TimeMsToStr
 .text$TimeSrcToStr
                0x0040f688       0xcc build/time_diag.o
                0x0040f688                TimeSrcToStr
 .text$TimeToStr
                0x0040f754       0x80 build/time_diag.o
                0x0040f754                TimeToStr
 .text$TimeToStrShort
                0x0040f7d4       0x44 build/time_diag.o
                0x0040f7d4                TimeToStrShort
 .text$TimerArtetyToStr
                0x0040f818       0x44 build/timer_calc_diag.o
                0x0040f818                TimerArtetyToStr
 .text$U16DecToStr
                0x0040f85c       0x48 build/common_diag.o
                0x0040f85c                U16DecToStr
 .text$U16ToStr
                0x0040f8a4       0x48 build/common_diag.o
                0x0040f8a4                U16ToStr
 .text$U32DecToStr
                0x0040f8ec       0x44 build/common_diag.o
                0x0040f8ec                U32DecToStr
 .text$U32ToStr
                0x0040f930       0x44 build/common_diag.o
                0x0040f930                U32ToStr
 .text$U8DecToStr
                0x0040f974       0x48 build/common_diag.o
                0x0040f974                U8DecToStr
 .text$U8ToStr  0x0040f9bc       0x48 build/common_diag.o
                0x0040f9bc                U8ToStr
 .text$UnitsToPhysicalQuantityInfo
                0x0040fa04       0x6c build/sensitivity.o
                0x0040fa04                UnitsToPhysicalQuantityInfo
 .text$UnitsToStr
                0x0040fa70       0x68 build/sensitivity_diag.o
                0x0040fa70                UnitsToStr
 .text$UnsignedBigEndianToStr
                0x0040fad8      0x174 build/common_diag.o
                0x0040fad8                UnsignedBigEndianToStr
 .text$UpTimeMsToStr
                0x0040fc4c      0x250 build/time_diag.o
                0x0040fc4c                UpTimeMsToStr
 .text$UpTimeSecToStr
                0x0040fe9c       0x88 build/time_diag.o
                0x0040fe9c                UpTimeSecToStr
 .text$UsecToStr
                0x0040ff24      0x210 build/time_diag.o
                0x0040ff24                UsecToStr
 .text$WriterGetConfig
                0x00410134       0x84 build/writer.o
                0x00410134                WriterGetConfig
 .text$WriterGetNode
                0x004101b8       0x88 build/writer.o
                0x004101b8                WriterGetNode
 .text$WriterGetNodeByInterface
                0x00410240       0x84 build/writer.o
                0x00410240                WriterGetNodeByInterface
 .text$WriterIsValidConfig
                0x004102c4       0x80 build/writer.o
 .text$YesNoToStr
                0x00410344       0x48 build/common_diag.o
                0x00410344                YesNoToStr
 .text$__strcasecmp
                0x0041038c       0x80 build/str_utils.o
                0x0041038c                __strcasecmp
 .text$a2d      0x0041040c       0x28 build/oprintf.o
 .text$a2i      0x00410434       0x94 build/oprintf.o
 .text$add_to_failed
                0x004104c8       0x2c build/unit_test.o
 .text$adjust_bits_u8
                0x004104f4      0x130 build/bit_utils.o
                0x004104f4                adjust_bits_u8
 .text$akip1160_control
                0x00410624       0xe8 build/akip1160_mcal.o
                0x00410624                akip1160_control
 .text$akip1160_current_set
                0x0041070c       0xcc build/akip1160_mcal.o
                0x0041070c                akip1160_current_set
 .text$akip1160_diag
                0x004107d8       0x14 build/akip1160_diag.o
                0x004107d8                akip1160_diag
 .text$akip1160_diag_command
                0x004107ec       0xd4 build/akip1160_commands.o
                0x004107ec                akip1160_diag_command
 .text$akip1160_diag_one
                0x004108c0       0x18 build/akip1160_diag.o
                0x004108c0                akip1160_diag_one
 .text$akip1160_get_cnt
                0x004108d8       0x48 build/akip1160_config.o
                0x004108d8                akip1160_get_cnt
 .text$akip1160_init_command
                0x00410920       0x84 build/akip1160_commands.o
                0x00410920                akip1160_init_command
 .text$akip1160_init_common
                0x004109a4       0x6c build/akip1160_mcal.o
                0x004109a4                akip1160_init_common
 .text$akip1160_init_custom
                0x00410a10       0x30 build/akip1160_mcal.o
                0x00410a10                akip1160_init_custom
 .text$akip1160_init_one
                0x00410a40      0x130 build/akip1160_mcal.o
                0x00410a40                akip1160_init_one
 .text$akip1160_mcal_init
                0x00410b70       0x84 build/akip1160_mcal.o
                0x00410b70                akip1160_mcal_init
 .text$akip1160_proc
                0x00410bf4       0x84 build/akip1160_mcal.o
                0x00410bf4                akip1160_proc
 .text$akip1160_proc_one
                0x00410c78       0x60 build/akip1160_mcal.o
                0x00410c78                akip1160_proc_one
 .text$akip1160_raw_reg_diag
                0x00410cd8       0x18 build/akip1160_diag.o
                0x00410cd8                akip1160_raw_reg_diag
 .text$akip1160_set_command
                0x00410cf0      0x220 build/akip1160_commands.o
                0x00410cf0                akip1160_set_command
 .text$akip1160_voltage_set
                0x00410f10       0xcc build/akip1160_mcal.o
                0x00410f10                akip1160_voltage_set
 .text$arr_i8_sum_vals
                0x00410fdc       0x4c build/array.o
                0x00410fdc                arr_i8_sum_vals
 .text$arr_sum  0x00411028       0x40 build/array.o
                0x00411028                arr_sum
 .text$arr_sum_double
                0x00411068       0x50 build/array.o
                0x00411068                arr_sum_double
 .text$arr_sum_i8
                0x004110b8       0x6c build/array.o
                0x004110b8                arr_sum_i8
 .text$array2str
                0x00411124      0x11c build/num_to_str.o
                0x00411124                array2str
 .text$array_add_front
                0x00411240       0x80 build/array.o
                0x00411240                array_add_front
 .text$array_bit_array_to_hex
                0x004112c0      0x20c build/array.o
                0x004112c0                array_bit_array_to_hex
 .text$array_cmp
                0x004114cc       0x7c build/array.o
                0x004114cc                array_cmp
 .text$array_double_i16_print
                0x00411548      0x264 build/array_diag.o
                0x00411548                array_double_i16_print
 .text$array_double_max_index
                0x004117ac       0x7c build/array.o
                0x004117ac                array_double_max_index
 .text$array_float_print
                0x00411828       0x90 build/array_diag.o
                0x00411828                array_float_print
 .text$array_i16_decimation_2
                0x004118b8       0xc0 build/array.o
                0x004118b8                array_i16_decimation_2
 .text$array_i16_print
                0x00411978      0x22c build/array_diag.o
                0x00411978                array_i16_print
 .text$array_i32_print
                0x00411ba4      0x230 build/array_diag.o
                0x00411ba4                array_i32_print
 .text$array_i32_print_v2
                0x00411dd4       0xd0 build/array_diag.o
                0x00411dd4                array_i32_print_v2
 .text$array_i8_mult
                0x00411ea4       0x8c build/array.o
                0x00411ea4                array_i8_mult
 .text$array_i8_mult_sum
                0x00411f30       0x84 build/array.o
                0x00411f30                array_i8_mult_sum
 .text$array_i8_print
                0x00411fb4       0x68 build/array_diag.o
                0x00411fb4                array_i8_print
 .text$array_i8_print_dec
                0x0041201c       0x68 build/array_diag.o
                0x0041201c                array_i8_print_dec
 .text$array_incr
                0x00412084       0x64 build/array.o
                0x00412084                array_incr
 .text$array_incr_u32
                0x004120e8       0x60 build/array.o
                0x004120e8                array_incr_u32
 .text$array_index_next
                0x00412148       0x44 build/array.o
                0x00412148                array_index_next
 .text$array_index_prev
                0x0041218c       0x44 build/array.o
                0x0041218c                array_index_prev
 .text$array_is_equal
                0x004121d0       0x60 build/array.o
                0x004121d0                array_is_equal
 .text$array_is_equal_ext
                0x00412230      0x120 build/array.o
                0x00412230                array_is_equal_ext
 .text$array_is_exist
                0x00412350       0x5c build/array.o
                0x00412350                array_is_exist
 .text$array_is_same
                0x004123ac       0x64 build/array.o
                0x004123ac                array_is_same
 .text$array_max_cont
                0x00412410       0xf4 build/array.o
                0x00412410                array_max_cont
 .text$array_max_double
                0x00412504       0xd0 build/array.o
                0x00412504                array_max_double
 .text$array_pat_set
                0x004125d4       0x5c build/array.o
                0x004125d4                array_pat_set
 .text$array_print_bin
                0x00412630       0x74 build/array_diag.o
                0x00412630                array_print_bin
 .text$array_print_command
                0x004126a4       0x14 build/array_commands.o
                0x004126a4                array_print_command
 .text$array_print_hex
                0x004126b8       0x88 build/array_diag.o
                0x004126b8                array_print_hex
 .text$array_print_mem
                0x00412740      0x1b4 build/array_diag.o
                0x00412740                array_print_mem
 .text$array_rand
                0x004128f4       0x90 build/array.o
                0x004128f4                array_rand
 .text$array_reverse_bytes
                0x00412984       0x90 build/array.o
                0x00412984                array_reverse_bytes
 .text$array_reverse_float
                0x00412a14       0xa4 build/array.o
                0x00412a14                array_reverse_float
 .text$array_s16_add_front
                0x00412ab8       0x5c build/array.o
                0x00412ab8                array_s16_add_front
 .text$array_s16_add_front_zeros
                0x00412b14       0xb4 build/array.o
                0x00412b14                array_s16_add_front_zeros
 .text$array_s16_shift_right
                0x00412bc8      0x124 build/array.o
                0x00412bc8                array_s16_shift_right
 .text$array_s32_add_front_zeros
                0x00412cec       0xc0 build/array.o
                0x00412cec                array_s32_add_front_zeros
 .text$array_s32_scale
                0x00412dac       0x70 build/array.o
                0x00412dac                array_s32_scale
 .text$array_s8_add_front_zeros
                0x00412e1c       0xa0 build/array.o
                0x00412e1c                array_s8_add_front_zeros
 .text$array_separator
                0x00412ebc       0x28 build/array_diag.o
 .text$array_shift_right
                0x00412ee4      0x13c build/array.o
                0x00412ee4                array_shift_right
 .text$array_u16_item_reverse_bytes
                0x00413020       0x7c build/array.o
                0x00413020                array_u16_item_reverse_bytes
 .text$array_u16_print
                0x0041309c       0x68 build/array_diag.o
                0x0041309c                array_u16_print
 .text$array_u16_print_bin
                0x00413104       0x70 build/array_diag.o
                0x00413104                array_u16_print_bin
 .text$array_u16_rand
                0x00413174       0x8c build/array.o
                0x00413174                array_u16_rand
 .text$array_u32_item_reverse_bytes
                0x00413200       0x80 build/array.o
                0x00413200                array_u32_item_reverse_bytes
 .text$array_u32_max_cont
                0x00413280       0xa4 build/array.o
                0x00413280                array_u32_max_cont
 .text$array_u32_print
                0x00413324       0xa4 build/array_diag.o
                0x00413324                array_u32_print
 .text$array_u8_del_index
                0x004133c8       0xd0 build/array.o
                0x004133c8                array_u8_del_index
 .text$array_u8_del_indices
                0x00413498      0x144 build/array.o
                0x00413498                array_u8_del_indices
 .text$array_u8_insert_first
                0x004135dc       0x84 build/array.o
                0x004135dc                array_u8_insert_first
 .text$array_u8_print
                0x00413660       0x68 build/array_diag.o
                0x00413660                array_u8_print
 .text$array_u8_print_binary
                0x004136c8       0xf0 build/array_diag.o
                0x004136c8                array_u8_print_binary
 .text$array_u8_print_dec
                0x004137b8       0x68 build/array_diag.o
                0x004137b8                array_u8_print_dec
 .text$array_u8_rand
                0x00413820       0x84 build/array.o
                0x00413820                array_u8_rand
 .text$array_u8_shift_left
                0x004138a4       0xfc build/array.o
                0x004138a4                array_u8_shift_left
 .text$array_u8_sort
                0x004139a0       0x48 build/array.o
                0x004139a0                array_u8_sort
 .text$array_u8_xor
                0x004139e8       0x68 build/array.o
                0x004139e8                array_u8_xor
 .text$assemble_uint32
                0x00413a50       0x74 build/convert.o
                0x00413a50                assemble_uint32
 .text$bit32_control_proc
                0x00413ac4       0xac build/bit_utils.o
                0x00413ac4                bit32_control_proc
 .text$bit_ctrl
                0x00413b70       0x68 build/bit_utils.o
                0x00413b70                bit_ctrl
 .text$bit_diff
                0x00413bd8      0x178 build/bit_diag.o
                0x00413bd8                bit_diff
 .text$bit_diff_command
                0x00413d50       0xec build/bit_commands.o
                0x00413d50                bit_diff_command
 .text$bit_get_u8
                0x00413e3c       0x3c build/bit_utils.o
                0x00413e3c                bit_get_u8
 .text$bit_summ16
                0x00413e78       0x50 build/bit_utils.o
                0x00413e78                bit_summ16
 .text$board_check
                0x00413ec8       0x14 build/board_monitor.o
                0x00413ec8                board_check
 .text$board_init
                0x00413edc       0x20 build/board_config.o
                0x00413edc                board_init
 .text$bool2name
                0x00413efc       0x3c build/num_to_str.o
                0x00413efc                bool2name
 .text$bool2test_status
                0x00413f38       0x3c build/num_to_str.o
                0x00413f38                bool2test_status
 .text$calc_bitness
                0x00413f74       0x5c build/bit_utils.o
                0x00413f74                calc_bitness
 .text$calc_bitness_slow
                0x00413fd0       0x78 build/bit_utils.o
                0x00413fd0                calc_bitness_slow
 .text$calc_bitness_u64
                0x00414048       0x88 build/bit_utils.o
                0x00414048                calc_bitness_u64
 .text$calc_chirp_sample
                0x004140d0      0x128 build/utils_math.o
                0x004140d0                calc_chirp_sample
 .text$calc_days_in_year
                0x004141f8        0x8 build/time_mcal.o
                0x004141f8                calc_days_in_year
 .text$calc_dtmf_sample
                0x00414200      0x11c build/utils_math.o
                0x00414200                calc_dtmf_sample
 .text$calc_fence_sample
                0x0041431c       0xbc build/utils_math.o
                0x0041431c                calc_fence_sample
 .text$calc_percent_s
                0x004143d8       0x78 build/utils_math.o
                0x004143d8                calc_percent_s
 .text$calc_percent_uu
                0x00414450       0x44 build/utils_math.o
                0x00414450                calc_percent_uu
 .text$calc_prescaler
                0x00414494       0xdc build/clock_general.o
                0x00414494                calc_prescaler
 .text$calc_pwm_sample
                0x00414570      0x104 build/utils_math.o
                0x00414570                calc_pwm_sample
 .text$calc_pwm_sample_num
                0x00414674      0x100 build/utils_math.o
                0x00414674                calc_pwm_sample_num
 .text$calc_saw_sample
                0x00414774       0xa4 build/utils_math.o
                0x00414774                calc_saw_sample
 .text$calc_sin_sample
                0x00414818      0x18c build/utils_math.o
                0x00414818                calc_sin_sample
 .text$calc_total_day_cnt
                0x004149a4        0x8 build/time_mcal.o
                0x004149a4                calc_total_day_cnt
 .text$ceil4byte
                0x004149ac       0x28 build/data_utils.o
                0x004149ac                ceil4byte
 .text$char_to_u8
                0x004149d4       0x44 build/convert.o
                0x004149d4                char_to_u8
 .text$check_continuity
                0x00414a18       0x70 build/utils_math.o
                0x00414a18                check_continuity
 .text$check_main
                0x00414a88       0x14 build/debug_info.o
                0x00414a88                check_main
 .text$clear_tui
                0x00414a9c       0x14 build/win_utils.o
                0x00414a9c                clear_tui
 .text$cli1_init
                0x00414ab0       0x14 build/cli_drv.o
                0x00414ab0                cli1_init
 .text$cli2_init
                0x00414ac4       0x14 build/cli_drv.o
                0x00414ac4                cli2_init
 .text$cli3_init
                0x00414ad8       0x14 build/cli_drv.o
                0x00414ad8                cli3_init
 .text$cli_argument_diag
                0x00414aec       0xd0 build/cli_diag.o
                0x00414aec                cli_argument_diag
 .text$cli_check_unique_commands
                0x00414bbc      0x164 build/cli_drv.o
 .text$cli_cmd_list_print
                0x00414d20      0x280 build/cli_diag.o
                0x00414d20                cli_cmd_list_print
 .text$cli_diag_command
                0x00414fa0       0x4c build/cli_native_commands.o
                0x00414fa0                cli_diag_command
 .text$cli_echo_putchar
                0x00414fec       0x58 build/cli_drv.o
                0x00414fec                cli_echo_putchar
 .text$cli_get_cnt
                0x00415044       0x48 build/cli_config.o
                0x00415044                cli_get_cnt
 .text$cli_get_command_cnt
                0x0041508c       0x1c build/cli_config.o
                0x0041508c                cli_get_command_cnt
 .text$cli_get_echo
                0x004150a8       0x40 build/cli_drv.o
                0x004150a8                cli_get_echo
 .text$cli_help_command
                0x004150e8       0xec build/cli_native_commands.o
                0x004150e8                cli_help_command
 .text$cli_init_command
                0x004151d4       0xc0 build/cli_native_commands.o
                0x004151d4                cli_init_command
 .text$cli_init_common
                0x00415294       0xd8 build/cli_drv.o
 .text$cli_init_custom
                0x0041536c       0x14 build/cli_drv.o
                0x0041536c                cli_init_custom
 .text$cli_init_one
                0x00415380      0x158 build/cli_drv.o
                0x00415380                cli_init_one
 .text$cli_is_cli_char
                0x004154d8       0x74 build/cli_drv.o
 .text$cli_is_cmd_unique
                0x0041554c       0xc4 build/cli_drv.o
 .text$cli_mcal_init
                0x00415610       0x84 build/cli_drv.o
                0x00415610                cli_mcal_init
 .text$cli_parse_args
                0x00415694      0x178 build/cli_drv.o
                0x00415694                cli_parse_args
 .text$cli_prepare_cmd
                0x0041580c      0x180 build/cli_drv.o
                0x0041580c                cli_prepare_cmd
 .text$cli_print_ascii
                0x0041598c      0x1e8 build/cli_diag.o
                0x0041598c                cli_print_ascii
 .text$cli_print_ascii_command
                0x00415b74       0xe4 build/cli_native_commands.o
                0x00415b74                cli_print_ascii_command
 .text$cli_printf
                0x00415c58        0x4 build/log.o
                0x00415c58                .weak._cli_printf._LogGetNode
 .text$cli_printf
                0x00415c5c       0x40 build/log_utils.o
                0x00415c5c                cli_printf
 .text$cli_proc
                0x00415c9c       0x84 build/cli_drv.o
                0x00415c9c                cli_proc
 .text$cli_proc_one
                0x00415d20       0xc4 build/cli_drv.o
                0x00415d20                cli_proc_one
 .text$cli_process_cmd
                0x00415de4       0xb0 build/cli_drv.o
                0x00415de4                cli_process_cmd
 .text$cli_process_cmd_ll
                0x00415e94      0x224 build/cli_drv.o
                0x00415e94                cli_process_cmd_ll
 .text$cli_process_data
                0x004160b8       0xb0 build/cli_drv.o
                0x004160b8                cli_process_data
 .text$cli_process_one_cmd
                0x00416168       0x50 build/cli_drv.o
 .text$cli_process_one_cmd_data
                0x004161b8      0x23c build/cli_drv.o
 .text$cli_prompt_ll
                0x004163f4       0xf0 build/cli_drv.o
 .text$cli_putchar
                0x004164e4       0x10 build/log.o
                0x004164e4                .weak._cli_putchar._LogGetNode
 .text$cli_putchar
                0x004164f4       0x3c build/log_utils.o
                0x004164f4                cli_putchar
 .text$cli_putstr
                0x00416530        0x4 build/log.o
                0x00416530                .weak._cli_putstr._LogGetNode
 .text$cli_putstr
                0x00416534       0x30 build/log_utils.o
                0x00416534                cli_putstr
 .text$cli_putstrln
                0x00416564       0x20 build/log_utils.o
                0x00416564                cli_putstrln
 .text$cli_set_echo
                0x00416584       0x40 build/cli_drv.o
                0x00416584                cli_set_echo
 .text$cli_toggle_echo
                0x004165c4       0x58 build/cli_drv.o
                0x004165c4                cli_toggle_echo
 .text$cli_vprintf
                0x0041661c        0x4 build/log.o
                0x0041661c                .weak._cli_vprintf._LogGetNode
 .text$cli_vprintf
                0x00416620       0x38 build/log_utils.o
                0x00416620                cli_vprintf
 .text$clock1_diag
                0x00416658       0x14 build/clock_custom_diag.o
                0x00416658                clock1_diag
 .text$clock2_diag
                0x0041666c       0x14 build/clock_custom_diag.o
                0x0041666c                clock2_diag
 .text$clock_calc_period_s
                0x00416680       0xb4 build/clock_general.o
                0x00416680                clock_calc_period_s
 .text$clock_calc_prescaler
                0x00416734      0x1b8 build/clock_general.o
                0x00416734                clock_calc_prescaler
 .text$clock_config_100mhz
                0x004168ec       0x14 build/clock_general.o
                0x004168ec                .weak._clock_config_100mhz._clock_is_valid_config
 .text$clock_config_default
                0x00416900       0x14 build/clock_general.o
                0x00416900                .weak._clock_config_default._clock_is_valid_config
 .text$clock_core_freq_get
                0x00416914       0x14 build/clock_general.o
                0x00416914                .weak._clock_core_freq_get._clock_is_valid_config
 .text$clock_core_freq_get
                0x00416928        0x8 build/clock_mcal.o
                0x00416928                clock_core_freq_get
 .text$clock_core_freq_set
                0x00416930       0x30 build/clock_general.o
                0x00416930                .weak._clock_core_freq_set._clock_is_valid_config
 .text$clock_core_freq_set
                0x00416960       0x30 build/clock_mcal.o
                0x00416960                clock_core_freq_set
 .text$clock_core_mux_get
                0x00416990       0x14 build/clock_general.o
                0x00416990                .weak._clock_core_mux_get._clock_is_valid_config
 .text$clock_core_mux_get
                0x004169a4       0x14 build/clock_mcal.o
                0x004169a4                clock_core_mux_get
 .text$clock_core_mux_set
                0x004169b8       0x20 build/clock_general.o
                0x004169b8                .weak._clock_core_mux_set._clock_is_valid_config
 .text$clock_core_mux_set
                0x004169d8       0x20 build/clock_mcal.o
                0x004169d8                clock_core_mux_set
 .text$clock_core_set_command
                0x004169f8      0x120 build/clock_commands.o
                0x004169f8                clock_core_set_command
 .text$clock_core_set_reboot
                0x00416b18       0x64 build/clock_general.o
                0x00416b18                clock_core_set_reboot
 .text$clock_custom_diag_command
                0x00416b7c       0x24 build/clock_custom_commands.o
                0x00416b7c                clock_custom_diag_command
 .text$clock_diag
                0x00416ba0       0x3c build/clock_diag.o
                0x00416ba0                clock_diag
 .text$clock_diag_command
                0x00416bdc       0x1c build/clock_commands.o
                0x00416bdc                clock_diag_command
 .text$clock_diag_frequency_command
                0x00416bf8       0x14 build/clock_custom_commands.o
                0x00416bf8                clock_diag_frequency_command
 .text$clock_frequency_get
                0x00416c0c       0x18 build/clock_mcal.o
                0x00416c0c                clock_frequency_get
 .text$clock_frequency_get_command
                0x00416c24       0x14 build/clock_custom_commands.o
                0x00416c24                clock_frequency_get_command
 .text$clock_hw_pause_command
                0x00416c38       0xc0 build/clock_commands.o
                0x00416c38                clock_hw_pause_command
 .text$clock_init_command
                0x00416cf8       0x1c build/clock_commands.o
                0x00416cf8                clock_init_command
 .text$clock_int_per_ms
                0x00416d14       0x60 build/clock_general.o
                0x00416d14                clock_int_per_ms
 .text$clock_int_per_us
                0x00416d74       0xc4 build/clock_general.o
                0x00416d74                clock_int_per_us
 .text$clock_is_valid_config
                0x00416e38       0x6c build/clock_general.o
                0x00416e38                clock_is_valid_config
 .text$clock_mcal_init
                0x00416ea4       0x7c build/clock_general.o
                0x00416ea4                .weak._clock_mcal_init._clock_is_valid_config
 .text$clock_mcal_init
                0x00416f20       0x28 build/clock_mcal.o
                0x00416f20                clock_mcal_init
 .text$clock_mux_command
                0x00416f48       0xfc build/clock_commands.o
                0x00416f48                clock_mux_command
 .text$clock_peripheral_diag_command
                0x00417044       0x14 build/clock_custom_commands.o
                0x00417044                clock_peripheral_diag_command
 .text$clock_raw_reg_command
                0x00417058       0x14 build/clock_custom_commands.o
                0x00417058                clock_raw_reg_command
 .text$clock_start_pause_init
                0x0041706c       0x20 build/clock_general.o
                0x0041706c                clock_start_pause_init
 .text$clock_sw_pause_command
                0x0041708c       0xdc build/clock_commands.o
                0x0041708c                clock_sw_pause_command
 .text$clock_sw_pause_ms
                0x00417168       0x50 build/clock_general.o
                0x00417168                clock_sw_pause_ms
 .text$clock_up_time_command
                0x004171b8       0x58 build/clock_commands.o
                0x004171b8                clock_up_time_command
 .text$clock_x86_init
                0x00417210       0x28 build/clock_mcal.o
                0x00417210                clock_x86_init
 .text$cmd_beep
                0x00417238       0x90 build/cli_native_commands.o
                0x00417238                cmd_beep
 .text$cmd_echo
                0x004172c8       0xec build/cli_native_commands.o
                0x004172c8                cmd_echo
 .text$cmd_find_addr
                0x004173b4      0x1ec build/debugger_commands.o
                0x004173b4                cmd_find_addr
 .text$cmd_launch_function
                0x004175a0       0x90 build/debugger_commands.o
                0x004175a0                cmd_launch_function
 .text$cmd_log_color
                0x00417630       0x7c build/log_commands.o
                0x00417630                cmd_log_color
 .text$cmd_log_diag
                0x004176ac       0x90 build/log_commands.o
                0x004176ac                cmd_log_diag
 .text$cmd_log_flush
                0x0041773c       0x80 build/log_commands.o
                0x0041773c                cmd_log_flush
 .text$cmd_log_init
                0x004177bc       0x1c build/log_commands.o
                0x004177bc                cmd_log_init
 .text$cmd_log_level
                0x004177d8      0x160 build/log_commands.o
                0x004177d8                cmd_log_level
 .text$cmd_log_try_color
                0x00417938      0x14c build/log_commands.o
                0x00417938                cmd_log_try_color
 .text$cmd_low_level_control
                0x00417a84      0x1d4 build/cli_native_commands.o
                0x00417a84                cmd_low_level_control
 .text$cmd_read_memory
                0x00417c58      0x218 build/debugger_commands.o
                0x00417c58                cmd_read_memory
 .text$cmd_repeat
                0x00417e70      0x258 build/debugger_commands.o
                0x00417e70                cmd_repeat
 .text$cmd_sysinfo
                0x004180c8       0x7c build/cli_native_commands.o
                0x004180c8                cmd_sysinfo
 .text$cmd_unit_test_list
                0x00418144       0xac build/unit_test_commands.o
                0x00418144                cmd_unit_test_list
 .text$cmd_unit_test_run
                0x004181f0      0x138 build/unit_test_commands.o
                0x004181f0                cmd_unit_test_run
 .text$cmd_unit_test_run_by_num
                0x00418328       0x88 build/unit_test_commands.o
                0x00418328                cmd_unit_test_run_by_num
 .text$cmd_unit_test_run_by_sub_name
                0x004183b0       0x68 build/unit_test_commands.o
                0x004183b0                cmd_unit_test_run_by_sub_name
 .text$cmd_unit_test_run_first_fail
                0x00418418       0xe8 build/unit_test_commands.o
                0x00418418                cmd_unit_test_run_first_fail
 .text$cmd_version
                0x00418500       0x60 build/cli_native_commands.o
                0x00418500                cmd_version
 .text$cmd_wd_test
                0x00418560       0xa0 build/cli_native_commands.o
                0x00418560                cmd_wd_test
 .text$cmd_wd_test_hw
                0x00418600       0xbc build/cli_native_commands.o
                0x00418600                cmd_wd_test_hw
 .text$cmd_write_memory
                0x004186bc      0x150 build/debugger_commands.o
                0x004186bc                cmd_write_memory
 .text$common_diag
                0x0041880c       0x14 build/common_diag.o
                0x0041880c                common_diag
 .text$common_diag_command
                0x00418820       0x44 build/common_commands.o
                0x00418820                common_diag_command
 .text$compare_u8
                0x00418864       0x5c build/array.o