Archive member included to satisfy reference by file (symbol)

c:/mingw/bin/../lib/gcc/mingw32/6.3.0/../../..\libmingw32.a(CRTglob.o)
                              c:/mingw/bin/../lib/gcc/mingw32/6.3.0/../../../crt2.o (_CRT_glob)
c:/mingw/bin/../lib/gcc/mingw32/6.3.0/../../..\libmingw32.a(setargv.o)
                              c:/mingw/bin/../lib/gcc/mingw32/6.3.0/../../../crt2.o (_setargv)
c:/mingw/bin/../lib/gcc/mingw32/6.3.0/../../..\libmingw32.a(CRTfmode.o)
                              c:/mingw/bin/../lib/gcc/mingw32/6.3.0/../../../crt2.o (_CRT_fmode)
c:/mingw/bin/../lib/gcc/mingw32/6.3.0/../../..\libmingw32.a(cpu_features.o)
                              c:/mingw/bin/../lib/gcc/mingw32/6.3.0/../../../crt2.o (__cpu_features_init)
c:/mingw/bin/../lib/gcc/mingw32/6.3.0/../../..\libmingw32.a(CRT_fp10.o)
                              c:/mingw/bin/../lib/gcc/mingw32/6.3.0/../../../crt2.o (_CRT_fenv)
c:/mingw/bin/../lib/gcc/mingw32/6.3.0/../../..\libmingw32.a(txtmode.o)
                              c:/mingw/bin/../lib/gcc/mingw32/6.3.0/../../../crt2.o (_fmode)
c:/mingw/bin/../lib/gcc/mingw32/6.3.0/../../..\libmingw32.a(gccmain.o)
                              c:/mingw/bin/../lib/gcc/mingw32/6.3.0/../../../crt2.o (__main)
c:/mingw/bin/../lib/gcc/mingw32/6.3.0/../../..\libmingw32.a(tlssup.o)
                              c:/mingw/bin/../lib/gcc/mingw32/6.3.0/../../../crt2.o (__dyn_tls_init_callback)
c:/mingw/bin/../lib/gcc/mingw32/6.3.0/../../..\libmingw32.a(tlsthrd.o)
                              c:/mingw/bin/../lib/gcc/mingw32/6.3.0/../../..\libmingw32.a(tlssup.o) (__mingw_TLScallback)
c:/mingw/bin/../lib/gcc/mingw32/6.3.0/../../..\libmingw32.a(pseudo-reloc.o)
                              c:/mingw/bin/../lib/gcc/mingw32/6.3.0/../../../crt2.o (_pei386_runtime_relocator)
c:/mingw/bin/../lib/gcc/mingw32/6.3.0/../../..\libmingw32.a(pseudo-reloc-list.o)
                              c:/mingw/bin/../lib/gcc/mingw32/6.3.0/../../..\libmingw32.a(pseudo-reloc.o) (__RUNTIME_PSEUDO_RELOC_LIST__)
c:/mingw/bin/../lib/gcc/mingw32/6.3.0/../../..\libmingw32.a(crtst.o)
                              c:/mingw/bin/../lib/gcc/mingw32/6.3.0/../../..\libmingw32.a(tlssup.o) (_CRT_MT)
c:/mingw/bin/../lib/gcc/mingw32/6.3.0\libgcc.a(_chkstk_ms.o)
                              build/test_bpsk_4fs.o (__chkstk_ms)
c:/mingw/bin/../lib/gcc/mingw32/6.3.0\libgcc.a(_ctors.o)
                              c:/mingw/bin/../lib/gcc/mingw32/6.3.0/../../..\libmingw32.a(gccmain.o) (__DTOR_LIST__)
c:/mingw/bin/../lib/gcc/mingw32/6.3.0\libgcc.a(_divdi3.o)
                              build/num_to_str.o (__divdi3)
c:/mingw/bin/../lib/gcc/mingw32/6.3.0\libgcc.a(_udivdi3.o)
                              build/clock_mcal.o (__udivdi3)
c:/mingw/bin/../lib/gcc/mingw32/6.3.0\libgcc.a(_umoddi3.o)
                              build/oprintf.o (__umoddi3)
c:/mingw/bin/../lib/gcc/mingw32/6.3.0/../../..\libmoldname.a(dagwbs00047.o)
                              build/string_reader.o (kbhit)
c:/mingw/bin/../lib/gcc/mingw32/6.3.0/../../..\libmoldname.a(dagwbs00001.o)
                              build/dsp.o (cabs)
c:/mingw/bin/../lib/gcc/mingw32/6.3.0/../../..\libmoldname.a(dagwbh.o)
                              c:/mingw/bin/../lib/gcc/mingw32/6.3.0/../../..\libmoldname.a(dagwbs00047.o) (_head_libmoldname_a)
c:/mingw/bin/../lib/gcc/mingw32/6.3.0/../../..\libmoldname.a(dagwbt.o)
                              c:/mingw/bin/../lib/gcc/mingw32/6.3.0/../../..\libmoldname.a(dagwbh.o) (_libmoldname_a_iname)
c:/mingw/bin/../lib/gcc/mingw32/6.3.0/../../..\libmingwex.a(fesetenv.o)
                              c:/mingw/bin/../lib/gcc/mingw32/6.3.0/../../../crt2.o (fesetenv)
c:/mingw/bin/../lib/gcc/mingw32/6.3.0/../../..\libmingwex.a(cosf.o)
                              build/local_oscillator_mcal.o (cosf)
c:/mingw/bin/../lib/gcc/mingw32/6.3.0/../../..\libmingwex.a(acosf.o)
                              build/vector_math.o (acosf)
c:/mingw/bin/../lib/gcc/mingw32/6.3.0/../../..\libmingwex.a(sinf.o)
                              build/local_oscillator_mcal.o (sinf)
c:/mingw/bin/../lib/gcc/mingw32/6.3.0/../../..\libmingwex.a(atan2f.o)
                              build/quad_mix_4fs.o (atan2f)
c:/mingw/bin/../lib/gcc/mingw32/6.3.0/../../..\libmingwex.a(ceilf.o)
                              build/bpsk_4fs_mcal.o (ceilf)
c:/mingw/bin/../lib/gcc/mingw32/6.3.0/../../..\libmingwex.a(fmax.o)
                              build/float_utils.o (fmax)
c:/mingw/bin/../lib/gcc/mingw32/6.3.0/../../..\libmingwex.a(fmaxf.o)
                              build/float_utils.o (fmaxf)
c:/mingw/bin/../lib/gcc/mingw32/6.3.0/../../..\libmingwex.a(fmodf.o)
                              build/utils_math.o (fmodf)
c:/mingw/bin/../lib/gcc/mingw32/6.3.0/../../..\libmingwex.a(fpclassify.o)
                              build/xprintf.o (__fpclassify)
c:/mingw/bin/../lib/gcc/mingw32/6.3.0/../../..\libmingwex.a(fpclassifyf.o)
                              build/convert.o (__fpclassifyf)
[...]
Memory Configuration

Name             Origin             Length             Attributes
*default*        0x00000000         0xffffffff

Linker script and memory map

                0x00400000                __image_base__ = 0x400000
                0x00000000                __dll__ = 0x0
                0x00400000                ___ImageBase = 0x400000
                0x00001000                __section_alignment__ = 0x1000
                0x00000200                __file_alignment__ = 0x200
                0x00000004                __major_os_version__ = 0x4
                0x00000000                __minor_os_version__ = 0x0
                0x00000001                __major_image_version__ = 0x1
                0x00000000                __minor_image_version__ = 0x0
                0x00000004                __major_subsystem_version__ = 0x4
                0x00000000                __minor_subsystem_version__ = 0x0
                0x00000003                __subsystem__ = 0x3
                0x00200000                __size_of_stack_reserve__ = 0x200000
                0x00001000                __size_of_stack_commit__ = 0x1000
                0x00100000                __size_of_heap_reserve__ = 0x100000
                0x00001000                __size_of_heap_commit__ = 0x1000
                0x00000000                __loader_flags__ = 0x0
                0x00000000                __dll_characteristics__ = 0x0
LOAD c:/mingw/bin/../lib/gcc/mingw32/6.3.0/../../../crt2.o
LOAD c:/mingw/bin/../lib/gcc/mingw32/6.3.0/crtbegin.o
LOAD build/microcontroller_drv.o
LOAD build/microcontroller_diag.o
LOAD build/microcontroller_commands.o
LOAD build/clock_config.o
LOAD build/super_cycle_config.o
LOAD build/storage_config.o
LOAD build/scheduler_config.o
LOAD build/writer_config.o
LOAD build/applications_commands.o
LOAD build/mcal_diag.o
LOAD build/clock_general.o
LOAD build/clock_diag.o
LOAD build/clock_commands.o
LOAD build/hal_diag.o
LOAD build/clock_mcal.o
LOAD build/clock_custom_diag.o
LOAD build/clock_custom_commands.o
LOAD build/array.o
LOAD build/array_diag.o
LOAD build/array_commands.o
LOAD build/circular_buffer_index.o
LOAD build/circular_buffer_float.o
LOAD build/circular_buffer_dword.o
LOAD build/circular_buffer_word.o
LOAD build/circular_buffer_diag.o
LOAD build/fifo_index.o
LOAD build/fifo_array.o
LOAD build/fifo_char.o
LOAD build/convert.o
LOAD build/num_to_str.o
LOAD build/convert_diag.o
LOAD build/str_utils.o
LOAD build/str_utils_ex.o
LOAD build/log.o
LOAD build/table_utils.o
LOAD build/writer.o
LOAD build/writer_stdout.o
LOAD build/log_utils.o
LOAD build/oprintf.o
LOAD build/print_format.o
LOAD build/log_commands.o
LOAD build/interface_drv.o
LOAD build/if_config.o
LOAD build/base16.o
LOAD build/base16_diag.o
LOAD build/protocol.o
LOAD build/protocol_diag.o
LOAD build/cli_drv.o
LOAD build/cli_general_config.o
LOAD build/cli_diag.o
LOAD build/cli_native_commands.o
LOAD build/csv.o
LOAD build/string_reader.o
LOAD build/string_reader_commands.o
LOAD build/connectivity.o
LOAD build/connectivity_commands.o
LOAD build/control_commands.o
LOAD build/control_diag.o
LOAD build/auto_exit.o
LOAD build/auto_exit_config.o
LOAD build/auto_exit_diag.o
LOAD build/debugger.o
LOAD build/debugger_commands.o
LOAD build/pid.o
LOAD build/pid_diag.o
LOAD build/super_cycle.o
LOAD build/super_cycle_diag.o
LOAD build/super_cycle_commands.o
LOAD build/system.o
LOAD build/scheduler_mcal.o
LOAD build/scheduler_diag.o
LOAD build/scheduler_commands.o
LOAD build/win_utils.o
LOAD build/pc_commands.o
LOAD build/rational_num.o
LOAD build/rational_num_diag.o
LOAD build/local_oscillator_mcal.o
LOAD build/local_oscillator_commands.o
LOAD build/analog_filter.o
LOAD build/analog_filter_commands.o
LOAD build/pll_calc.o
LOAD build/pll_calc_diag.o
LOAD build/pll_calc_commands.o
LOAD build/crc_diag.o
LOAD build/crc8_sae_j1850.o
LOAD build/crc16_ccitt.o
LOAD build/crc32.o
LOAD build/dsp.o
LOAD build/decimator.o
LOAD build/decimator_diag.o
LOAD build/quad_mix_4fs.o
LOAD build/quad_mix_4fs_diag.o
LOAD build/quad_mix_4fs_commands.o
LOAD build/sliding_integral.o
LOAD build/sliding_integral_diag.o
LOAD build/fir.o
LOAD build/fir_isr.o
LOAD build/fir_diag.o
LOAD build/dsp_diag.o
LOAD build/limiter.o
LOAD build/utils_math.o
LOAD build/math_diag.o
LOAD build/vector_math.o
LOAD build/vector_diag.o
LOAD build/math_commands.o
LOAD build/modulator.o
LOAD build/modulator_diag.o
LOAD build/bpsk_4fs_mcal.o
LOAD build/bpsk_4fs_diag.o
LOAD build/bpsk_4fs_commands.o
LOAD build/timer_calc.o
LOAD build/timer_calc_diag.o
LOAD build/timer_calc_commands.o
LOAD build/computing.o
LOAD build/computing_commands.o
LOAD build/health_monitor.o
LOAD build/health_monitor_commands.o
LOAD build/time_mcal.o
LOAD build/none_blocking_pause.o
LOAD build/time_commands.o
LOAD build/sensitivity.o
LOAD build/sensitivity_diag.o
LOAD build/sensitivity_commands.o
LOAD build/file_api.o
LOAD build/storage.o
LOAD build/storage_commands.o
LOAD build/shared_array.o
LOAD build/common_functions.o
LOAD build/common_commands.o
LOAD build/bit_utils.o
LOAD build/bit_diag.o
LOAD build/bit_commands.o
LOAD build/byte_utils.o
LOAD build/byte_diag.o
LOAD build/data_utils.o
LOAD build/helper.o
LOAD build/float_utils.o
LOAD build/float_diag.o
LOAD build/debug_info.o
LOAD build/print_buffer.o
LOAD build/test_config.o
LOAD build/unit_test.o
LOAD build/unit_test_commands.o
LOAD build/test_array.o
LOAD build/test_bpsk_4fs.o
LOAD build/test_fir.o
LOAD build/test_time_utils.o
LOAD build/test_sliding_integral.o
LOAD build/float_test.o
LOAD build/test_math.o
LOAD build/test_csv.o
LOAD build/test_protocol.o
LOAD build/test_fifo_array.o
LOAD build/test_fifo_char.o
LOAD build/test_fifo_indexer.o
LOAD build/test_convert.o
LOAD build/test_string_utils.o
LOAD build/test_libc.o
LOAD build/test_xprintf.o
LOAD build/test_sw_list.o
LOAD build/test_hw_list.o
LOAD build/main.o
LOAD build/log_diag.o
LOAD build/interfaces_diag.o
LOAD build/csv_diag.o
LOAD build/system_diag.o
LOAD build/local_oscillator_diag.o
LOAD build/time_diag.o
LOAD build/storage_diag.o
LOAD build/common_diag.o
LOAD build/unit_test_diag.o
LOAD build/board_config.o
LOAD build/board_monitor.o
LOAD build/sliding_integral_config.o
LOAD build/bpsk_4fs_config.o
LOAD build/decimator_config.o
LOAD build/cli_config.o
LOAD build/mem_config.o
LOAD build/log_config.o
LOAD build/string_reader_config.o
LOAD build/fir_config.o
LOAD build/pid_config.o
LOAD build/time_config.o
LOAD build/quad_mix_4fs_config.o
LOAD build/xprintf.o
LOAD c:/mingw/bin/../lib/gcc/mingw32/6.3.0/../../..\libm.a
LOAD c:/mingw/bin/../lib/gcc/mingw32/6.3.0/../../..\libmingw32.a
LOAD c:/mingw/bin/../lib/gcc/mingw32/6.3.0\libgcc.a
LOAD c:/mingw/bin/../lib/gcc/mingw32/6.3.0\libgcc_eh.a
LOAD c:/mingw/bin/../lib/gcc/mingw32/6.3.0/../../..\libmoldname.a
LOAD c:/mingw/bin/../lib/gcc/mingw32/6.3.0/../../..\libmingwex.a
LOAD c:/mingw/bin/../lib/gcc/mingw32/6.3.0/../../..\libmsvcrt.a
LOAD c:/mingw/bin/../lib/gcc/mingw32/6.3.0/../../..\libadvapi32.a
LOAD c:/mingw/bin/../lib/gcc/mingw32/6.3.0/../../..\libshell32.a
LOAD c:/mingw/bin/../lib/gcc/mingw32/6.3.0/../../..\libuser32.a
LOAD c:/mingw/bin/../lib/gcc/mingw32/6.3.0/../../..\libkernel32.a
LOAD c:/mingw/bin/../lib/gcc/mingw32/6.3.0/../../..\libmingw32.a
LOAD c:/mingw/bin/../lib/gcc/mingw32/6.3.0\libgcc.a
LOAD c:/mingw/bin/../lib/gcc/mingw32/6.3.0\libgcc_eh.a
LOAD c:/mingw/bin/../lib/gcc/mingw32/6.3.0/../../..\libmoldname.a
LOAD c:/mingw/bin/../lib/gcc/mingw32/6.3.0/../../..\libmingwex.a
LOAD c:/mingw/bin/../lib/gcc/mingw32/6.3.0/../../..\libmsvcrt.a
LOAD c:/mingw/bin/../lib/gcc/mingw32/6.3.0/crtend.o
                0x000003f8                . = SIZEOF_HEADERS
                0x00001000                . = ALIGN (__section_alignment__)

.text           0x00401000    0x72600
 *(.init)
 *(.text)
 .text          0x00401000      0x340 c:/mingw/bin/../lib/gcc/mingw32/6.3.0/../../../crt2.o
                0x004012a0                _mingw32_init_mainargs
                0x004012e0                mainCRTStartup
                0x00401300                WinMainCRTStartup
                0x00401320                atexit
                0x00401330                _onexit
 .text          0x00401340      0x120 c:/mingw/bin/../lib/gcc/mingw32/6.3.0/crtbegin.o
                0x00401340                __gcc_register_frame
                0x00401430                __gcc_deregister_frame
 .text          0x00401460        0x0 build/microcontroller_drv.o
 .text          0x00401460        0x0 build/microcontroller_diag.o
 .text          0x00401460        0x0 build/microcontroller_commands.o
 .text          0x00401460        0x0 build/clock_config.o
 .text          0x00401460        0x0 build/super_cycle_config.o
 .text          0x00401460        0x0 build/storage_config.o
 .text          0x00401460        0x0 build/scheduler_config.o
 .text          0x00401460        0x0 build/writer_config.o
 .text          0x00401460        0x0 build/applications_commands.o
 .text          0x00401460        0x0 build/mcal_diag.o
 .text          0x00401460        0x0 build/clock_general.o
 .text          0x00401460        0x0 build/clock_diag.o
 .text          0x00401460        0x0 build/clock_commands.o
 .text          0x00401460        0x0 build/hal_diag.o
 .text          0x00401460        0x0 build/clock_mcal.o
 .text          0x00401460        0x0 build/clock_custom_diag.o
 .text          0x00401460        0x0 build/clock_custom_commands.o
 .text          0x00401460        0x0 build/array.o
 .text          0x00401460        0x0 build/array_diag.o
 .text          0x00401460        0x0 build/array_commands.o
 .text          0x00401460        0x0 build/circular_buffer_index.o
 .text          0x00401460        0x0 build/circular_buffer_float.o
 .text          0x00401460        0x0 build/circular_buffer_dword.o
 .text          0x00401460        0x0 build/circular_buffer_word.o
 .text          0x00401460        0x0 build/circular_buffer_diag.o
 .text          0x00401460        0x0 build/fifo_index.o
 .text          0x00401460        0x0 build/fifo_array.o
 .text          0x00401460        0x0 build/fifo_char.o
 .text          0x00401460        0x0 build/convert.o
 .text          0x00401460        0x0 build/num_to_str.o
 .text          0x00401460        0x0 build/convert_diag.o
 .text          0x00401460        0x0 build/str_utils.o
 .text          0x00401460        0x0 build/str_utils_ex.o
 .text          0x00401460        0x0 build/log.o
 .text          0x00401460        0x0 build/table_utils.o
 .text          0x00401460        0x0 build/writer.o
 .text          0x00401460        0x0 build/writer_stdout.o
 .text          0x00401460        0x0 build/log_utils.o
 .text          0x00401460        0x0 build/oprintf.o
 .text          0x00401460        0x0 build/print_format.o
 .text          0x00401460        0x0 build/log_commands.o
 .text          0x00401460        0x0 build/interface_drv.o
 .text          0x00401460        0x0 build/if_config.o
 .text          0x00401460        0x0 build/base16.o
 .text          0x00401460        0x0 build/base16_diag.o
 .text          0x00401460        0x0 build/protocol.o
 .text          0x00401460        0x0 build/protocol_diag.o
 .text          0x00401460        0x0 build/cli_drv.o
 .text          0x00401460        0x0 build/cli_general_config.o
 .text          0x00401460        0x0 build/cli_diag.o
 .text          0x00401460        0x0 build/cli_native_commands.o
 .text          0x00401460        0x0 build/csv.o
 .text          0x00401460        0x0 build/string_reader.o
 .text          0x00401460        0x0 build/string_reader_commands.o
 .text          0x00401460        0x0 build/connectivity.o
 .text          0x00401460        0x0 build/connectivity_commands.o
 .text          0x00401460        0x0 build/control_commands.o
 .text          0x00401460        0x0 build/control_diag.o
 .text          0x00401460        0x0 build/auto_exit.o
 .text          0x00401460        0x0 build/auto_exit_config.o
 .text          0x00401460        0x0 build/auto_exit_diag.o
 .text          0x00401460        0x0 build/debugger.o
 .text          0x00401460        0x0 build/debugger_commands.o
 .text          0x00401460        0x0 build/pid.o
 .text          0x00401460        0x0 build/pid_diag.o
 .text          0x00401460        0x0 build/super_cycle.o
 .text          0x00401460        0x0 build/super_cycle_diag.o
 .text          0x00401460        0x0 build/super_cycle_commands.o
 .text          0x00401460        0x0 build/system.o
 .text          0x00401460        0x0 build/scheduler_mcal.o
 .text          0x00401460        0x0 build/scheduler_diag.o
 .text          0x00401460        0x0 build/scheduler_commands.o
 .text          0x00401460        0x0 build/win_utils.o
 .text          0x00401460        0x0 build/pc_commands.o
 .text          0x00401460        0x0 build/rational_num.o
 .text          0x00401460        0x0 build/rational_num_diag.o
 .text          0x00401460        0x0 build/local_oscillator_mcal.o
 .text          0x00401460        0x0 build/local_oscillator_commands.o
 .text          0x00401460        0x0 build/analog_filter.o
 .text          0x00401460        0x0 build/analog_filter_commands.o
 .text          0x00401460        0x0 build/pll_calc.o
 .text          0x00401460        0x0 build/pll_calc_diag.o
 .text          0x00401460        0x0 build/pll_calc_commands.o
 .text          0x00401460        0x0 build/crc_diag.o
 .text          0x00401460        0x0 build/crc8_sae_j1850.o
 .text          0x00401460        0x0 build/crc16_ccitt.o
 .text          0x00401460        0x0 build/crc32.o
 .text          0x00401460        0x0 build/dsp.o
 .text          0x00401460        0x0 build/decimator.o
 .text          0x00401460        0x0 build/decimator_diag.o
 .text          0x00401460        0x0 build/quad_mix_4fs.o
 .text          0x00401460        0x0 build/quad_mix_4fs_diag.o
 .text          0x00401460        0x0 build/quad_mix_4fs_commands.o
 .text          0x00401460        0x0 build/sliding_integral.o
 .text          0x00401460        0x0 build/sliding_integral_diag.o
 .text          0x00401460        0x0 build/fir.o
 .text          0x00401460        0x0 build/fir_isr.o
 .text          0x00401460        0x0 build/fir_diag.o
 .text          0x00401460        0x0 build/dsp_diag.o
 .text          0x00401460        0x0 build/limiter.o
 .text          0x00401460        0x0 build/utils_math.o
 .text          0x00401460        0x0 build/math_diag.o
 .text          0x00401460        0x0 build/vector_math.o
 .text          0x00401460        0x0 build/vector_diag.o
 .text          0x00401460        0x0 build/math_commands.o
 .text          0x00401460        0x0 build/modulator.o
 .text          0x00401460        0x0 build/modulator_diag.o
 .text          0x00401460        0x0 build/bpsk_4fs_mcal.o
 .text          0x00401460        0x0 build/bpsk_4fs_diag.o
 .text          0x00401460        0x0 build/bpsk_4fs_commands.o
 .text          0x00401460        0x0 build/timer_calc.o
 .text          0x00401460        0x0 build/timer_calc_diag.o
 .text          0x00401460        0x0 build/timer_calc_commands.o
 .text          0x00401460        0x0 build/computing.o
 .text          0x00401460        0x0 build/computing_commands.o
 .text          0x00401460        0x0 build/health_monitor.o
 .text          0x00401460        0x0 build/health_monitor_commands.o
 .text          0x00401460        0x0 build/time_mcal.o
 .text          0x00401460        0x0 build/none_blocking_pause.o
 .text          0x00401460        0x0 build/time_commands.o
 .text          0x00401460        0x0 build/sensitivity.o
 .text          0x00401460        0x0 build/sensitivity_diag.o
 .text          0x00401460        0x0 build/sensitivity_commands.o
 .text          0x00401460        0x0 build/file_api.o
 .text          0x00401460        0x0 build/storage.o
 .text          0x00401460        0x0 build/storage_commands.o
 .text          0x00401460        0x0 build/shared_array.o
 .text          0x00401460        0x0 build/common_functions.o
 .text          0x00401460        0x0 build/common_commands.o
 .text          0x00401460        0x0 build/bit_utils.o
 .text          0x00401460        0x0 build/bit_diag.o
 .text          0x00401460        0x0 build/bit_commands.o
 .text          0x00401460        0x0 build/byte_utils.o
 .text          0x00401460        0x0 build/byte_diag.o
 .text          0x00401460        0x0 build/data_utils.o
 .text          0x00401460        0x0 build/helper.o
 .text          0x00401460        0x0 build/float_utils.o
 .text          0x00401460        0x0 build/float_diag.o
 .text          0x00401460        0x0 build/debug_info.o
 .text          0x00401460        0x0 build/print_buffer.o
 .text          0x00401460        0x0 build/test_config.o
 .text          0x00401460        0x0 build/unit_test.o
 .text          0x00401460        0x0 build/unit_test_commands.o
 .text          0x00401460        0x0 build/test_array.o
 .text          0x00401460        0x0 build/test_bpsk_4fs.o
 .text          0x00401460        0x0 build/test_fir.o
 .text          0x00401460        0x0 build/test_time_utils.o
 .text          0x00401460        0x0 build/test_sliding_integral.o
 .text          0x00401460        0x0 build/float_test.o
 .text          0x00401460        0x0 build/test_math.o
 .text          0x00401460        0x0 build/test_csv.o
 .text          0x00401460        0x0 build/test_protocol.o
 .text          0x00401460        0x0 build/test_fifo_array.o
 .text          0x00401460        0x0 build/test_fifo_char.o
 .text          0x00401460        0x0 build/test_fifo_indexer.o
 .text          0x00401460        0x0 build/test_convert.o
 .text          0x00401460        0x0 build/test_string_utils.o
 .text          0x00401460        0x0 build/test_libc.o
 .text          0x00401460        0x0 build/test_xprintf.o
 .text          0x00401460        0x0 build/test_sw_list.o
 .text          0x00401460        0x0 build/test_hw_list.o
 .text          0x00401460        0x0 build/main.o
 .text          0x00401460        0x0 build/log_diag.o
 .text          0x00401460        0x0 build/interfaces_diag.o
 .text          0x00401460        0x0 build/csv_diag.o
 .text          0x00401460        0x0 build/system_diag.o
 .text          0x00401460        0x0 build/local_oscillator_diag.o
 .text          0x00401460        0x0 build/time_diag.o
 .text          0x00401460        0x0 build/storage_diag.o
 .text          0x00401460        0x0 build/common_diag.o
 .text          0x00401460        0x0 build/unit_test_diag.o
 .text          0x00401460        0x0 build/board_config.o
 .text          0x00401460        0x0 build/board_monitor.o
 .text          0x00401460        0x0 build/sliding_integral_config.o
 .text          0x00401460        0x0 build/bpsk_4fs_config.o
 .text          0x00401460        0x0 build/decimator_config.o
 .text          0x00401460        0x0 build/cli_config.o
 .text          0x00401460        0x0 build/mem_config.o
 .text          0x00401460        0x0 build/log_config.o
 .text          0x00401460        0x0 build/string_reader_config.o
 .text          0x00401460        0x0 build/fir_config.o
 .text          0x00401460        0x0 build/pid_config.o
 .text          0x00401460        0x0 build/time_config.o
 .text          0x00401460        0x0 build/quad_mix_4fs_config.o
 .text          0x00401460        0x0 build/xprintf.o
 .text          0x00401460        0x0 c:/mingw/bin/../lib/gcc/mingw32/6.3.0/../../..\libmingw32.a(CRTglob.o)
 .text          0x00401460      0x3a0 c:/mingw/bin/../lib/gcc/mingw32/6.3.0/../../..\libmingw32.a(setargv.o)
                0x00401460                _setargv
 .text          0x00401800        0x0 c:/mingw/bin/../lib/gcc/mingw32/6.3.0/../../..\libmingw32.a(CRTfmode.o)
 .text          0x00401800      0x110 c:/mingw/bin/../lib/gcc/mingw32/6.3.0/../../..\libmingw32.a(cpu_features.o)
                0x00401800                __cpu_features_init
 .text          0x00401910        0x0 c:/mingw/bin/../lib/gcc/mingw32/6.3.0/../../..\libmingw32.a(CRT_fp10.o)
 .text          0x00401910        0x0 c:/mingw/bin/../lib/gcc/mingw32/6.3.0/../../..\libmingw32.a(txtmode.o)
 .text          0x00401910       0xa0 c:/mingw/bin/../lib/gcc/mingw32/6.3.0/../../..\libmingw32.a(gccmain.o)
                0x00401910                __do_global_dtors
                0x00401940                __do_global_ctors
                0x00401990                __main
 .text          0x004019b0       0xf0 c:/mingw/bin/../lib/gcc/mingw32/6.3.0/../../..\libmingw32.a(tlssup.o)
                0x00401a00                __dyn_tls_init@12
                0x00401a90                __tlregdtor
 .text          0x00401aa0      0x230 c:/mingw/bin/../lib/gcc/mingw32/6.3.0/../../..\libmingw32.a(tlsthrd.o)
                0x00401b00                ___w64_mingwthr_add_key_dtor
                0x00401b90                ___w64_mingwthr_remove_key_dtor
                0x00401c30                __mingw_TLScallback
 .text          0x00401cd0      0x310 c:/mingw/bin/../lib/gcc/mingw32/6.3.0/../../..\libmingw32.a(pseudo-reloc.o)
                0x00401e10                _pei386_runtime_relocator
 .text          0x00401fe0        0x0 c:/mingw/bin/../lib/gcc/mingw32/6.3.0/../../..\libmingw32.a(pseudo-reloc-list.o)
 .text          0x00401fe0        0x0 c:/mingw/bin/../lib/gcc/mingw32/6.3.0/../../..\libmingw32.a(crtst.o)
 .text          0x00401fe0       0x2c c:/mingw/bin/../lib/gcc/mingw32/6.3.0\libgcc.a(_chkstk_ms.o)
                0x00401fe0                __chkstk_ms
 .text          0x0040200c        0x0 c:/mingw/bin/../lib/gcc/mingw32/6.3.0\libgcc.a(_ctors.o)
 *fill*         0x0040200c        0x4 
 .text          0x00402010      0x140 c:/mingw/bin/../lib/gcc/mingw32/6.3.0\libgcc.a(_divdi3.o)
                0x00402010                __divdi3
 .text          0x00402150      0x120 c:/mingw/bin/../lib/gcc/mingw32/6.3.0\libgcc.a(_udivdi3.o)
                0x00402150                __udivdi3
 .text          0x00402270      0x150 c:/mingw/bin/../lib/gcc/mingw32/6.3.0\libgcc.a(_umoddi3.o)
                0x00402270                __umoddi3
 .text          0x004023c0        0x8 c:/mingw/bin/../lib/gcc/mingw32/6.3.0/../../..\libmoldname.a(dagwbs00047.o)
                0x004023c0                kbhit
 .text          0x004023c8        0x8 c:/mingw/bin/../lib/gcc/mingw32/6.3.0/../../..\libmoldname.a(dagwbs00001.o)
                0x004023c8                cabs
 .text          0x004023d0        0x0 c:/mingw/bin/../lib/gcc/mingw32/6.3.0/../../..\libmoldname.a(dagwbh.o)
 .text          0x004023d0        0x0 c:/mingw/bin/../lib/gcc/mingw32/6.3.0/../../..\libmoldname.a(dagwbt.o)
 .text          0x004023d0       0x70 c:/mingw/bin/../lib/gcc/mingw32/6.3.0/../../..\libmingwex.a(fesetenv.o)
                0x004023d0                fesetenv
 .text          0x00402440       0x28 c:/mingw/bin/../lib/gcc/mingw32/6.3.0/../../..\libmingwex.a(cosf.o)
                0x00402440                cosf
 *fill*         0x00402468        0x8 
 .text          0x00402470       0x20 c:/mingw/bin/../lib/gcc/mingw32/6.3.0/../../..\libmingwex.a(acosf.o)
                0x00402470                acosf
 .text          0x00402490       0x28 c:/mingw/bin/../lib/gcc/mingw32/6.3.0/../../..\libmingwex.a(sinf.o)
                0x00402490                sinf
 *fill*         0x004024b8        0x8 
 .text          0x004024c0       0x10 c:/mingw/bin/../lib/gcc/mingw32/6.3.0/../../..\libmingwex.a(atan2f.o)
                0x004024c0                atan2f
 .text          0x004024d0       0x2c c:/mingw/bin/../lib/gcc/mingw32/6.3.0/../../..\libmingwex.a(ceilf.o)
                0x004024d0                ceilf
 *fill*         0x004024fc        0x4 
 .text          0x00402500       0x40 c:/mingw/bin/../lib/gcc/mingw32/6.3.0/../../..\libmingwex.a(fmax.o)
                0x00402500                fmax
 .text          0x00402540       0x40 c:/mingw/bin/../lib/gcc/mingw32/6.3.0/../../..\libmingwex.a(fmaxf.o)
                0x00402540                fmaxf
 .text          0x00402580       0x20 c:/mingw/bin/../lib/gcc/mingw32/6.3.0/../../..\libmingwex.a(fmodf.o)
                0x00402580                fmodf
 .text          0x004025a0       0x20 c:/mingw/bin/../lib/gcc/mingw32/6.3.0/../../..\libmingwex.a(fpclassify.o)
                0x004025a0                __fpclassify
 .text          0x004025c0       0x20 c:/mingw/bin/../lib/gcc/mingw32/6.3.0/../../..\libmingwex.a(fpclassifyf.o)
                0x004025c0                __fpclassifyf
 .text          0x004025e0       0x20 c:/mingw/bin/../lib/gcc/mingw32/6.3.0/../../..\libmingwex.a(isnan.o)
                0x004025e0                __isnan
                0x004025e0                isnan
 .text          0x00402600       0x10 c:/mingw/bin/../lib/gcc/mingw32/6.3.0/../../..\libmingwex.a(log10f.o)
                0x00402600                log10f
 .text          0x00402610       0x10 c:/mingw/bin/../lib/gcc/mingw32/6.3.0/../../..\libmingwex.a(rintf.o)
                0x00402610                rintf
 .text          0x00402620       0x40 c:/mingw/bin/../lib/gcc/mingw32/6.3.0/../../..\libmingwex.a(sqrtf.o)
                0x00402620                sqrtf
 .text          0x00402660       0x28 c:/mingw/bin/../lib/gcc/mingw32/6.3.0/../../..\libmingwex.a(x87cvtf.o)
                0x00402660                __x87cvtf
 .text          0x00402688       0x58 c:/mingw/bin/../lib/gcc/mingw32/6.3.0/../../..\libmingwex.a(x87log.o)
                0x0040268c                __x87log_chk
                0x004026a0                __x87log
 .text          0x004026e0       0x30 c:/mingw/bin/../lib/gcc/mingw32/6.3.0/../../..\libmingwex.a(snprintf.o)
                0x004026e0                snprintf
                0x004026e0                __mingw_snprintf
 .text          0x00402710       0x40 c:/mingw/bin/../lib/gcc/mingw32/6.3.0/../../..\libmingwex.a(vfprintf.o)
                0x00402710                __mingw_vfprintf
 .text          0x00402750       0x40 c:/mingw/bin/../lib/gcc/mingw32/6.3.0/../../..\libmingwex.a(vprintf.o)
                0x00402750                __mingw_vprintf
 .text          0x00402790       0x80 c:/mingw/bin/../lib/gcc/mingw32/6.3.0/../../..\libmingwex.a(vsnprintf.o)
                0x00402790                __mingw_vsnprintf
                0x00402790                vsnprintf
 .text          0x00402810       0x40 c:/mingw/bin/../lib/gcc/mingw32/6.3.0/../../..\libmingwex.a(vsprintf.o)
                0x00402810                __mingw_vsprintf
 .text          0x00402850     0x1080 c:/mingw/bin/../lib/gcc/mingw32/6.3.0/../../..\libmingwex.a(glob.o)
                0x00403780                __mingw_glob
                0x00403870                __mingw_globfree
 .text          0x004038d0      0x400 c:/mingw/bin/../lib/gcc/mingw32/6.3.0/../../..\libmingwex.a(dirname.o)
                0x004038d0                __mingw_dirname
 .text          0x00403cd0      0x4f0 c:/mingw/bin/../lib/gcc/mingw32/6.3.0/../../..\libmingwex.a(dirent.o)
                0x00403e50                __mingw_opendir
                0x00404010                __mingw_readdir
                0x00404060                __mingw_closedir
                0x004040b0                __mingw_rewinddir
                0x00404110                __mingw_telldir
                0x00404140                __mingw_seekdir
 .text          0x004041c0        0x8 c:/mingw/bin/../lib/gcc/mingw32/6.3.0/../../..\libmingwex.a(strcasecmp.jmpstub.o)
                0x004041c0                strcasecmp
 *fill*         0x004041c8        0x8 
 .text          0x004041d0       0x10 c:/mingw/bin/../lib/gcc/mingw32/6.3.0/../../..\libmingwex.a(fp_constsf.o)
                0x004041d0                nanf
 .text          0x004041e0     0x2b00 c:/mingw/bin/../lib/gcc/mingw32/6.3.0/../../..\libmingwex.a(pformat.o)
                0x00405d70                __mingw_pformat
 .text          0x00406ce0        0x0 c:/mingw/bin/../lib/gcc/mingw32/6.3.0/../../..\libmingwex.a(varofmt.o)
 .text          0x00406ce0      0x430 c:/mingw/bin/../lib/gcc/mingw32/6.3.0/../../..\libmingwex.a(mbrtowc.o)
                0x00406e70                mbrtowc
                0x00406f10                mbsrtowcs
                0x00407080                mbrlen
 .text          0x00407110      0x290 c:/mingw/bin/../lib/gcc/mingw32/6.3.0/../../..\libmingwex.a(wcrtomb.o)
                0x004071b0                wcrtomb
                0x00407230                wcsrtombs
 .text          0x004073a0     0x1630 c:/mingw/bin/../lib/gcc/mingw32/6.3.0/../../..\libmingwex.a(gdtoa.o)
                0x004073a0                __gdtoa
 .text          0x004089d0      0x160 c:/mingw/bin/../lib/gcc/mingw32/6.3.0/../../..\libmingwex.a(gmisc.o)
                0x004089d0                __rshift_D2A
                0x00408af0                __trailz_D2A
 .text          0x00408b30      0x2d0 c:/mingw/bin/../lib/gcc/mingw32/6.3.0/../../..\libmingwex.a(dmisc.o)
                0x00408b30                __rv_alloc_D2A
                0x00408b70                __nrv_alloc_D2A
                0x00408bf0                __freedtoa
                0x00408c10                __quorem_D2A
 .text          0x00408e00      0xbd0 c:/mingw/bin/../lib/gcc/mingw32/6.3.0/../../..\libmingwex.a(misc.o)
                0x00408f20                __Balloc_D2A
                0x00408ff0                __Bfree_D2A
                0x00409060                __multadd_D2A
                0x00409150                __i2b_D2A
                0x00409180                __mult_D2A
                0x004092f0                __pow5mult_D2A
                0x00409460                __lshift_D2A
                0x00409580                __cmp_D2A
                0x004095d0                __diff_D2A
                0x004097b0                __b2d_D2A
                0x004098b0                __d2b_D2A
                0x004099a0                __strcp_D2A
 .text          0x004099d0        0x8 c:/mingw/bin/../lib/gcc/mingw32/6.3.0/../../..\libmsvcrt.a(djpvbs01325.o)
                0x004099d0                wcstombs
 .text          0x004099d8        0x8 c:/mingw/bin/../lib/gcc/mingw32/6.3.0/../../..\libmsvcrt.a(djpvbs01308.o)
                0x004099d8                wcslen
 .text          0x004099e0        0x8 c:/mingw/bin/../lib/gcc/mingw32/6.3.0/../../..\libmsvcrt.a(djpvbs01284.o)
                0x004099e0                vfprintf
 .text          0x004099e8        0x8 c:/mingw/bin/../lib/gcc/mingw32/6.3.0/../../..\libmsvcrt.a(djpvbs01278.o)
                0x004099e8                toupper
 .text          0x004099f0        0x8 c:/mingw/bin/../lib/gcc/mingw32/6.3.0/../../..\libmsvcrt.a(djpvbs01277.o)
                0x004099f0                tolower
 .text          0x004099f8        0x8 c:/mingw/bin/../lib/gcc/mingw32/6.3.0/../../..\libmsvcrt.a(djpvbs01272.o)
                0x004099f8                time
 .text          0x00409a00        0x8 c:/mingw/bin/../lib/gcc/mingw32/6.3.0/../../..\libmsvcrt.a(djpvbs01269.o)
                0x00409a00                system
 .text          0x00409a08        0x8 c:/mingw/bin/../lib/gcc/mingw32/6.3.0/../../..\libmsvcrt.a(djpvbs01258.o)
                0x00409a08                strstr
 .text          0x00409a10        0x8 c:/mingw/bin/../lib/gcc/mingw32/6.3.0/../../..\libmsvcrt.a(djpvbs01257.o)
                0x00409a10                strspn
 .text          0x00409a18        0x8 c:/mingw/bin/../lib/gcc/mingw32/6.3.0/../../..\libmsvcrt.a(djpvbs01253.o)
                0x00409a18                strncpy
 .text          0x00409a20        0x8 c:/mingw/bin/../lib/gcc/mingw32/6.3.0/../../..\libmsvcrt.a(djpvbs01252.o)
                0x00409a20                strncmp
 .text          0x00409a28        0x8 c:/mingw/bin/../lib/gcc/mingw32/6.3.0/../../..\libmsvcrt.a(djpvbs01249.o)
                0x00409a28                strlen
 .text          0x00409a30        0x8 c:/mingw/bin/../lib/gcc/mingw32/6.3.0/../../..\libmsvcrt.a(djpvbs01245.o)
                0x00409a30                strcspn
 .text          0x00409a38        0x8 c:/mingw/bin/../lib/gcc/mingw32/6.3.0/../../..\libmsvcrt.a(djpvbs01243.o)
                0x00409a38                strcpy
 .text          0x00409a40        0x8 c:/mingw/bin/../lib/gcc/mingw32/6.3.0/../../..\libmsvcrt.a(djpvbs01242.o)
                0x00409a40                strcoll
 .text          0x00409a48        0x8 c:/mingw/bin/../lib/gcc/mingw32/6.3.0/../../..\libmsvcrt.a(djpvbs01241.o)
                0x00409a48                strcmp
 .text          0x00409a50        0x8 c:/mingw/bin/../lib/gcc/mingw32/6.3.0/../../..\libmsvcrt.a(djpvbs01240.o)
                0x00409a50                strchr
 .text          0x00409a58        0x8 c:/mingw/bin/../lib/gcc/mingw32/6.3.0/../../..\libmsvcrt.a(djpvbs01236.o)
                0x00409a58                sscanf
 .text          0x00409a60        0x8 c:/mingw/bin/../lib/gcc/mingw32/6.3.0/../../..\libmsvcrt.a(djpvbs01235.o)
                0x00409a60                srand
 .text          0x00409a68        0x8 c:/mingw/bin/../lib/gcc/mingw32/6.3.0/../../..\libmsvcrt.a(djpvbs01234.o)
                0x00409a68                sqrt
 .text          0x00409a70        0x8 c:/mingw/bin/../lib/gcc/mingw32/6.3.0/../../..\libmsvcrt.a(djpvbs01230.o)
                0x00409a70                sin
 .text          0x00409a78        0x8 c:/mingw/bin/../lib/gcc/mingw32/6.3.0/../../..\libmsvcrt.a(djpvbs01229.o)
                0x00409a78                signal
 .text          0x00409a80        0x8 c:/mingw/bin/../lib/gcc/mingw32/6.3.0/../../..\libmsvcrt.a(djpvbs01227.o)
                0x00409a80                setlocale
 .text          0x00409a88        0x8 c:/mingw/bin/../lib/gcc/mingw32/6.3.0/../../..\libmsvcrt.a(djpvbs01220.o)
                0x00409a88                realloc
 .text          0x00409a90        0x8 c:/mingw/bin/../lib/gcc/mingw32/6.3.0/../../..\libmsvcrt.a(djpvbs01218.o)
                0x00409a90                rand
 .text          0x00409a98        0x8 c:/mingw/bin/../lib/gcc/mingw32/6.3.0/../../..\libmsvcrt.a(djpvbs01215.o)
                0x00409a98                qsort
 .text          0x00409aa0        0x8 c:/mingw/bin/../lib/gcc/mingw32/6.3.0/../../..\libmsvcrt.a(djpvbs01212.o)
                0x00409aa0                puts
 .text          0x00409aa8        0x8 c:/mingw/bin/../lib/gcc/mingw32/6.3.0/../../..\libmsvcrt.a(djpvbs01211.o)
                0x00409aa8                putchar
 .text          0x00409ab0        0x8 c:/mingw/bin/../lib/gcc/mingw32/6.3.0/../../..\libmsvcrt.a(djpvbs01207.o)
                0x00409ab0                pow
 .text          0x00409ab8        0x8 c:/mingw/bin/../lib/gcc/mingw32/6.3.0/../../..\libmsvcrt.a(djpvbs01204.o)
                0x00409ab8                mktime
 .text          0x00409ac0        0x8 c:/mingw/bin/../lib/gcc/mingw32/6.3.0/../../..\libmsvcrt.a(djpvbs01203.o)
                0x00409ac0                memset
 .text          0x00409ac8        0x8 c:/mingw/bin/../lib/gcc/mingw32/6.3.0/../../..\libmsvcrt.a(djpvbs01201.o)
                0x00409ac8                memmove
 .text          0x00409ad0        0x8 c:/mingw/bin/../lib/gcc/mingw32/6.3.0/../../..\libmsvcrt.a(djpvbs01199.o)
                0x00409ad0                memcpy
 .text          0x00409ad8        0x8 c:/mingw/bin/../lib/gcc/mingw32/6.3.0/../../..\libmsvcrt.a(djpvbs01194.o)
                0x00409ad8                mbstowcs
 .text          0x00409ae0        0x8 c:/mingw/bin/../lib/gcc/mingw32/6.3.0/../../..\libmsvcrt.a(djpvbs01187.o)
                0x00409ae0                malloc
 .text          0x00409ae8        0x8 c:/mingw/bin/../lib/gcc/mingw32/6.3.0/../../..\libmsvcrt.a(djpvbs01185.o)
                0x00409ae8                log10
 .text          0x00409af0        0x8 c:/mingw/bin/../lib/gcc/mingw32/6.3.0/../../..\libmsvcrt.a(djpvbs01184.o)
                0x00409af0                log
 .text          0x00409af8        0x8 c:/mingw/bin/../lib/gcc/mingw32/6.3.0/../../..\libmsvcrt.a(djpvbs01183.o)
                0x00409af8                localtime
 .text          0x00409b00        0x8 c:/mingw/bin/../lib/gcc/mingw32/6.3.0/../../..\libmsvcrt.a(djpvbs01182.o)
                0x00409b00                localeconv
 .text          0x00409b08        0x8 c:/mingw/bin/../lib/gcc/mingw32/6.3.0/../../..\libmsvcrt.a(djpvbs01163.o)
                0x00409b08                isspace
 .text          0x00409b10        0x8 c:/mingw/bin/../lib/gcc/mingw32/6.3.0/../../..\libmsvcrt.a(djpvbs01161.o)
                0x00409b10                isprint
 .text          0x00409b18        0x8 c:/mingw/bin/../lib/gcc/mingw32/6.3.0/../../..\libmsvcrt.a(djpvbs01152.o)
                0x00409b18                gmtime
 .text          0x00409b20        0x8 c:/mingw/bin/../lib/gcc/mingw32/6.3.0/../../..\libmsvcrt.a(djpvbs01147.o)
                0x00409b20                getenv
 .text          0x00409b28        0x8 c:/mingw/bin/../lib/gcc/mingw32/6.3.0/../../..\libmsvcrt.a(djpvbs01142.o)
                0x00409b28                fwrite
 .text          0x00409b30        0x8 c:/mingw/bin/../lib/gcc/mingw32/6.3.0/../../..\libmsvcrt.a(djpvbs01131.o)
                0x00409b30                free
 .text          0x00409b38        0x8 c:/mingw/bin/../lib/gcc/mingw32/6.3.0/../../..\libmsvcrt.a(djpvbs01126.o)
                0x00409b38                fputc
 .text          0x00409b40        0x8 c:/mingw/bin/../lib/gcc/mingw32/6.3.0/../../..\libmsvcrt.a(djpvbs01122.o)
                0x00409b40                fopen
 .text          0x00409b48        0x8 c:/mingw/bin/../lib/gcc/mingw32/6.3.0/../../..\libmsvcrt.a(djpvbs01121.o)
                0x00409b48                fmod
 .text          0x00409b50        0x8 c:/mingw/bin/../lib/gcc/mingw32/6.3.0/../../..\libmsvcrt.a(djpvbs01111.o)
                0x00409b50                fclose
 .text          0x00409b58        0x8 c:/mingw/bin/../lib/gcc/mingw32/6.3.0/../../..\libmsvcrt.a(djpvbs01108.o)
                0x00409b58                exit
 .text          0x00409b60        0x8 c:/mingw/bin/../lib/gcc/mingw32/6.3.0/../../..\libmsvcrt.a(djpvbs01106.o)
                0x00409b60                difftime
 .text          0x00409b68        0x8 c:/mingw/bin/../lib/gcc/mingw32/6.3.0/../../..\libmsvcrt.a(djpvbs01103.o)
                0x00409b68                cos
 .text          0x00409b70        0x8 c:/mingw/bin/../lib/gcc/mingw32/6.3.0/../../..\libmsvcrt.a(djpvbs01102.o)
                0x00409b70                clock
 .text          0x00409b78        0x8 c:/mingw/bin/../lib/gcc/mingw32/6.3.0/../../..\libmsvcrt.a(djpvbs01099.o)
                0x00409b78                ceil
 .text          0x00409b80        0x8 c:/mingw/bin/../lib/gcc/mingw32/6.3.0/../../..\libmsvcrt.a(djpvbs01098.o)
                0x00409b80                calloc
 .text          0x00409b88        0x8 c:/mingw/bin/../lib/gcc/mingw32/6.3.0/../../..\libmsvcrt.a(djpvbs01093.o)
                0x00409b88                atoi
 .text          0x00409b90        0x0 c:/mingw/bin/../lib/gcc/mingw32/6.3.0/../../..\libmsvcrt.a(djpvbs01091.o)
 .text          0x00409b90        0x8 c:/mingw/bin/../lib/gcc/mingw32/6.3.0/../../..\libmsvcrt.a(djpvbs01090.o)
                0x00409b90                atan2
 .text          0x00409b98        0x8 c:/mingw/bin/../lib/gcc/mingw32/6.3.0/../../..\libmsvcrt.a(djpvbs01089.o)
                0x00409b98                atan
 .text          0x00409ba0        0x8 c:/mingw/bin/../lib/gcc/mingw32/6.3.0/../../..\libmsvcrt.a(djpvbs01083.o)
                0x00409ba0                abort
 .text          0x00409ba8        0x8 c:/mingw/bin/../lib/gcc/mingw32/6.3.0/../../..\libmsvcrt.a(djpvbs00803.o)
                0x00409ba8                _stricmp
 .text          0x00409bb0        0x8 c:/mingw/bin/../lib/gcc/mingw32/6.3.0/../../..\libmsvcrt.a(djpvbs00753.o)
                0x00409bb0                _setmode
 .text          0x00409bb8        0x0 c:/mingw/bin/../lib/gcc/mingw32/6.3.0/../../..\libmsvcrt.a(djpvbs00698.o)
 .text          0x00409bb8        0x0 c:/mingw/bin/../lib/gcc/mingw32/6.3.0/../../..\libmsvcrt.a(djpvbs00689.o)
 .text          0x00409bb8        0x8 c:/mingw/bin/../lib/gcc/mingw32/6.3.0/../../..\libmsvcrt.a(djpvbs00422.o)
                0x00409bb8                _isctype
 .text          0x00409bc0        0x0 c:/mingw/bin/../lib/gcc/mingw32/6.3.0/../../..\libmsvcrt.a(djpvbs00417.o)
 .text          0x00409bc0        0x8 c:/mingw/bin/../lib/gcc/mingw32/6.3.0/../../..\libmsvcrt.a(djpvbs00379.o)
                0x00409bc0                _getch
 .text          0x00409bc8        0x8 c:/mingw/bin/../lib/gcc/mingw32/6.3.0/../../..\libmsvcrt.a(djpvbs00350.o)
                0x00409bc8                _fullpath
 .text          0x00409bd0        0x8 c:/mingw/bin/../lib/gcc/mingw32/6.3.0/../../..\libmsvcrt.a(djpvbs00285.o)
                0x00409bd0                _errno
 .text          0x00409bd8        0x8 c:/mingw/bin/../lib/gcc/mingw32/6.3.0/../../..\libmsvcrt.a(djpvbs00219.o)
                0x00409bd8                _cexit
 .text          0x00409be0        0x8 c:/mingw/bin/../lib/gcc/mingw32/6.3.0/../../..\libmsvcrt.a(djpvbs00133.o)
                0x00409be0                __p__fmode
 .text          0x00409be8        0x8 c:/mingw/bin/../lib/gcc/mingw32/6.3.0/../../..\libmsvcrt.a(djpvbs00131.o)
                0x00409be8                __p__environ
 .text          0x00409bf0        0x0 c:/mingw/bin/../lib/gcc/mingw32/6.3.0/../../..\libmsvcrt.a(djpvbs00119.o)
 .text          0x00409bf0        0x8 c:/mingw/bin/../lib/gcc/mingw32/6.3.0/../../..\libmsvcrt.a(djpvbs00088.o)
                0x00409bf0                __getmainargs
 .text          0x00409bf8        0x0 c:/mingw/bin/../lib/gcc/mingw32/6.3.0/../../..\libmsvcrt.a(djpvbh.o)
 .text          0x00409bf8        0x0 c:/mingw/bin/../lib/gcc/mingw32/6.3.0/../../..\libmsvcrt.a(djpvbt.o)
 .text          0x00409bf8        0x8 c:/mingw/bin/../lib/gcc/mingw32/6.3.0/../../..\libkernel32.a(dujcs01247.o)
                0x00409bf8                WideCharToMultiByte@32
 .text          0x00409c00        0x8 c:/mingw/bin/../lib/gcc/mingw32/6.3.0/../../..\libkernel32.a(dujcs01215.o)
                0x00409c00                VirtualQuery@12
 .text          0x00409c08        0x8 c:/mingw/bin/../lib/gcc/mingw32/6.3.0/../../..\libkernel32.a(dujcs01213.o)
                0x00409c08                VirtualProtect@16
 .text          0x00409c10        0x8 c:/mingw/bin/../lib/gcc/mingw32/6.3.0/../../..\libkernel32.a(dujcs01173.o)
                0x00409c10                TlsGetValue@4
 .text          0x00409c18        0x8 c:/mingw/bin/../lib/gcc/mingw32/6.3.0/../../..\libkernel32.a(dujcs01152.o)
                0x00409c18                Sleep@4
 .text          0x00409c20        0x8 c:/mingw/bin/../lib/gcc/mingw32/6.3.0/../../..\libkernel32.a(dujcs01140.o)
                0x00409c20                SetUnhandledExceptionFilter@4
 .text          0x00409c28        0x8 c:/mingw/bin/../lib/gcc/mingw32/6.3.0/../../..\libkernel32.a(dujcs01037.o)
                0x00409c28                SetConsoleMode@8
 .text          0x00409c30        0x8 c:/mingw/bin/../lib/gcc/mingw32/6.3.0/../../..\libkernel32.a(dujcs00860.o)
                0x00409c30                MultiByteToWideChar@24
 .text          0x00409c38        0x8 c:/mingw/bin/../lib/gcc/mingw32/6.3.0/../../..\libkernel32.a(dujcs00817.o)
                0x00409c38                LoadLibraryA@4
 .text          0x00409c40        0x8 c:/mingw/bin/../lib/gcc/mingw32/6.3.0/../../..\libkernel32.a(dujcs00814.o)
                0x00409c40                LeaveCriticalSection@4
 .text          0x00409c48        0x8 c:/mingw/bin/../lib/gcc/mingw32/6.3.0/../../..\libkernel32.a(dujcs00763.o)
                0x00409c48                IsDBCSLeadByteEx@8
 .text          0x00409c50        0x8 c:/mingw/bin/../lib/gcc/mingw32/6.3.0/../../..\libkernel32.a(dujcs00744.o)
                0x00409c50                InterlockedExchange@8
 .text          0x00409c58        0x8 c:/mingw/bin/../lib/gcc/mingw32/6.3.0/../../..\libkernel32.a(dujcs00734.o)
                0x00409c58                InitializeCriticalSection@4
 .text          0x00409c60        0x8 c:/mingw/bin/../lib/gcc/mingw32/6.3.0/../../..\libkernel32.a(dujcs00608.o)
                0x00409c60                GetStdHandle@4
 .text          0x00409c68        0x8 c:/mingw/bin/../lib/gcc/mingw32/6.3.0/../../..\libkernel32.a(dujcs00577.o)
                0x00409c68                GetProcAddress@8
 .text          0x00409c70        0x8 c:/mingw/bin/../lib/gcc/mingw32/6.3.0/../../..\libkernel32.a(dujcs00529.o)
                0x00409c70                GetModuleHandleA@4
 .text          0x00409c78        0x8 c:/mingw/bin/../lib/gcc/mingw32/6.3.0/../../..\libkernel32.a(dujcs00510.o)
                0x00409c78                GetLastError@0
 .text          0x00409c80        0x8 c:/mingw/bin/../lib/gcc/mingw32/6.3.0/../../..\libkernel32.a(dujcs00426.o)
                0x00409c80                GetConsoleMode@8
 .text          0x00409c88        0x8 c:/mingw/bin/../lib/gcc/mingw32/6.3.0/../../..\libkernel32.a(dujcs00388.o)
                0x00409c88                GetCommandLineA@0
 .text          0x00409c90        0x8 c:/mingw/bin/../lib/gcc/mingw32/6.3.0/../../..\libkernel32.a(dujcs00352.o)
                0x00409c90                FreeLibrary@4
 .text          0x00409c98        0x8 c:/mingw/bin/../lib/gcc/mingw32/6.3.0/../../..\libkernel32.a(dujcs00321.o)
                0x00409c98                FindNextFileA@8
 .text          0x00409ca0        0x8 c:/mingw/bin/../lib/gcc/mingw32/6.3.0/../../..\libkernel32.a(dujcs00304.o)
                0x00409ca0                FindFirstFileA@8
 .text          0x00409ca8        0x8 c:/mingw/bin/../lib/gcc/mingw32/6.3.0/../../..\libkernel32.a(dujcs00300.o)
                0x00409ca8                FindClose@4
 .text          0x00409cb0        0x8 c:/mingw/bin/../lib/gcc/mingw32/6.3.0/../../..\libkernel32.a(dujcs00279.o)
                0x00409cb0                ExitProcess@4
 .text          0x00409cb8        0x8 c:/mingw/bin/../lib/gcc/mingw32/6.3.0/../../..\libkernel32.a(dujcs00236.o)
                0x00409cb8                EnterCriticalSection@4
 .text          0x00409cc0        0x8 c:/mingw/bin/../lib/gcc/mingw32/6.3.0/../../..\libkernel32.a(dujcs00207.o)
                0x00409cc0                DeleteCriticalSection@4
 .text          0x00409cc8        0x0 c:/mingw/bin/../lib/gcc/mingw32/6.3.0/../../..\libkernel32.a(dujch.o)
 .text          0x00409cc8        0x0 c:/mingw/bin/../lib/gcc/mingw32/6.3.0/../../..\libkernel32.a(dujct.o)
 .text          0x00409cc8        0x8 c:/mingw/bin/../lib/gcc/mingw32/6.3.0/../../..\libmoldname.a(dagwbs00082.o)
                0x00409cc8                stricoll
 .text          0x00409cd0        0x8 c:/mingw/bin/../lib/gcc/mingw32/6.3.0/../../..\libmoldname.a(dagwbs00080.o)
                0x00409cd0                strdup
 .text          0x00409cd8        0x0 c:/mingw/bin/../lib/gcc/mingw32/6.3.0/crtend.o
 *(SORT(.text$*))
 .text$ArrayToAsciiStr
                0x00409cd8       0x54 build/array_diag.o
                0x00409cd8                ArrayToAsciiStr
 .text$ArrayToStr
                0x00409d2c       0xd8 build/array_diag.o
                0x00409d2c                ArrayToStr
 .text$ArrayU8ToBitStr
                0x00409e04       0x90 build/array_diag.o
                0x00409e04                ArrayU8ToBitStr
 .text$AsciiChar2Dec
                0x00409e94       0x3c build/convert.o
                0x00409e94                AsciiChar2Dec
 .text$AsciiChar2HexNibble
                0x00409ed0       0xbc build/convert.o
                0x00409ed0                AsciiChar2HexNibble
 .text$AutoExitConfigToStr
                0x00409f8c       0x80 build/auto_exit_diag.o
                0x00409f8c                AutoExitConfigToStr
 .text$AutoExitGetConfig
                0x0040a00c       0x8c build/auto_exit.o
                0x0040a00c                AutoExitGetConfig
 .text$AutoExitGetNode
                0x0040a098       0x74 build/auto_exit.o
                0x0040a098                AutoExitGetNode
 .text$AutoExitIsValidConfig
                0x0040a10c       0xb0 build/auto_exit.o
                0x0040a10c                AutoExitIsValidConfig
 .text$AutoExitNodeToStr
                0x0040a1bc       0xdc build/auto_exit_diag.o
                0x0040a1bc                AutoExitNodeToStr
 .text$BigValToStr
                0x0040a298       0x2c build/common_diag.o
                0x0040a298                BigValToStr
 .text$BitRateToStr
                0x0040a2c4       0x44 build/common_diag.o
                0x0040a2c4                BitRateToStr
 .text$BitToAsterisk
                0x0040a308       0x28 build/common_diag.o
                0x0040a308                BitToAsterisk
 .text$BitToStr
                0x0040a330       0x2c build/bit_diag.o
                0x0040a330                BitToStr
 .text$Bits2Bytes
                0x0040a35c       0x38 build/data_utils.o
                0x0040a35c                Bits2Bytes
 .text$Bpsk4fsBitValToPhaseS32
                0x0040a394       0x60 build/bpsk_4fs_mcal.o
 .text$Bpsk4fsComposeLogLine
                0x0040a3f4      0x140 build/bpsk_4fs_diag.o
                0x0040a3f4                Bpsk4fsComposeLogLine
 .text$Bpsk4fsConfigToStr
                0x0040a534      0x2ac build/bpsk_4fs_diag.o
                0x0040a534                Bpsk4fsConfigToStr
 .text$Bpsk4fsGetConfig
                0x0040a7e0       0x74 build/bpsk_4fs_mcal.o
                0x0040a7e0                Bpsk4fsGetConfig
 .text$Bpsk4fsGetNode
                0x0040a854       0x7c build/bpsk_4fs_mcal.o
                0x0040a854                Bpsk4fsGetNode
 .text$Bpsk4fsIsValidConfig
                0x0040a8d0      0x1c0 build/bpsk_4fs_mcal.o
 .text$Bpsk4fsNodeToStr
                0x0040aa90      0x370 build/bpsk_4fs_diag.o
                0x0040aa90                Bpsk4fsNodeToStr
 .text$Bpsk4fskRadToSample
                0x0040ae00       0x74 build/bpsk_4fs_mcal.o
                0x0040ae00                Bpsk4fskRadToSample
 .text$ByteNameToStr
                0x0040ae74       0x24 build/byte_diag.o
                0x0040ae74                ByteNameToStr
 .text$ByteRateToStr
                0x0040ae98       0x4c build/common_diag.o
                0x0040ae98                ByteRateToStr
 .text$ByteToStr
                0x0040aee4       0x38 build/common_diag.o
                0x0040aee4                ByteToStr
 .text$CircularBufferStateToStr
                0x0040af1c       0xbc build/circular_buffer_diag.o
                0x0040af1c                CircularBufferStateToStr
 .text$CliCmdInfoGet
                0x0040afd8       0xb4 build/cli_drv.o
                0x0040afd8                CliCmdInfoGet
 .text$CliCmdToStr
                0x0040b08c       0xdc build/cli_diag.o
                0x0040b08c                CliCmdToStr
 .text$CliConfigToStr
                0x0040b168       0xec build/cli_diag.o
                0x0040b168                CliConfigToStr
 .text$CliGetConfig
                0x0040b254       0x8c build/cli_drv.o
                0x0040b254                CliGetConfig
 .text$CliGetNode
                0x0040b2e0       0x74 build/cli_drv.o
                0x0040b2e0                CliGetNode
 .text$CliIsValidConfig
                0x0040b354       0x84 build/cli_drv.o
 .text$CliNodeToStr
                0x0040b3d8       0xfc build/cli_diag.o
                0x0040b3d8                CliNodeToStr
 .text$ClkSrcToStr
                0x0040b4d4       0x3c build/clock_diag.o
                0x0040b4d4                ClkSrcToStr
 .text$ClockBusToStr
                0x0040b510       0x5c build/clock_diag.o
                0x0040b510                ClockBusToStr
 .text$ClockConfigToStr
                0x0040b56c      0x19c build/clock_diag.o
                0x0040b56c                ClockConfigToStr
 .text$ClockGetInfo
                0x0040b708       0x18 build/clock_mcal.o
                0x0040b708                ClockGetInfo
 .text$ClockMuxToStr
                0x0040b720       0x48 build/clock_diag.o
                0x0040b720                ClockMuxToStr
 .text$ClockSettingToStr
                0x0040b768       0x7c build/clock_diag.o
                0x0040b768                ClockSettingToStr
 .text$ClockSourcToHz
                0x0040b7e4       0x68 build/clock_general.o
                0x0040b7e4                ClockSourcToHz
 .text$CmdRetToStr
                0x0040b84c       0x2c build/win_utils.o
 .text$CompU162Str
                0x0040b878       0x3c build/crc_diag.o
 .text$ControlModeToStr
                0x0040b8b4       0x50 build/control_diag.o
                0x0040b8b4                ControlModeToStr
 .text$ControlPermissionToStr
                0x0040b904      0x228 build/control_diag.o
                0x0040b904                ControlPermissionToStr
 .text$Crc16ToStr
                0x0040bb2c       0x70 build/crc_diag.o
                0x0040bb2c                Crc16ToStr
 .text$CsvInputToStr
                0x0040bb9c       0x50 build/csv_diag.o
                0x0040bb9c                CsvInputToStr
 .text$CsvNodeDiag
                0x0040bbec       0x40 build/csv_diag.o
                0x0040bbec                CsvNodeDiag
 .text$CsvNodeToStr
                0x0040bc2c      0x2a4 build/csv_diag.o
                0x0040bc2c                CsvNodeToStr
 .text$CsvStateToStr
                0x0040bed0       0x68 build/csv_diag.o
                0x0040bed0                CsvStateToStr
 .text$DataToValStrBuff
                0x0040bf38      0x498 build/storage_diag.o
                0x0040bf38                DataToValStrBuff
 .text$DateToStr
                0x0040c3d0       0x6c build/time_diag.o
                0x0040c3d0                DateToStr
 .text$DateToStrShort
                0x0040c43c       0x40 build/time_diag.o
                0x0040c43c                DateToStrShort
 .text$DecimatorConfigToStr
                0x0040c47c       0xac build/decimator_diag.o
                0x0040c47c                DecimatorConfigToStr
 .text$DecimatorGetConfig
                0x0040c528       0x78 build/decimator.o
                0x0040c528                DecimatorGetConfig
 .text$DecimatorGetNode
                0x0040c5a0       0x74 build/decimator.o
                0x0040c5a0                DecimatorGetNode
 .text$DecimatorInputToStr
                0x0040c614       0x50 build/decimator_diag.o
                0x0040c614                DecimatorInputToStr
 .text$DecimatorIsValidConfig
                0x0040c664       0x28 build/decimator.o
 .text$DecimatorNodeToStr
                0x0040c68c      0x188 build/decimator_diag.o
                0x0040c68c                DecimatorNodeToStr
 .text$DecimatorStateToStr
                0x0040c814       0x44 build/decimator_diag.o
                0x0040c814                DecimatorStateToStr
 .text$DecimatorValToInpit
                0x0040c858       0x54 build/decimator.o
 .text$DoubleToStr
                0x0040c8ac      0x290 build/num_to_str.o
                0x0040c8ac                DoubleToStr
 .text$DspFilterTypeToStr
                0x0040cb3c       0x3c build/dsp_diag.o
                0x0040cb3c                DspFilterTypeToStr
 .text$DspMaxFreqToStr
                0x0040cb78       0x84 build/dsp_diag.o
                0x0040cb78                DspMaxFreqToStr
 .text$ErrValue2LogLevel
                0x0040cbfc       0x2c build/log.o
                0x0040cbfc                ErrValue2LogLevel
 .text$FacilityToStr
                0x0040cc28       0xb8 build/system_diag.o
                0x0040cc28                FacilityToStr
 .text$FalseToDiff
                0x0040cce0       0x38 build/vector_diag.o
 .text$Fc7ClockPostDivToValue
                0x0040cd18       0x64 build/pll_calc.o
                0x0040cd18                Fc7ClockPostDivToValue
 .text$Fc7ClockSourceToValue
                0x0040cd7c       0x44 build/pll_calc.o
                0x0040cd7c                Fc7ClockSourceToValue
 .text$FirConfigToStr
                0x0040cdc0      0x154 build/fir_diag.o
                0x0040cdc0                FirConfigToStr
 .text$FirDiagConfig
                0x0040cf14       0x4c build/fir_diag.o
                0x0040cf14                FirDiagConfig
 .text$FirGetConfig
                0x0040cf60       0x88 build/fir.o
                0x0040cf60                FirGetConfig
 .text$FirGetNode
                0x0040cfe8       0x74 build/fir.o
                0x0040cfe8                FirGetNode
 .text$FirModeToStr
                0x0040d05c       0x68 build/fir_diag.o
                0x0040d05c                FirModeToStr
 .text$FirNodeToStr
                0x0040d0c4      0x1b4 build/fir_diag.o
                0x0040d0c4                FirNodeToStr
 .text$FloatBigToStr
                0x0040d278      0x334 build/float_diag.o
                0x0040d278                FloatBigToStr
 .text$FloatDataToStr
                0x0040d5ac       0x44 build/common_diag.o
                0x0040d5ac                FloatDataToStr
 .text$FloatFixToStr
                0x0040d5f0       0x7c build/rational_num_diag.o
                0x0040d5f0                FloatFixToStr
 .text$FloatToStr
                0x0040d66c       0x58 build/float_diag.o
                0x0040d66c                FloatToStr
 .text$FlowCtrlToStr
                0x0040d6c4       0x84 build/protocol_diag.o
                0x0040d6c4                FlowCtrlToStr
 .text$HAL_GetTick
                0x0040d748       0x1c build/clock_mcal.o
                0x0040d748                HAL_GetTick
 .text$HexQWord2Str
                0x0040d764       0x30 build/num_to_str.o
                0x0040d764                HexQWord2Str
 .text$HexQWordRevToStr
                0x0040d794       0x5c build/num_to_str.o
                0x0040d794                HexQWordRevToStr
 .text$HexQWordToStr
                0x0040d7f0       0x44 build/num_to_str.o
                0x0040d7f0                HexQWordToStr
 .text$HexWordToStr
                0x0040d834       0x38 build/common_diag.o
                0x0040d834                HexWordToStr
 .text$IfBitOrderToStr
                0x0040d86c       0x44 build/interfaces_diag.o
                0x0040d86c                IfBitOrderToStr
 .text$IfBusRoleToStr
                0x0040d8b0       0x44 build/interfaces_diag.o
                0x0040d8b0                IfBusRoleToStr
 .text$InterfaceNameToInfo
                0x0040d8f4       0x6c build/interfaces_diag.o
                0x0040d8f4                InterfaceNameToInfo
 .text$InterfaceNameToStr
                0x0040d960       0x38 build/interfaces_diag.o
                0x0040d960                InterfaceNameToStr
 .text$InterfaceToStr
                0x0040d998       0x24 build/interfaces_diag.o
                0x0040d998                InterfaceToStr
 .text$InterfaceTypeToStr
                0x0040d9bc       0xac build/interfaces_diag.o
                0x0040d9bc                InterfaceTypeToStr
 .text$InterfaceTypeToStrShort
                0x0040da68       0x9c build/interfaces_diag.o
                0x0040da68                InterfaceTypeToStrShort
 .text$LOG_CRITICAL
                0x0040db04       0x44 build/log.o
                0x0040db04                LOG_CRITICAL
 .text$LOG_DEBUG
                0x0040db48       0x44 build/log.o
                0x0040db48                LOG_DEBUG
 .text$LOG_ERROR
                0x0040db8c       0x44 build/log.o
                0x0040db8c                LOG_ERROR
 .text$LOG_INFO
                0x0040dbd0       0x44 build/log.o
                0x0040dbd0                LOG_INFO
 .text$LOG_NOTICE
                0x0040dc14       0x44 build/log.o
                0x0040dc14                LOG_NOTICE
 .text$LOG_PARN
                0x0040dc58       0x44 build/log.o
                0x0040dc58                LOG_PARN
 .text$LOG_PROTECTED
                0x0040dc9c       0x44 build/log.o
                0x0040dc9c                LOG_PROTECTED
 .text$LOG_TRACE
                0x0040dce0       0x44 build/log.o
                0x0040dce0                LOG_TRACE
 .text$LOG_WARNING
                0x0040dd24       0x44 build/log.o
                0x0040dd24                LOG_WARNING
 .text$LogEndOfLineToStr
                0x0040dd68       0x68 build/log_diag.o
                0x0040dd68                LogEndOfLineToStr
 .text$LogGetConfig
                0x0040ddd0       0x84 build/log.o
                0x0040ddd0                LogGetConfig
 .text$LogGetNode
                0x0040de54       0x84 build/log.o
                0x0040de54                LogGetNode
 .text$Mask32ToStr
                0x0040ded8      0x140 build/protocol_diag.o
                0x0040ded8                Mask32ToStr
 .text$MathParityToStr
                0x0040e018       0x3c build/math_diag.o
                0x0040e018                MathParityToStr
 .text$McalMoveModeToStr
                0x0040e054       0x50 build/mcal_diag.o
                0x0040e054                McalMoveModeToStr
 .text$McalOkCntToRes
                0x0040e0a4       0x1c build/mcal_diag.o
                0x0040e0a4                McalOkCntToRes
 .text$MsToStr  0x0040e0c0       0x3c build/time_diag.o
                0x0040e0c0                MsToStr
 .text$NumberParserFsm2Str
                0x0040e0fc       0xd4 build/convert_diag.o
                0x0040e0fc                NumberParserFsm2Str
 .text$NumberParserState2Str
                0x0040e1d0       0x68 build/convert_diag.o
                0x0040e1d0                NumberParserState2Str
 .text$OffSetToStr
                0x0040e238       0x74 build/debug_info.o
                0x0040e238                OffSetToStr
 .text$OkToStr  0x0040e2ac       0x40 build/common_diag.o
                0x0040e2ac                OkToStr
 .text$OnOffToStr
                0x0040e2ec       0x44 build/common_diag.o
                0x0040e2ec                OnOffToStr
 .text$PidConfigToStr
                0x0040e330      0x1d8 build/pid_diag.o
                0x0040e330                PidConfigToStr
 .text$PidGetConfig
                0x0040e508       0x74 build/pid.o
                0x0040e508                PidGetConfig
 .text$PidGetNode
                0x0040e57c       0x88 build/pid.o
                0x0040e57c                PidGetNode
 .text$PidNodeToStr
                0x0040e604      0x1f4 build/pid_diag.o
                0x0040e604                PidNodeToStr
 .text$PllArtetyToStr
                0x0040e7f8       0x7c build/pll_calc_diag.o
                0x0040e7f8                PllArtetyToStr
 .text$PllConfigToStr
                0x0040e874      0x19c build/pll_calc_diag.o
                0x0040e874                PllConfigToStr
 .text$PllStm32ConfigToStr
                0x0040ea10      0x164 build/pll_calc_diag.o
                0x0040ea10                PllStm32ConfigToStr
 .text$ProgType2str
                0x0040eb74       0x60 build/system_diag.o
                0x0040eb74                ProgType2str
 .text$ProgressFloatToStr
                0x0040ebd4       0xa8 build/common_diag.o
                0x0040ebd4                ProgressFloatToStr
 .text$ProgressRealToStr
                0x0040ec7c       0xa8 build/common_diag.o
                0x0040ec7c                ProgressRealToStr
 .text$ProgressToStr
                0x0040ed24       0x5c build/common_diag.o
                0x0040ed24                ProgressToStr
 .text$ProtocolFrameToStr
                0x0040ed80       0x1c build/protocol_diag.o
                0x0040ed80                ProtocolFrameToStr
 .text$ProtocolRxStateToStr
                0x0040ed9c       0x84 build/protocol_diag.o
                0x0040ed9c                ProtocolRxStateToStr
 .text$QWordToStr
                0x0040ee20       0x38 build/common_diag.o
                0x0040ee20                QWordToStr
 .text$QuadMix4fsConfigToStr
                0x0040ee58      0x164 build/quad_mix_4fs_diag.o
                0x0040ee58                QuadMix4fsConfigToStr
 .text$QuadMix4fsDiagConfig
                0x0040efbc       0x1c build/quad_mix_4fs_diag.o
                0x0040efbc                QuadMix4fsDiagConfig
 .text$QuadMix4fsGetConfig
                0x0040efd8       0x88 build/quad_mix_4fs.o
                0x0040efd8                QuadMix4fsGetConfig
 .text$QuadMix4fsGetNode
                0x0040f060       0x88 build/quad_mix_4fs.o
                0x0040f060                QuadMix4fsGetNode
 .text$QuadMix4fsNodeToStr
                0x0040f0e8      0x1c8 build/quad_mix_4fs_diag.o
                0x0040f0e8                QuadMix4fsNodeToStr
 .text$RegisterDiag
                0x0040f2b0       0x4c build/mcal_diag.o
                0x0040f2b0                RegisterDiag
 .text$ResToLogLevel
                0x0040f2fc       0x28 build/log.o
                0x0040f2fc                ResToLogLevel
 .text$ResToStr
                0x0040f324       0x1c build/common_diag.o
                0x0040f324                ResToStr
 .text$RfFreqToStr
                0x0040f340       0x5c build/common_diag.o
                0x0040f340                RfFreqToStr
 .text$SchedulerGetNode
                0x0040f39c       0x88 build/scheduler_mcal.o
                0x0040f39c                SchedulerGetNode
 .text$SchedulerNodeToStr
                0x0040f424       0xac build/scheduler_diag.o
                0x0040f424                SchedulerNodeToStr
 .text$SchedulerNunToTaskNode
                0x0040f4d0       0x54 build/scheduler_mcal.o
                0x0040f4d0                SchedulerNunToTaskNode
 .text$SchedulerTaskToStr
                0x0040f524       0xb8 build/scheduler_diag.o
                0x0040f524                SchedulerTaskToStr
 .text$SecToStr
                0x0040f5dc      0x158 build/time_diag.o
                0x0040f5dc                SecToStr
 .text$Sign2Str
                0x0040f734       0x40 build/convert_diag.o
                0x0040f734                Sign2Str
 .text$SlidingIntegralConfigToStr
                0x0040f774       0xf8 build/sliding_integral_diag.o
                0x0040f774                SlidingIntegralConfigToStr
 .text$SlidingIntegralDiagConfig
                0x0040f86c       0x4c build/sliding_integral_diag.o
                0x0040f86c                SlidingIntegralDiagConfig
 .text$SlidingIntegralGetConfig
                0x0040f8b8       0x78 build/sliding_integral.o
                0x0040f8b8                SlidingIntegralGetConfig
 .text$SlidingIntegralGetNode
                0x0040f930       0x88 build/sliding_integral.o
                0x0040f930                SlidingIntegralGetNode
 .text$SlidingIntegralNodeToStr
                0x0040f9b8      0x158 build/sliding_integral_diag.o
                0x0040f9b8                SlidingIntegralNodeToStr
 .text$StorageAccessToStr
                0x0040fb10       0x68 build/storage_diag.o
                0x0040fb10                StorageAccessToStr
 .text$StorageDataToValueStr
                0x0040fb78       0xcc build/storage_diag.o
                0x0040fb78                StorageDataToValueStr
 .text$StorageFrameHeaderToStr
                0x0040fc44      0x10c build/storage_diag.o
                0x0040fc44                StorageFrameHeaderToStr
 .text$StorageGetNode
                0x0040fd50       0x68 build/storage.o
                0x0040fd50                StorageGetNode
 .text$StorageIdToStr
                0x0040fdb8       0x6c build/storage_diag.o
                0x0040fdb8                StorageIdToStr
 .text$StorageIsValidParam
                0x0040fe24      0x1b8 build/storage.o
                0x0040fe24                StorageIsValidParam
 .text$StorageItemToStr
                0x0040ffdc      0x1f4 build/storage_diag.o
                0x0040ffdc                StorageItemToStr
 .text$StoragePhysicalQuantityToStr
                0x004101d0      0x174 build/storage_diag.o
                0x004101d0                StoragePhysicalQuantityToStr
 .text$StorageScaleToStr
                0x00410344       0xdc build/storage_diag.o
                0x00410344                StorageScaleToStr
 .text$StorageTypeToStr
                0x00410420       0xcc build/storage_diag.o
                0x00410420                StorageTypeToStr
 .text$StorageUnitsToStr
                0x004104ec      0x300 build/storage_diag.o
                0x004104ec                StorageUnitsToStr
 .text$StringReaderGetConfig
                0x004107ec       0x8c build/string_reader.o
                0x004107ec                StringReaderGetConfig
 .text$StringReaderGetNode
                0x00410878       0x7c build/string_reader.o
                0x00410878                StringReaderGetNode
 .text$StringReaderInterfaceToNode
                0x004108f4       0x78 build/string_reader.o
                0x004108f4                StringReaderInterfaceToNode
 .text$SuperCycleGetConfig
                0x0041096c       0x78 build/super_cycle.o
                0x0041096c                SuperCycleGetConfig
 .text$SuperCycleGetNode
                0x004109e4       0x74 build/super_cycle.o
                0x004109e4                SuperCycleGetNode
 .text$SuperCycleIsValidConfig
                0x00410a58       0x3c build/super_cycle.o
 .text$SymbolToStr
                0x00410a94       0x68 build/convert_diag.o
                0x00410a94                SymbolToStr
 .text$TaskNumToName
                0x00410afc       0x4c build/scheduler_diag.o
                0x00410afc                TaskNumToName
 .text$TestNodeToStr
                0x00410b48       0x7c build/unit_test_diag.o
                0x00410b48                TestNodeToStr
 .text$TestResToStr
                0x00410bc4       0x30 build/unit_test_diag.o
                0x00410bc4                TestResToStr
 .text$TimeDataToStr
                0x00410bf4       0x1c build/time_diag.o
                0x00410bf4                TimeDataToStr
 .text$TimeDate2CsvStr
                0x00410c10       0xa8 build/time_diag.o
                0x00410c10                TimeDate2CsvStr
 .text$TimeDateToStrExt
                0x00410cb8      0x180 build/time_diag.o
                0x00410cb8                TimeDateToStrExt
 .text$TimeDateToStrShort
                0x00410e38       0x50 build/time_diag.o
                0x00410e38                TimeDateToStrShort
 .text$TimeGetConfig
                0x00410e88       0x80 build/time_mcal.o
                0x00410e88                TimeGetConfig
 .text$TimeGetNode
                0x00410f08       0x74 build/time_mcal.o
                0x00410f08                TimeGetNode
 .text$TimeMonthToStr
                0x00410f7c       0xc8 build/time_diag.o
                0x00410f7c                TimeMonthToStr
 .text$TimeMsToStr
                0x00411044       0x38 build/time_diag.o
                0x00411044                TimeMsToStr
 .text$TimeSrcToStr
                0x0041107c       0xb4 build/time_diag.o
                0x0041107c                TimeSrcToStr
 .text$TimeToStr
                0x00411130       0x74 build/time_diag.o
                0x00411130                TimeToStr
 .text$TimeToStrShort
                0x004111a4       0x40 build/time_diag.o
                0x004111a4                TimeToStrShort
 .text$TimerArtetyToStr
                0x004111e4       0x44 build/timer_calc_diag.o
                0x004111e4                TimerArtetyToStr
 .text$U16DecToStr
                0x00411228       0x44 build/common_diag.o
                0x00411228                U16DecToStr
 .text$U16ToStr
                0x0041126c       0x44 build/common_diag.o
                0x0041126c                U16ToStr
 .text$U32DecToStr
                0x004112b0       0x40 build/common_diag.o
                0x004112b0                U32DecToStr
 .text$U32ToStr
                0x004112f0       0x40 build/common_diag.o
                0x004112f0                U32ToStr
 .text$U8DecToStr
                0x00411330       0x44 build/common_diag.o
                0x00411330                U8DecToStr
 .text$U8ToStr  0x00411374       0x44 build/common_diag.o
                0x00411374                U8ToStr
 .text$UnitsToPhysicalQuantityInfo
                0x004113b8       0x60 build/sensitivity.o
                0x004113b8                UnitsToPhysicalQuantityInfo
 .text$UnitsToStr
                0x00411418       0x60 build/sensitivity_diag.o
                0x00411418                UnitsToStr
 .text$UnsignedBigEndianToStr
                0x00411478      0x160 build/common_diag.o
                0x00411478                UnsignedBigEndianToStr
 .text$UpTimeMsToStr
                0x004115d8      0x218 build/time_diag.o
                0x004115d8                UpTimeMsToStr
 .text$UpTimeSecToStr
                0x004117f0       0x78 build/time_diag.o
                0x004117f0                UpTimeSecToStr
 .text$UsecToStr
                0x00411868      0x1c4 build/time_diag.o
                0x00411868                UsecToStr
 .text$VectorFtoStr
                0x00411a2c       0xac build/vector_diag.o
                0x00411a2c                VectorFtoStr
 .text$VectorToStr
                0x00411ad8       0xac build/vector_diag.o
                0x00411ad8                VectorToStr
 .text$WriterGetConfig
                0x00411b84       0x74 build/writer.o
                0x00411b84                WriterGetConfig
 .text$WriterGetNode
                0x00411bf8       0x7c build/writer.o
                0x00411bf8                WriterGetNode
 .text$WriterGetNodeByInterface
                0x00411c74       0x78 build/writer.o
                0x00411c74                WriterGetNodeByInterface
 .text$WriterIsValidConfig
                0x00411cec       0x70 build/writer.o
 .text$YesNoToStr
                0x00411d5c       0x44 build/common_diag.o
                0x00411d5c                YesNoToStr
 .text$__strcasecmp
                0x00411da0       0x78 build/str_utils.o
                0x00411da0                __strcasecmp
 .text$a2d      0x00411e18       0x28 build/oprintf.o
 .text$a2i      0x00411e40       0x80 build/oprintf.o
 .text$add_to_failed
                0x00411ec0       0x2c build/unit_test.o
 .text$adjust_bits_u8
                0x00411eec      0x114 build/bit_utils.o
                0x00411eec                adjust_bits_u8
 .text$analog_capasity_serial_connection_calc_command
                0x00412000       0xb8 build/analog_filter_commands.o
                0x00412000                analog_capasity_serial_connection_calc_command
 .text$analog_filter_cap_calc
                0x004120b8      0x198 build/analog_filter.o
                0x004120b8                analog_filter_cap_calc
 .text$analog_filter_cap_calc_command
                0x00412250       0xe8 build/analog_filter_commands.o
                0x00412250                analog_filter_cap_calc_command
 .text$analog_filter_lc_calc_command
                0x00412338       0xe8 build/analog_filter_commands.o
                0x00412338                analog_filter_lc_calc_command
 .text$analog_filter_rc_f_cut_calc_command
                0x00412420       0xf4 build/analog_filter_commands.o
                0x00412420                analog_filter_rc_f_cut_calc_command
 .text$arr_i8_sum_vals
                0x00412514       0x44 build/array.o
                0x00412514                arr_i8_sum_vals
 .text$arr_sum  0x00412558       0x38 build/array.o
                0x00412558                arr_sum
 .text$arr_sum_double
                0x00412590       0x48 build/array.o
                0x00412590                arr_sum_double
 .text$arr_sum_i8
                0x004125d8       0x60 build/array.o
                0x004125d8                arr_sum_i8
 .text$array2str
                0x00412638       0xfc build/num_to_str.o
                0x00412638                array2str
 .text$array_add_front
                0x00412734       0x74 build/array.o
                0x00412734                array_add_front
 .text$array_bit_array_to_hex
                0x004127a8      0x1cc build/array.o
                0x004127a8                array_bit_array_to_hex
 .text$array_cmp
                0x00412974       0x6c build/array.o
                0x00412974                array_cmp
 .text$array_double_i16_print
                0x004129e0      0x234 build/array_diag.o
                0x004129e0                array_double_i16_print
 .text$array_double_max_index
                0x00412c14       0x70 build/array.o
                0x00412c14                array_double_max_index
 .text$array_float_print
                0x00412c84       0x84 build/array_diag.o
                0x00412c84                array_float_print
 .text$array_i16_decimation_2
                0x00412d08       0xa4 build/array.o
                0x00412d08                array_i16_decimation_2
 .text$array_i16_print
                0x00412dac      0x200 build/array_diag.o
                0x00412dac                array_i16_print
 .text$array_i32_print
                0x00412fac      0x200 build/array_diag.o
                0x00412fac                array_i32_print
 .text$array_i32_print_v2
                0x004131ac       0xc0 build/array_diag.o
                0x004131ac                array_i32_print_v2
 .text$array_i8_mult
                0x0041326c       0x7c build/array.o
                0x0041326c                array_i8_mult
 .text$array_i8_mult_sum
                0x004132e8       0x70 build/array.o
                0x004132e8                array_i8_mult_sum
 .text$array_i8_print
                0x00413358       0x5c build/array_diag.o
                0x00413358                array_i8_print
 .text$array_i8_print_dec
                0x004133b4       0x5c build/array_diag.o
                0x004133b4                array_i8_print_dec
 .text$array_incr
                0x00413410       0x58 build/array.o
                0x00413410                array_incr
 .text$array_incr_u32
                0x00413468       0x54 build/array.o
                0x00413468                array_incr_u32
 .text$array_index_next
                0x004134bc       0x3c build/array.o
                0x004134bc                array_index_next
 .text$array_index_prev
                0x004134f8       0x3c build/array.o
                0x004134f8                array_index_prev
 .text$array_is_equal
                0x00413534       0x58 build/array.o
                0x00413534                array_is_equal
 .text$array_is_equal_ext
                0x0041358c      0x100 build/array.o
                0x0041358c                array_is_equal_ext
 .text$array_is_exist
                0x0041368c       0x50 build/array.o
                0x0041368c                array_is_exist
 .text$array_is_same
                0x004136dc       0x58 build/array.o
                0x004136dc                array_is_same
 .text$array_max_cont
                0x00413734       0xd4 build/array.o
                0x00413734                array_max_cont
 .text$array_max_double
                0x00413808       0xac build/array.o
                0x00413808                array_max_double
 .text$array_pat_set
                0x004138b4       0x50 build/array.o
                0x004138b4                array_pat_set
 .text$array_print_bin
                0x00413904       0x64 build/array_diag.o
                0x00413904                array_print_bin
 .text$array_print_command
                0x00413968       0x10 build/array_commands.o
                0x00413968                array_print_command
 .text$array_print_hex
                0x00413978       0x80 build/array_diag.o
                0x00413978                array_print_hex
 .text$array_print_mem
                0x004139f8      0x180 build/array_diag.o
                0x004139f8                array_print_mem
 .text$array_rand
                0x00413b78       0x88 build/array.o
                0x00413b78                array_rand
 .text$array_reverse_bytes
                0x00413c00       0x80 build/array.o
                0x00413c00                array_reverse_bytes
 .text$array_reverse_float
                0x00413c80       0x90 build/array.o
                0x00413c80                array_reverse_float
 .text$array_s16_add_front
                0x00413d10       0x50 build/array.o
                0x00413d10                array_s16_add_front
 .text$array_s16_add_front_zeros
                0x00413d60       0x94 build/array.o
                0x00413d60                array_s16_add_front_zeros
 .text$array_s16_shift_right
                0x00413df4      0x108 build/array.o
                0x00413df4                array_s16_shift_right
 .text$array_s32_add_front_zeros
                0x00413efc       0xa8 build/array.o
                0x00413efc                array_s32_add_front_zeros
 .text$array_s8_add_front_zeros
                0x00413fa4       0x84 build/array.o
                0x00413fa4                array_s8_add_front_zeros
 .text$array_separator
                0x00414028       0x24 build/array_diag.o
 .text$array_shift_right
                0x0041404c      0x11c build/array.o
                0x0041404c                array_shift_right
 .text$array_u16_item_reverse_bytes
                0x00414168       0x70 build/array.o
                0x00414168                array_u16_item_reverse_bytes
 .text$array_u16_print
                0x004141d8       0x60 build/array_diag.o
                0x004141d8                array_u16_print
 .text$array_u16_print_bin
                0x00414238       0x68 build/array_diag.o
                0x00414238                array_u16_print_bin
 .text$array_u32_item_reverse_bytes
                0x004142a0       0x74 build/array.o
                0x004142a0                array_u32_item_reverse_bytes
 .text$array_u32_max_cont
                0x00414314       0x8c build/array.o
                0x00414314                array_u32_max_cont
 .text$array_u32_print
                0x004143a0       0x98 build/array_diag.o
                0x004143a0                array_u32_print
 .text$array_u8_del_index
                0x00414438       0xb0 build/array.o
                0x00414438                array_u8_del_index
 .text$array_u8_del_indices
                0x004144e8      0x124 build/array.o
                0x004144e8                array_u8_del_indices
 .text$array_u8_insert_first
                0x0041460c       0x74 build/array.o
                0x0041460c                array_u8_insert_first
 .text$array_u8_print
                0x00414680       0x5c build/array_diag.o
                0x00414680                array_u8_print
 .text$array_u8_print_binary
                0x004146dc       0xe0 build/array_diag.o
                0x004146dc                array_u8_print_binary
 .text$array_u8_print_dec
                0x004147bc       0x5c build/array_diag.o
                0x004147bc                array_u8_print_dec
 .text$array_u8_rand
                0x00414818       0x78 build/array.o
                0x00414818                array_u8_rand
 .text$array_u8_shift_left
                0x00414890       0xe0 build/array.o
                0x00414890                array_u8_shift_left
 .text$array_u8_sort
                0x00414970       0x44 build/array.o
                0x00414970                array_u8_sort
 .text$array_u8_xor
                0x004149b4       0x60 build/array.o
                0x004149b4                array_u8_xor
 .text$assemble_uint32
                0x00414a14       0x64 build/convert.o
                0x00414a14                assemble_uint32
 .text$auto_exit_diag
                0x00414a78       0x10 build/auto_exit_diag.o
                0x00414a78                auto_exit_diag
 .text$auto_exit_get_cnt
                0x00414a88       0x1c build/auto_exit_config.o
                0x00414a88                auto_exit_get_cnt
 .text$auto_exit_init_common
                0x00414aa4       0x44 build/auto_exit.o
                0x00414aa4                auto_exit_init_common
 .text$auto_exit_init_custom
                0x00414ae8       0x2c build/auto_exit.o
                0x00414ae8                auto_exit_init_custom
 .text$auto_exit_init_one
                0x00414b14      0x128 build/auto_exit.o
                0x00414b14                auto_exit_init_one
 .text$auto_exit_mcal_init
                0x00414c3c       0x70 build/auto_exit.o
                0x00414c3c                auto_exit_mcal_init
 .text$auto_exit_postone
                0x00414cac       0x38 build/auto_exit.o
                0x00414cac                auto_exit_postone
 .text$auto_exit_proc
                0x00414ce4       0x74 build/auto_exit.o
                0x00414ce4                auto_exit_proc
 .text$auto_exit_proc_one
                0x00414d58       0xf4 build/auto_exit.o
                0x00414d58                auto_exit_proc_one
 .text$base16_char_to_val
                0x00414e4c       0x50 build/base16.o
                0x00414e4c                base16_char_to_val
 .text$base16_decode
                0x00414e9c       0x8c build/base16.o
                0x00414e9c                base16_decode
 .text$base16_encode
                0x00414f28       0x9c build/base16.o
                0x00414f28                base16_encode
 .text$base16_is_allowed_char
                0x00414fc4       0x74 build/base16.o
                0x00414fc4                base16_is_allowed_char
 .text$bit32_control_proc
                0x00415038       0xa0 build/bit_utils.o
                0x00415038                bit32_control_proc
 .text$bit_ctrl
                0x004150d8       0x5c build/bit_utils.o
                0x004150d8                bit_ctrl
 .text$bit_diff
                0x00415134      0x180 build/bit_diag.o
                0x00415134                bit_diff
 .text$bit_diff_command
                0x004152b4       0xdc build/bit_commands.o
                0x004152b4                bit_diff_command
 .text$bit_get_u8
                0x00415390       0x38 build/bit_utils.o
                0x00415390                bit_get_u8
 .text$bit_not  0x004153c8       0x1c build/bit_utils.o
                0x004153c8                bit_not
 .text$bit_summ16
                0x004153e4       0x48 build/bit_utils.o
                0x004153e4                bit_summ16
 .text$board_check
                0x0041542c       0x10 build/board_monitor.o
                0x0041542c                board_check
 .text$board_init
                0x0041543c       0x24 build/board_config.o
                0x0041543c                board_init
 .text$bool2name
                0x00415460       0x38 build/num_to_str.o
                0x00415460                bool2name
 .text$bool2test_status
                0x00415498       0x38 build/num_to_str.o
                0x00415498                bool2test_status
 .text$bpsk_4fs_decode
                0x004154d0       0x58 build/bpsk_4fs_mcal.o
                0x004154d0                bpsk_4fs_decode
 .text$bpsk_4fs_decode_decimator
                0x00415528      0x150 build/bpsk_4fs_mcal.o
 .text$bpsk_4fs_decode_ll
                0x00415678      0x120 build/bpsk_4fs_mcal.o
 .text$bpsk_4fs_decode_sample_ll
                0x00415798      0x128 build/bpsk_4fs_mcal.o
 .text$bpsk_4fs_diag_command
                0x004158c0       0x10 build/bpsk_4fs_commands.o
                0x004158c0                bpsk_4fs_diag_command
 .text$bpsk_4fs_encode
                0x004158d0       0x5c build/bpsk_4fs_mcal.o
                0x004158d0                bpsk_4fs_encode
 .text$bpsk_4fs_encode_chirp
                0x0041592c      0x10c build/bpsk_4fs_mcal.o
 .text$bpsk_4fs_encode_ll
                0x00415a38      0x130 build/bpsk_4fs_mcal.o
 .text$bpsk_4fs_get_cnt
                0x00415b68       0x3c build/bpsk_4fs_config.o
                0x00415b68                bpsk_4fs_get_cnt
 .text$bpsk_4fs_init_common
                0x00415ba4       0xa8 build/bpsk_4fs_mcal.o
 .text$bpsk_4fs_init_custom
                0x00415c4c       0x10 build/bpsk_4fs_mcal.o
 .text$bpsk_4fs_init_decoder_common
                0x00415c5c       0x54 build/bpsk_4fs_mcal.o
 .text$bpsk_4fs_init_filter_common
                0x00415cb0       0x50 build/bpsk_4fs_mcal.o
 .text$bpsk_4fs_init_one
                0x00415d00       0xcc build/bpsk_4fs_mcal.o
                0x00415d00                bpsk_4fs_init_one
 .text$bpsk_4fs_init_phy_common
                0x00415dcc       0x44 build/bpsk_4fs_mcal.o
 .text$bpsk_4fs_mcal_init
                0x00415e10       0x70 build/bpsk_4fs_mcal.o
                0x00415e10                bpsk_4fs_mcal_init
 .text$bpsk_4fs_phase_error_calc_ll
                0x00415e80       0x10 build/bpsk_4fs_mcal.o
                0x00415e80                bpsk_4fs_phase_error_calc_ll
 .text$bpsk_4fs_print_samples
                0x00415e90      0x180 build/bpsk_4fs_diag.o
                0x00415e90                bpsk_4fs_print_samples
 .text$bpsk_4fs_proc
                0x00416010       0x74 build/bpsk_4fs_mcal.o
                0x00416010                bpsk_4fs_proc
 .text$bpsk_4fs_proc_one
                0x00416084       0x5c build/bpsk_4fs_mcal.o
                0x00416084                bpsk_4fs_proc_one
 .text$bpsk_4fs_reinit_node
                0x004160e0      0x1d4 build/bpsk_4fs_mcal.o
                0x004160e0                bpsk_4fs_reinit_node
 .text$cacl_intersection_point
                0x004162b4      0x1a4 build/vector_math.o
                0x004162b4                cacl_intersection_point
 .text$calc_angle_between_3d_f_vectors_rad
                0x00416458      0x130 build/vector_math.o
                0x00416458                calc_angle_between_3d_f_vectors_rad
 .text$calc_angle_between_complex_deg
                0x00416588       0x44 build/vector_math.o
                0x00416588                calc_angle_between_complex_deg
 .text$calc_angle_between_complex_rad
                0x004165cc       0xf0 build/vector_math.o
                0x004165cc                calc_angle_between_complex_rad
 .text$calc_angle_between_vectors_atan_deg
                0x004166bc       0x44 build/vector_math.o
                0x004166bc                calc_angle_between_vectors_atan_deg
 .text$calc_angle_between_vectors_atan_rad
                0x00416700      0x13c build/vector_math.o
                0x00416700                calc_angle_between_vectors_atan_rad
 .text$calc_angle_between_vectors_deg
                0x0041683c       0x68 build/vector_math.o
                0x0041683c                calc_angle_between_vectors_deg
 .text$calc_angle_between_vectors_naiv_deg
                0x004168a4       0x44 build/vector_math.o
                0x004168a4                calc_angle_between_vectors_naiv_deg
 .text$calc_angle_between_vectors_naiv_rad
                0x004168e8      0x19c build/vector_math.o
                0x004168e8                calc_angle_between_vectors_naiv_rad
 .text$calc_angle_between_vectors_rad
                0x00416a84      0x324 build/vector_math.o
                0x00416a84                calc_angle_between_vectors_rad
 .text$calc_bitness
                0x00416da8       0x68 build/bit_utils.o
                0x00416da8                calc_bitness
 .text$calc_bitness_u64
                0x00416e10       0x74 build/bit_utils.o
                0x00416e10                calc_bitness_u64
 .text$calc_carrier_phase_err_rad
                0x00416e84       0x88 build/quad_mix_4fs.o
                0x00416e84                calc_carrier_phase_err_rad
 .text$calc_chirp_sample
                0x00416f0c      0x100 build/utils_math.o
                0x00416f0c                calc_chirp_sample
 .text$calc_crc16_ccitt_false
                0x0041700c       0x64 build/crc16_ccitt.o
                0x0041700c                calc_crc16_ccitt_false
 .text$calc_crc16_ccitt_false_stream
                0x00417070       0x88 build/crc16_ccitt.o
                0x00417070                calc_crc16_ccitt_false_stream
 .text$calc_days_in_year
                0x004170f8        0xc build/time_mcal.o
                0x004170f8                calc_days_in_year
 .text$calc_determinant_2x2
                0x00417104       0x48 build/vector_math.o
 .text$calc_dtmf_sample
                0x0041714c       0xe0 build/utils_math.o
                0x0041714c                calc_dtmf_sample
 .text$calc_fence_sample
                0x0041722c       0xa0 build/utils_math.o
                0x0041722c                calc_fence_sample
 .text$calc_fll_discriminator_deg
                0x004172cc       0x44 build/vector_math.o
                0x004172cc                calc_fll_discriminator_deg
 .text$calc_fll_discriminator_rad
                0x00417310       0xec build/vector_math.o
                0x00417310                calc_fll_discriminator_rad
 .text$calc_frequency_response_one_ll
                0x004173fc      0x10c build/fir.o
 .text$calc_percent_s
                0x00417508       0x68 build/utils_math.o
                0x00417508                calc_percent_s
 .text$calc_percent_uu
                0x00417570       0x40 build/utils_math.o
                0x00417570                calc_percent_uu
 .text$calc_prescaler
                0x004175b0       0xbc build/clock_general.o
                0x004175b0                calc_prescaler
 .text$calc_pwm_sample
                0x0041766c       0xe4 build/utils_math.o
                0x0041766c                calc_pwm_sample
 .text$calc_pwm_sample_num
                0x00417750       0xc8 build/utils_math.o
                0x00417750                calc_pwm_sample_num
 .text$calc_saw_sample
                0x00417818       0x8c build/utils_math.o
                0x00417818                calc_saw_sample
 .text$calc_sin_sample
                0x004178a4      0x160 build/utils_math.o
                0x004178a4                calc_sin_sample
 .text$calc_total_day_cnt
                0x00417a04        0xc build/time_mcal.o
                0x00417a04                calc_total_day_cnt
 .text$capasity_serial_connection_calc
                0x00417a10       0x68 build/analog_filter.o
                0x00417a10                capasity_serial_connection_calc
 .text$ceil4byte
                0x00417a78       0x24 build/data_utils.o
                0x00417a78                ceil4byte
 .text$char_to_u8
                0x00417a9c       0x3c build/convert.o
                0x00417a9c                char_to_u8
 .text$check_continuity
                0x00417ad8       0x64 build/utils_math.o
                0x00417ad8                check_continuity
 .text$check_main
                0x00417b3c       0x10 build/debug_info.o
                0x00417b3c                check_main
 .text$circular_buffer_dword_clean
                0x00417b4c       0x64 build/circular_buffer_dword.o
                0x00417b4c                circular_buffer_dword_clean